

SYSTEM_START	-	DESKTOP-1M9IOVA	DESKTOP-1M9IOVA	2024-01-13 18:43:36


SYSTEM_INFO	CarMaker 12.0.1 - Car_Generic #5	jetbrains@66e0c34c4bd1 2023-05-24 12:39:25	(12.0.1 jetbrains@66e0c34c4bd1 2023-05-24 12:29:03)
SIM	1705189416	DESKTOP-1M9IOVA	MFE-HPC	unknown	0	298.936	1948.08


SYSTEM_START	-	DESKTOP-1M9IOVA	DESKTOP-1M9IOVA	2024-01-13 18:46:10


SYSTEM_INFO	CarMaker 12.0.1 - Car_Generic #5	jetbrains@66e0c34c4bd1 2023-05-24 12:39:25	(12.0.1 jetbrains@66e0c34c4bd1 2023-05-24 12:29:03)
SIM	1705189570	DESKTOP-1M9IOVA	MFE-HPC	unknown	0	9.012	58.6446


SYSTEM_START	-	DESKTOP-1M9IOVA	DESKTOP-1M9IOVA	2024-01-13 18:47:11


SYSTEM_INFO	CarMaker 12.0.1 - Car_Generic #5	jetbrains@66e0c34c4bd1 2023-05-24 12:39:25	(12.0.1 jetbrains@66e0c34c4bd1 2023-05-24 12:29:03)
SIM	1705189631	DESKTOP-1M9IOVA	MFE-HPC	unknown	3	0	0


SYSTEM_START	-	DESKTOP-1M9IOVA	DESKTOP-1M9IOVA	2024-01-13 18:47:21


SYSTEM_INFO	CarMaker 12.0.1 - Car_Generic #5	jetbrains@66e0c34c4bd1 2023-05-24 12:39:25	(12.0.1 jetbrains@66e0c34c4bd1 2023-05-24 12:29:03)
SIM	1705189641	DESKTOP-1M9IOVA	MFE-HPC	unknown	0	3900.61	25138.2


SYSTEM_START	-	DESKTOP-1M9IOVA	DESKTOP-1M9IOVA	2024-01-28 12:56:05


SYSTEM_INFO	CarMaker 12.0.1 - Car_Generic #3	jetbrains@66e0c34c4bd1 2023-05-24 12:39:09	(12.0.1 jetbrains@66e0c34c4bd1 2023-05-24 12:29:03)
SIM	1706464566	DESKTOP-1M9IOVA			0	0	0
SIM	1706464569	DESKTOP-1M9IOVA	MFE-HPC	unknown	2	0	0
SIM	1706464593	DESKTOP-1M9IOVA	MFE-HPC	unknown	2	0	0
SIM	1706464627	DESKTOP-1M9IOVA	MFE-HPC	unknown	2	0	0
SIM	1706464696	DESKTOP-1M9IOVA	MFE-HPC	unknown	2	0	0
SIM	1706464723	DESKTOP-1M9IOVA	MFE-HPC	unknown	1	0	0
SIM	1706464766	DESKTOP-1M9IOVA	MFE-HPC	unknown	1	0	0
SIM	1706464803	DESKTOP-1M9IOVA	MFE-HPC	unknown	1	30.066	328.435
SIM	1706464860	DESKTOP-1M9IOVA	MFE-HPC	unknown	1	0	328.435
SIM	1706464878	DESKTOP-1M9IOVA	MFE-HPC	unknown	1	30.066	328.435
SIM	1706464920	DESKTOP-1M9IOVA	MFE-HPC	unknown	1	30.066	328.435
SIM	1706465439	DESKTOP-1M9IOVA	MFE-HPC	unknown	1	30.305	329.429
SIM	1706465609	DESKTOP-1M9IOVA	MFE-HPC	unknown	0	12.16	150.877
SIM	1706465640	DESKTOP-1M9IOVA	MFE-HPC	unknown	0	17.211	212.769
SIM	1706465706	DESKTOP-1M9IOVA	MFE-HPC	unknown	1	44.167	438.618
SIM	1706465868	DESKTOP-1M9IOVA	MFE-HPC	unknown	0	42.269	1080.93
SIM	1706466508	DESKTOP-1M9IOVA	MFE-HPC	unknown	0	40.88	1044.12
SIM	1706466568	DESKTOP-1M9IOVA	MFE-HPC	unknown	0	92.29	2472.17
SIM	1706466668	DESKTOP-1M9IOVA	MFE-HPC	unknown	0	14.683	316.396
SIM	1706466775	DESKTOP-1M9IOVA	MFE-HPC	unknown	0	14.391	319.846
SIM	1706467306	DESKTOP-1M9IOVA	MFE-HPC	unknown	0	9.584	0.0538749
SIM	1706467338	DESKTOP-1M9IOVA	MFE-HPC	unknown	0	9.466	0.0532065
SIM	1706467402	DESKTOP-1M9IOVA	MFE-HPC	unknown	1	67.233	1280.22
SIM	1706467483	DESKTOP-1M9IOVA	MFE-HPC	unknown	1	53.727	412.418
SIM	1706467618	DESKTOP-1M9IOVA	MFE-HPC	unknown	1	0	412.418
SIM	1706467654	DESKTOP-1M9IOVA	MFE-HPC	unknown	0	17.237	227.567
SIM	1706467694	DESKTOP-1M9IOVA	MFE-HPC	unknown	1	27.149	328.409
SIM	1706467740	DESKTOP-1M9IOVA	MFE-HPC	unknown	0	133.415	300.791
SIM	1706467877	DESKTOP-1M9IOVA	MFE-HPC	unknown	1	34.777	491.181
SIM	1706467933	DESKTOP-1M9IOVA	MFE-HPC	unknown	0	38.84	150.089
SIM	1706467975	DESKTOP-1M9IOVA	MFE-HPC	unknown	0	13.6	64.7929
SIM	1706468080	DESKTOP-1M9IOVA	MFE-HPC	unknown	1	0	64.7929
SIM	1706468093	DESKTOP-1M9IOVA	MFE-HPC	unknown	1	36.343	256.817
SIM	1706468136	DESKTOP-1M9IOVA	MFE-HPC	unknown	0	295.423	1826.51
SIM	1706468435	DESKTOP-1M9IOVA	MFE-HPC	unknown	0	110.759	758.316
SIM	1706468550	DESKTOP-1M9IOVA	MFE-HPC	unknown	1	0	758.316
SIM	1706468561	DESKTOP-1M9IOVA	MFE-HPC	unknown	1	29.376	232.354


SYSTEM_START	-	DESKTOP-1M9IOVA	DESKTOP-1M9IOVA	2024-02-04 13:59:45


SYSTEM_INFO	CarMaker 12.0.1 - Car_Generic #3	jetbrains@66e0c34c4bd1 2023-05-24 12:39:09	(12.0.1 jetbrains@66e0c34c4bd1 2023-05-24 12:29:03)
SIM	1707073185	DESKTOP-1M9IOVA			0	0	0
SIM	1707073187	DESKTOP-1M9IOVA	MFE-HPC	unknown	1	0	0
SIM	1707073273	DESKTOP-1M9IOVA	MFE-HPC	unknown	0	17.327	208.593
SIM	1707073307	DESKTOP-1M9IOVA	MFE-HPC	unknown	0	39.877	1032.44
SIM	1707073416	DESKTOP-1M9IOVA	MFE-HPC	unknown	0	24.972	618.335
SIM	1707073852	DESKTOP-1M9IOVA	MFE-HPC	unknown	0	5.883	164.473
SIM	1707073871	DESKTOP-1M9IOVA	MFE-HPC	unknown	0	0.927	1.84726
SIM	1707073891	DESKTOP-1M9IOVA	MFE-HPC	unknown	0	5.722	157.523
SIM	1707074073	DESKTOP-1M9IOVA	MFE-HPC	unknown	0	25.597	1028.89
SIM	1707074157	DESKTOP-1M9IOVA	MFE-HPC	unknown	0	17.084	568.853
SIM	1707074197	DESKTOP-1M9IOVA	MFE-HPC	unknown	0	160.293	5995.76
SIM	1707074362	DESKTOP-1M9IOVA	MFE-HPC	unknown	0	22.826	790.126
SIM	1707074392	DESKTOP-1M9IOVA	MFE-HPC	unknown	0	49.891	1820.79
SIM	1707074447	DESKTOP-1M9IOVA	MFE-HPC	unknown	0	198.954	7497.51
