APPLICATION	CarMaker 12.0.1 - Car_Generic #5 (win64-12.0.1)
COMPILED	jetbrains@66e0c34c4bd1 2023-05-24 12:39:25
 
		I/O Configuration: default
SIM_START	unknown	2024-06-08 03:18:01
TIME	0.000
SIMULATE	unknown

TIME	13.423
ERROR		Vehicle leaves road at about x=49.6857, y=-7.60874 TireNo=0
SIM_ABORT	unknown	13.426s	49.8175m
APPLICATION	CarMaker 12.0.1 - Car_Generic #5 (win64-12.0.1)
COMPILED	jetbrains@66e0c34c4bd1 2023-05-24 12:39:25
 
		I/O Configuration: default
SIM_START	unknown	2024-06-08 03:25:20
TIME	0.000
SIMULATE	unknown

TIME	22.036
SIM_END		unknown	22.033s	440.964m
APPLICATION	CarMaker 12.0.1 - Car_Generic #5 (win64-12.0.1)
COMPILED	jetbrains@66e0c34c4bd1 2023-05-24 12:39:25
 
		I/O Configuration: default
SIM_START	unknown	2024-06-08 03:32:19
TIME	0.000
SIMULATE	unknown

TIME	9.108
SIM_END		unknown	9.105s	150.101m
APPLICATION	CarMaker 12.0.1 - Car_Generic #5 (win64-12.0.1)
COMPILED	jetbrains@66e0c34c4bd1 2023-05-24 12:39:25
 
		I/O Configuration: default
SIM_START	unknown	2024-06-08 03:32:37
TIME	0.000
SIMULATE	unknown

TIME	14.468
SIM_END		unknown	14.465s	4.73631e-05m
APPLICATION	CarMaker 12.0.1 - Car_Generic #5 (win64-12.0.1)
COMPILED	jetbrains@66e0c34c4bd1 2023-05-24 12:39:25
 
		I/O Configuration: default
SIM_START	unknown	2024-06-08 03:33:00
TIME	0.000
SIMULATE	unknown

TIME	27.272
SIM_END		unknown	27.269s	641.289m
APPLICATION	CarMaker 12.0.1 - Car_Generic #5 (win64-12.0.1)
COMPILED	jetbrains@66e0c34c4bd1 2023-05-24 12:39:25
 
		I/O Configuration: default
SIM_START	unknown	2024-06-08 03:34:25
TIME	0.000
SIMULATE	unknown

TIME	12.147
ERROR		Vehicle leaves road at about x=276.912, y=2.60224 TireNo=0
SIM_ABORT	unknown	12.15s	275.433m
APPLICATION	CarMaker 12.0.1 - Car_Generic #5 (win64-12.0.1)
COMPILED	jetbrains@66e0c34c4bd1 2023-05-24 12:39:25
 
		I/O Configuration: default
SIM_START	unknown	2024-06-08 03:35:06
TIME	0.000
SIMULATE	unknown

TIME	14.008
SIM_END		unknown	14.005s	374.834m
APPLICATION	CarMaker 12.0.1 - Car_Generic #5 (win64-12.0.1)
COMPILED	jetbrains@66e0c34c4bd1 2023-05-24 12:39:25
 
		I/O Configuration: default
SIM_START	unknown	2024-06-08 03:37:40
TIME	0.000
SIMULATE	unknown

TIME	17.843
SIM_END		unknown	17.84s	189.24m
APPLICATION	CarMaker 12.0.1 - Car_Generic #5 (win64-12.0.1)
COMPILED	jetbrains@66e0c34c4bd1 2023-05-24 12:39:25
 
		I/O Configuration: default
SIM_START	unknown	2024-06-08 03:38:13
TIME	0.000
SIMULATE	unknown

TIME	13.186
SIM_END		unknown	13.183s	6.656e-05m
APPLICATION	CarMaker 12.0.1 - Car_Generic #5 (win64-12.0.1)
COMPILED	jetbrains@66e0c34c4bd1 2023-05-24 12:39:25
 
		I/O Configuration: default
SIM_START	unknown	2024-06-08 03:38:35
TIME	0.000
SIMULATE	unknown

TIME	13.733
SIM_END		unknown	13.73s	289.904m
APPLICATION	CarMaker 12.0.1 - Car_Generic #5 (win64-12.0.1)
COMPILED	jetbrains@66e0c34c4bd1 2023-05-24 12:39:25
 
		I/O Configuration: default
SIM_START	unknown	2024-06-08 03:39:14
TIME	0.000
SIMULATE	unknown

TIME	13.034
SIM_END		unknown	13.031s	260.794m
APPLICATION	CarMaker 12.0.1 - Car_Generic #5 (win64-12.0.1)
COMPILED	jetbrains@66e0c34c4bd1 2023-05-24 12:39:25
 
		I/O Configuration: default
SIM_START	unknown	2024-06-08 03:39:36
TIME	0.000
SIMULATE	unknown

TIME	6.547
SIM_END		unknown	6.544s	100.484m
APPLICATION	CarMaker 12.0.1 - Car_Generic #5 (win64-12.0.1)
COMPILED	jetbrains@66e0c34c4bd1 2023-05-24 12:39:25
 
		I/O Configuration: default
SIM_START	unknown	2024-06-08 03:39:51
TIME	0.000
SIMULATE	unknown

TIME	14.903
ERROR		Vehicle leaves road at about x=336.886, y=2.60116 TireNo=0
SIM_ABORT	unknown	14.906s	335.238m
