APPLICATION	CarMaker 12.0.1 - Car_Generic #5 (win64-12.0.1)
COMPILED	jetbrains@66e0c34c4bd1 2023-05-24 12:39:25
 
		I/O Configuration: default
SIM_START	unknown	2024-01-13 18:43:36
TIME	0.000
SIMULATE	unknown

TIME	298.939
SIM_END		unknown	298.936s	1948.08m
APPLICATION	CarMaker 12.0.1 - Car_Generic #5 (win64-12.0.1)
COMPILED	jetbrains@66e0c34c4bd1 2023-05-24 12:39:25
 
		I/O Configuration: default
SIM_START	unknown	2024-01-13 18:46:10
TIME	0.000
SIMULATE	unknown

TIME	9.015
SIM_END		unknown	9.012s	58.6446m
APPLICATION	CarMaker 12.0.1 - Car_Generic #5 (win64-12.0.1)
COMPILED	jetbrains@66e0c34c4bd1 2023-05-24 12:39:25
 
		I/O Configuration: default
SIM_START	unknown	2024-01-13 18:47:11
TIME	0.001
ERROR		Tire 0 'MF52': Wrong fit type (got 62, expected 6)
ERROR		Tire 0 'MF52': Error when trying to read infofile
ERROR		CM_Main.c: Initialization failed (CM_Main_Begin()=-3)
SIM_ABORT	unknown	0s	0m
APPLICATION	CarMaker 12.0.1 - Car_Generic #5 (win64-12.0.1)
COMPILED	jetbrains@66e0c34c4bd1 2023-05-24 12:39:25
 
		I/O Configuration: default
SIM_START	unknown	2024-01-13 18:47:21
TIME	0.000
SIMULATE	unknown

TIME	3900.616
SIM_END		unknown	3900.61s	25138.2m
