APPLICATION	CarMaker 12.0.1 - Car_Generic #3 (win64-12.0.1)
COMPILED	jetbrains@66e0c34c4bd1 2023-05-24 12:39:09
 
		I/O Configuration: default
FIRST_INIT	(internal default used)	2024-02-04 13:59:45
TIME	0.000
SIM_END			0s	0m
IDLE	13:59:45
SIM_START	unknown	2024-02-04 13:59:47
TIME	0.008
ERROR		PowerTrain.TCU Auto_AMT: none friction clutch within the motor gearbox model. Please select a gearbox model with integrated friction clutch (Automated Manual Transmission)
SIM_ABORT	unknown	0s	0m
TIME	8.588
SIM_START	unknown	2024-02-04 14:01:13
TIME	0.000
SIMULATE	unknown

TIME	17.330
SIM_END		unknown	17.327s	208.593m
SIM_START	unknown	2024-02-04 14:01:47
TIME	0.000
SIMULATE	unknown

TIME	39.880
SIM_END		unknown	39.877s	1032.44m
TIME	46.491
SIM_START	unknown	2024-02-04 14:03:36
TIME	0.000
SIMULATE	unknown

TIME	24.975
SIM_END		unknown	24.972s	618.335m
TIME	65.893
SIM_START	unknown	2024-02-04 14:10:52
TIME	0.000
SIMULATE	unknown

TIME	5.886
SIM_END		unknown	5.883s	164.473m
SIM_START	unknown	2024-02-04 14:11:11
TIME	0.000
SIMULATE	unknown

SIM_END		unknown	0.927s	1.84726m
TIME	2.624
SIM_START	unknown	2024-02-04 14:11:31
TIME	0.000
SIMULATE	unknown

TIME	5.725
SIM_END		unknown	5.722s	157.523m
TIME	23.047
SIM_START	unknown	2024-02-04 14:14:33
TIME	0.000
SIMULATE	unknown

TIME	25.600
SIM_END		unknown	25.597s	1028.89m
TIME	31.180
SIM_START	unknown	2024-02-04 14:15:57
TIME	0.000
SIMULATE	unknown

TIME	17.087
SIM_END		unknown	17.084s	568.853m
SIM_START	unknown	2024-02-04 14:16:37
TIME	0.000
SIMULATE	unknown

TIME	160.296
SIM_END		unknown	160.293s	5995.76m
SIM_START	unknown	2024-02-04 14:19:22
TIME	0.000
SIMULATE	unknown

TIME	22.829
SIM_END		unknown	22.826s	790.126m
SIM_START	unknown	2024-02-04 14:19:52
TIME	0.000
SIMULATE	unknown

TIME	49.894
SIM_END		unknown	49.891s	1820.79m
SIM_START	unknown	2024-02-04 14:20:47
TIME	0.000
SIMULATE	unknown

TIME	198.957
SIM_END		unknown	198.954s	7497.51m
TIME	1586.998
SHUTDOWN	CarMaker quick shutdown initiated

