APPLICATION	CarMaker 12.0.1 - Car_Generic #5 (win64-12.0.1)
COMPILED	jetbrains@66e0c34c4bd1 2023-05-24 12:39:25
 
		I/O Configuration: default
SIM_START	unknown	2025-03-24 16:32:17
TIME	0.000
SIMULATE	unknown

TIME	23.646
ERROR		Vehicle leaves road at about x=153.643, y=-32.0337 TireNo=1
SIM_ABORT	unknown	23.649s	172.987m
APPLICATION	CarMaker 12.0.1 - Car_Generic #5 (win64-12.0.1)
COMPILED	jetbrains@66e0c34c4bd1 2023-05-24 12:39:25
 
		I/O Configuration: default
SIM_START	unknown	2025-03-24 16:39:21
TIME	0.000
SIMULATE	unknown

TIME	14.420
ERROR		Vehicle leaves road at about x=29.6155, y=11.0034 TireNo=2
SIM_ABORT	unknown	14.423s	100.114m
APPLICATION	CarMaker 12.0.1 - Car_Generic #5 (win64-12.0.1)
COMPILED	jetbrains@66e0c34c4bd1 2023-05-24 12:39:25
 
		I/O Configuration: default
SIM_START	unknown	2025-03-24 16:47:13
TIME	0.000
SIMULATE	unknown

TIME	19.481
ERROR		Vehicle leaves road at about x=39.0948, y=1.04733 TireNo=0
SIM_ABORT	unknown	19.484s	226.074m
APPLICATION	CarMaker 12.0.1 - Car_Generic #5 (win64-12.0.1)
COMPILED	jetbrains@66e0c34c4bd1 2023-05-24 12:39:25
 
		I/O Configuration: default
SIM_START	unknown	2025-03-24 16:49:20
TIME	0.000
SIMULATE	unknown

TIME	8.731
ERROR		Vehicle leaves road at about x=39.4073, y=-5.33854 TireNo=0
SIM_ABORT	unknown	8.734s	86.2183m
APPLICATION	CarMaker 12.0.1 - Car_Generic #5 (win64-12.0.1)
COMPILED	jetbrains@66e0c34c4bd1 2023-05-24 12:39:25
 
		I/O Configuration: default
SIM_START	unknown	2025-03-24 16:49:44
TIME	0.000
SIMULATE	unknown

TIME	15.354
ERROR		Vehicle leaves road at about x=34.0661, y=-18.6191 TireNo=0
SIM_ABORT	unknown	15.357s	150.021m
APPLICATION	CarMaker 12.0.1 - Car_Generic #5 (win64-12.0.1)
COMPILED	jetbrains@66e0c34c4bd1 2023-05-24 12:39:25
 
		I/O Configuration: default
SIM_START	unknown	2025-03-24 17:07:39
TIME	0.000
SIMULATE	unknown

TIME	35.425
ERROR		Vehicle leaves road at about x=65.245, y=-0.187073 TireNo=0
SIM_ABORT	unknown	35.428s	314.398m
APPLICATION	CarMaker 12.0.1 - Car_Generic #5 (win64-12.0.1)
COMPILED	jetbrains@66e0c34c4bd1 2023-05-24 12:39:25
 
		I/O Configuration: default
SIM_START	unknown	2025-03-24 17:19:42
TIME	0.000
SIMULATE	unknown

TIME	12.945
ERROR		Vehicle leaves road at about x=38.7535, y=-14.4746 TireNo=0
SIM_ABORT	unknown	12.948s	131.926m
APPLICATION	CarMaker 12.0.1 - Car_Generic #5 (win64-12.0.1)
COMPILED	jetbrains@66e0c34c4bd1 2023-05-24 12:39:25
 
		I/O Configuration: default
SIM_START	unknown	2025-03-24 17:24:28
TIME	0.000
SIMULATE	unknown

TIME	13.910
ERROR		Vehicle leaves road at about x=27.745, y=1.52963 TireNo=0
SIM_ABORT	unknown	13.913s	124.193m
APPLICATION	CarMaker 12.0.1 - Car_Generic #5 (win64-12.0.1)
COMPILED	jetbrains@66e0c34c4bd1 2023-05-24 12:39:25
 
		I/O Configuration: default
SIM_START	unknown	2025-03-24 17:28:01
TIME	0.000
SIMULATE	unknown

TIME	6.107
ERROR		Vehicle leaves road at about x=8.46491, y=1.0646 TireNo=0
SIM_ABORT	unknown	6.11s	7.04049m
APPLICATION	CarMaker 12.0.1 - Car_Generic #5 (win64-12.0.1)
COMPILED	jetbrains@66e0c34c4bd1 2023-05-24 12:39:25
 
		I/O Configuration: default
SIM_START	unknown	2025-03-24 17:28:42
TIME	0.000
SIMULATE	unknown

TIME	9.502
ERROR		Vehicle leaves road at about x=37.3712, y=-16.3 TireNo=0
SIM_ABORT	unknown	9.505s	89.5019m
APPLICATION	CarMaker 12.0.1 - Car_Generic #5 (win64-12.0.1)
COMPILED	jetbrains@66e0c34c4bd1 2023-05-24 12:39:25
 
		I/O Configuration: default
SIM_START	unknown	2025-03-24 17:35:42
TIME	0.000
SIMULATE	unknown

TIME	19.110
ERROR		Vehicle leaves road at about x=39.6317, y=-12.5776 TireNo=0
SIM_ABORT	unknown	19.113s	191.953m
APPLICATION	CarMaker 12.0.1 - Car_Generic #5 (win64-12.0.1)
COMPILED	jetbrains@66e0c34c4bd1 2023-05-24 12:39:25
 
		I/O Configuration: default
SIM_START	unknown	2025-03-24 17:36:32
TIME	0.000
SIMULATE	unknown

TIME	6.617
ERROR		Vehicle leaves road at about x=34.735, y=-10.4589 TireNo=1
SIM_ABORT	unknown	6.62s	41.9131m
APPLICATION	CarMaker 12.0.1 - Car_Generic #5 (win64-12.0.1)
COMPILED	jetbrains@66e0c34c4bd1 2023-05-24 12:39:25
 
		I/O Configuration: default
SIM_START	unknown	2025-03-24 17:38:54
TIME	0.000
SIMULATE	unknown

TIME	11.414
ERROR		Vehicle leaves road at about x=20.2949, y=-12.593 TireNo=0
SIM_ABORT	unknown	11.417s	115.689m
APPLICATION	CarMaker 12.0.1 - Car_Generic #5 (win64-12.0.1)
COMPILED	jetbrains@66e0c34c4bd1 2023-05-24 12:39:25
 
		I/O Configuration: default
SIM_START	unknown	2025-03-24 17:40:06
TIME	0.000
SIMULATE	unknown

TIME	18.180
ERROR		Vehicle leaves road at about x=49.6281, y=-4.42021 TireNo=1
SIM_ABORT	unknown	18.183s	233.346m
APPLICATION	CarMaker 12.0.1 - Car_Generic #5 (win64-12.0.1)
COMPILED	jetbrains@66e0c34c4bd1 2023-05-24 12:39:25
 
		I/O Configuration: default
SIM_START	unknown	2025-03-24 17:44:05
TIME	0.000
SIMULATE	unknown

TIME	17.111
ERROR		Vehicle leaves road at about x=39.9353, y=-4.37874 TireNo=1
SIM_ABORT	unknown	17.114s	128.335m
APPLICATION	CarMaker 12.0.1 - Car_Generic #5 (win64-12.0.1)
COMPILED	jetbrains@66e0c34c4bd1 2023-05-24 12:39:25
 
		I/O Configuration: default
SIM_START	unknown	2025-03-24 18:28:12
TIME	0.000
SIMULATE	unknown

TIME	34.444
ERROR		Vehicle leaves road at about x=22.0016, y=-15.6795 TireNo=0
SIM_ABORT	unknown	34.447s	149.881m
APPLICATION	CarMaker 12.0.1 - Car_Generic #5 (win64-12.0.1)
COMPILED	jetbrains@66e0c34c4bd1 2023-05-24 12:39:25
 
		I/O Configuration: default
SIM_START	unknown	2025-03-24 18:30:26
TIME	0.000
SIMULATE	unknown

TIME	57.955
ERROR		Vehicle leaves road at about x=40.0621, y=3.5642 TireNo=1
SIM_ABORT	unknown	57.958s	232.592m
