APPLICATION	CarMaker 12.0.1 - Car_Generic #5 (win64-12.0.1)
COMPILED	jetbrains@66e0c34c4bd1 2023-05-24 12:39:25
 
		I/O Configuration: default
SIM_START	unknown	2025-04-24 12:58:00
TIME	0.000
SIMULATE	unknown

TIME	21.041
ERROR		Vehicle leaves road at about x=32.9997, y=-5.3813 TireNo=0
SIM_ABORT	unknown	21.044s	125.833m
APPLICATION	CarMaker 12.0.1 - Car_Generic #5 (win64-12.0.1)
COMPILED	jetbrains@66e0c34c4bd1 2023-05-24 12:39:25
 
		I/O Configuration: default
SIM_START	unknown	2025-04-24 13:06:00
TIME	0.000
SIMULATE	unknown

TIME	5.989
ERROR		Vehicle leaves road at about x=39.6193, y=-12.6212 TireNo=2
SIM_ABORT	unknown	5.992s	44.0577m
APPLICATION	CarMaker 12.0.1 - Car_Generic #5 (win64-12.0.1)
COMPILED	jetbrains@66e0c34c4bd1 2023-05-24 12:39:25
 
		I/O Configuration: default
SIM_START	unknown	2025-04-24 13:06:44
TIME	0.000
SIMULATE	unknown

TIME	15.076
ERROR		Vehicle leaves road at about x=39.7499, y=9.47218 TireNo=1
SIM_ABORT	unknown	15.079s	140.155m
APPLICATION	CarMaker 12.0.1 - Car_Generic #5 (win64-12.0.1)
COMPILED	jetbrains@66e0c34c4bd1 2023-05-24 12:39:25
 
		I/O Configuration: default
SIM_START	unknown	2025-04-24 13:07:25
TIME	0.000
SIMULATE	unknown

TIME	23.754
ERROR		Vehicle leaves road at about x=27.7491, y=-4.85386 TireNo=1
SIM_ABORT	unknown	23.757s	106.541m
APPLICATION	CarMaker 12.0.1 - Car_Generic #5 (win64-12.0.1)
COMPILED	jetbrains@66e0c34c4bd1 2023-05-24 12:39:25
 
		I/O Configuration: default
SIM_START	unknown	2025-04-24 13:08:15
TIME	0.000
SIMULATE	unknown

TIME	25.986
ERROR		Vehicle leaves road at about x=4.09358, y=-27.1203 TireNo=0
SIM_ABORT	unknown	25.989s	239.288m
APPLICATION	CarMaker 12.0.1 - Car_Generic #5 (win64-12.0.1)
COMPILED	jetbrains@66e0c34c4bd1 2023-05-24 12:39:25
 
		I/O Configuration: default
SIM_START	unknown	2025-04-24 13:08:55
TIME	0.000
SIMULATE	unknown

TIME	6.485
ERROR		Vehicle leaves road at about x=38.3416, y=-15.1131 TireNo=2
SIM_ABORT	unknown	6.488s	46.7583m
APPLICATION	CarMaker 12.0.1 - Car_Generic #5 (win64-12.0.1)
COMPILED	jetbrains@66e0c34c4bd1 2023-05-24 12:39:25
 
		I/O Configuration: default
SIM_START	unknown	2025-04-24 13:13:52
TIME	0.000
SIMULATE	unknown

TIME	14.103
ERROR		Vehicle leaves road at about x=29.9893, y=-4.33255 TireNo=0
SIM_ABORT	unknown	14.106s	104.218m
APPLICATION	CarMaker 12.0.1 - Car_Generic #5 (win64-12.0.1)
COMPILED	jetbrains@66e0c34c4bd1 2023-05-24 12:39:25
 
		I/O Configuration: default
SIM_START	unknown	2025-04-24 13:14:22
TIME	0.000
SIMULATE	unknown

TIME	23.879
ERROR		Vehicle leaves road at about x=25.8092, y=-6.60505 TireNo=1
SIM_ABORT	unknown	23.882s	201.966m
APPLICATION	CarMaker 12.0.1 - Car_Generic #5 (win64-12.0.1)
COMPILED	jetbrains@66e0c34c4bd1 2023-05-24 12:39:25
 
		I/O Configuration: default
SIM_START	unknown	2025-04-24 13:22:53
TIME	0.000
SIMULATE	unknown

TIME	17.530
ERROR		Vehicle leaves road at about x=31.5944, y=-13.8986 TireNo=1
SIM_ABORT	unknown	17.533s	99.3577m
APPLICATION	CarMaker 12.0.1 - Car_Generic #5 (win64-12.0.1)
COMPILED	jetbrains@66e0c34c4bd1 2023-05-24 12:39:25
 
		I/O Configuration: default
SIM_START	unknown	2025-04-24 13:25:34
TIME	0.000
SIMULATE	unknown

TIME	7.614
ERROR		Vehicle leaves road at about x=39.9717, y=-11.3435 TireNo=2
SIM_ABORT	unknown	7.617s	43.6754m
APPLICATION	CarMaker 12.0.1 - Car_Generic #5 (win64-12.0.1)
COMPILED	jetbrains@66e0c34c4bd1 2023-05-24 12:39:25
 
		I/O Configuration: default
SIM_START	unknown	2025-04-24 13:25:57
TIME	0.000
SIMULATE	unknown

TIME	5.993
ERROR		Vehicle leaves road at about x=34.7011, y=-10.5847 TireNo=1
SIM_ABORT	unknown	5.996s	41.1101m
APPLICATION	CarMaker 12.0.1 - Car_Generic #5 (win64-12.0.1)
COMPILED	jetbrains@66e0c34c4bd1 2023-05-24 12:39:25
 
		I/O Configuration: default
SIM_START	unknown	2025-04-24 13:27:49
TIME	0.000
SIMULATE	unknown

TIME	18.257
ERROR		Vehicle leaves road at about x=23.9628, y=-21.9012 TireNo=1
SIM_ABORT	unknown	18.26s	165.261m
APPLICATION	CarMaker 12.0.1 - Car_Generic #5 (win64-12.0.1)
COMPILED	jetbrains@66e0c34c4bd1 2023-05-24 12:39:25
 
		I/O Configuration: default
SIM_START	unknown	2025-04-24 13:29:20
TIME	0.000
SIMULATE	unknown

TIME	68.170
ERROR		Vehicle leaves road at about x=36.5392, y=7.88159 TireNo=1
SIM_ABORT	unknown	68.173s	693.466m
APPLICATION	CarMaker 12.0.1 - Car_Generic #5 (win64-12.0.1)
COMPILED	jetbrains@66e0c34c4bd1 2023-05-24 12:39:25
 
		I/O Configuration: default
SIM_START	unknown	2025-04-24 13:32:36
TIME	0.000
SIMULATE	unknown

TIME	28.979
ERROR		Vehicle leaves road at about x=35.9143, y=-8.35991 TireNo=1
SIM_ABORT	unknown	28.982s	300.13m
APPLICATION	CarMaker 12.0.1 - Car_Generic #5 (win64-12.0.1)
COMPILED	jetbrains@66e0c34c4bd1 2023-05-24 12:39:25
 
		I/O Configuration: default
SIM_START	unknown	2025-04-24 13:35:11
TIME	0.000
SIMULATE	unknown

TIME	17.007
ERROR		Vehicle leaves road at about x=35.9569, y=4.77017 TireNo=0
SIM_ABORT	unknown	17.01s	141.319m
APPLICATION	CarMaker 12.0.1 - Car_Generic #5 (win64-12.0.1)
COMPILED	jetbrains@66e0c34c4bd1 2023-05-24 12:39:25
 
		I/O Configuration: default
SIM_START	unknown	2025-04-24 13:35:50
TIME	0.000
SIMULATE	unknown

TIME	18.301
ERROR		Vehicle leaves road at about x=26.5512, y=13.003 TireNo=0
SIM_ABORT	unknown	18.304s	160.813m
APPLICATION	CarMaker 12.0.1 - Car_Generic #5 (win64-12.0.1)
COMPILED	jetbrains@66e0c34c4bd1 2023-05-24 12:39:25
 
		I/O Configuration: default
SIM_START	unknown	2025-04-24 13:36:48
TIME	0.000
SIMULATE	unknown

TIME	4.703
SIM_END		unknown	4.7s	0.0201061m
APPLICATION	CarMaker 12.0.1 - Car_Generic #5 (win64-12.0.1)
COMPILED	jetbrains@66e0c34c4bd1 2023-05-24 12:39:25
 
		I/O Configuration: default
SIM_START	unknown	2025-04-24 13:37:11
TIME	0.000
SIMULATE	unknown

TIME	2.733
SIM_END		unknown	2.73s	0.0190396m
APPLICATION	CarMaker 12.0.1 - Car_Generic #5 (win64-12.0.1)
COMPILED	jetbrains@66e0c34c4bd1 2023-05-24 12:39:25
 
		I/O Configuration: default
SIM_START	unknown	2025-04-24 13:37:36
TIME	0.000
SIMULATE	unknown

TIME	56.474
ERROR		Vehicle leaves road at about x=18.2543, y=-9.94629 TireNo=0
SIM_ABORT	unknown	56.477s	73.9423m
APPLICATION	CarMaker 12.0.1 - Car_Generic #5 (win64-12.0.1)
COMPILED	jetbrains@66e0c34c4bd1 2023-05-24 12:39:25
 
		I/O Configuration: default
SIM_START	unknown	2025-04-24 13:38:49
TIME	0.000
SIMULATE	unknown

TIME	24.305
ERROR		Vehicle leaves road at about x=46.8042, y=-4.4031 TireNo=1
SIM_ABORT	unknown	24.308s	254.489m
APPLICATION	CarMaker 12.0.1 - Car_Generic #5 (win64-12.0.1)
COMPILED	jetbrains@66e0c34c4bd1 2023-05-24 12:39:25
 
		I/O Configuration: default
SIM_START	unknown	2025-04-24 16:08:46
TIME	0.000
SIMULATE	unknown

TIME	31.439
ERROR		Vehicle leaves road at about x=51.7042, y=0.880763 TireNo=0
SIM_ABORT	unknown	31.442s	315.001m
APPLICATION	CarMaker 12.0.1 - Car_Generic #5 (win64-12.0.1)
COMPILED	jetbrains@66e0c34c4bd1 2023-05-24 12:39:25
 
		I/O Configuration: default
SIM_START	unknown	2025-04-24 16:10:49
TIME	0.000
SIMULATE	unknown

TIME	11.750
ERROR		Vehicle leaves road at about x=40.8284, y=-6.36441 TireNo=0
SIM_ABORT	unknown	11.753s	96.9383m
APPLICATION	CarMaker 12.0.1 - Car_Generic #5 (win64-12.0.1)
COMPILED	jetbrains@66e0c34c4bd1 2023-05-24 12:39:25
 
		I/O Configuration: default
SIM_START	unknown	2025-04-24 16:14:30
TIME	0.000
SIMULATE	unknown

TIME	29.215
ERROR		Vehicle leaves road at about x=42.2261, y=0.920239 TireNo=0
SIM_ABORT	unknown	29.218s	253.403m
APPLICATION	CarMaker 12.0.1 - Car_Generic #5 (win64-12.0.1)
COMPILED	jetbrains@66e0c34c4bd1 2023-05-24 12:39:25
 
		I/O Configuration: default
SIM_START	unknown	2025-04-24 16:29:41
TIME	0.000
SIMULATE	unknown

TIME	12.813
SIM_END		unknown	12.81s	54.1069m
APPLICATION	CarMaker 12.0.1 - Car_Generic #5 (win64-12.0.1)
COMPILED	jetbrains@66e0c34c4bd1 2023-05-24 12:39:25
 
		I/O Configuration: default
SIM_START	unknown	2025-04-24 16:32:11
TIME	0.000
SIMULATE	unknown

TIME	4.857
ERROR		Vehicle leaves road at about x=41.1857, y=-14.13 TireNo=0
SIM_ABORT	unknown	4.86s	45.451m
APPLICATION	CarMaker 12.0.1 - Car_Generic #5 (win64-12.0.1)
COMPILED	jetbrains@66e0c34c4bd1 2023-05-24 12:39:25
 
		I/O Configuration: default
SIM_START	unknown	2025-04-24 16:32:32
TIME	0.000
SIMULATE	unknown

TIME	13.819
ERROR		Vehicle leaves road at about x=34.006, y=-21.7584 TireNo=0
SIM_ABORT	unknown	13.822s	78.2927m
APPLICATION	CarMaker 12.0.1 - Car_Generic #5 (win64-12.0.1)
COMPILED	jetbrains@66e0c34c4bd1 2023-05-24 12:39:25
 
		I/O Configuration: default
SIM_START	unknown	2025-04-25 13:56:14
TIME	0.000
SIMULATE	unknown

TIME	14.300
ERROR		Vehicle leaves road at about x=117.788, y=-7.60263 TireNo=1
SIM_ABORT	unknown	14.303s	116.813m
APPLICATION	CarMaker 12.0.1 - Car_Generic #5 (win64-12.0.1)
COMPILED	jetbrains@66e0c34c4bd1 2023-05-24 12:39:25
 
		I/O Configuration: default
SIM_START	unknown	2025-04-25 13:59:30
TIME	0.000
SIMULATE	unknown

TIME	9.390
ERROR		Vehicle leaves road at about x=126.106, y=-7.60517 TireNo=1
SIM_ABORT	unknown	9.393s	124.541m
APPLICATION	CarMaker 12.0.1 - Car_Generic #5 (win64-12.0.1)
COMPILED	jetbrains@66e0c34c4bd1 2023-05-24 12:39:25
 
		I/O Configuration: default
SIM_START	unknown	2025-04-25 14:08:55
TIME	0.000
SIMULATE	unknown

TIME	15.563
ERROR		Vehicle leaves road at about x=50.9626, y=2.60853 TireNo=0
SIM_ABORT	unknown	15.566s	49.8889m
APPLICATION	CarMaker 12.0.1 - Car_Generic #5 (win64-12.0.1)
COMPILED	jetbrains@66e0c34c4bd1 2023-05-24 12:39:25
 
		I/O Configuration: default
SIM_START	unknown	2025-04-25 14:11:56
TIME	0.000
SIMULATE	unknown

TIME	8.168
ERROR		Vehicle leaves road at about x=62.9176, y=2.60402 TireNo=0
SIM_ABORT	unknown	8.171s	61.6241m
APPLICATION	CarMaker 12.0.1 - Car_Generic #5 (win64-12.0.1)
COMPILED	jetbrains@66e0c34c4bd1 2023-05-24 12:39:25
 
		I/O Configuration: default
SIM_START	unknown	2025-04-25 14:19:19
TIME	0.000
SIMULATE	unknown

TIME	5.458
ERROR		Vehicle leaves road at about x=73.4421, y=2.60306 TireNo=0
SIM_ABORT	unknown	5.461s	71.7985m
APPLICATION	CarMaker 12.0.1 - Car_Generic #5 (win64-12.0.1)
COMPILED	jetbrains@66e0c34c4bd1 2023-05-24 12:39:25
 
		I/O Configuration: default
SIM_START	unknown	2025-04-25 14:24:10
TIME	0.000
SIMULATE	unknown

TIME	10.147
ERROR		Vehicle leaves road at about x=105.916, y=2.60349 TireNo=0
SIM_ABORT	unknown	10.15s	104.455m
APPLICATION	CarMaker 12.0.1 - Car_Generic #5 (win64-12.0.1)
COMPILED	jetbrains@66e0c34c4bd1 2023-05-24 12:39:25
 
		I/O Configuration: default
SIM_START	unknown	2025-04-25 14:32:26
TIME	0.000
SIMULATE	unknown

TIME	13.646
ERROR		Vehicle leaves road at about x=95.136, y=-7.6094 TireNo=1
SIM_ABORT	unknown	13.649s	93.8749m
APPLICATION	CarMaker 12.0.1 - Car_Generic #5 (win64-12.0.1)
COMPILED	jetbrains@66e0c34c4bd1 2023-05-24 12:39:25
 
		I/O Configuration: default
SIM_START	unknown	2025-05-06 16:06:31
TIME	0.000
SIMULATE	unknown

TIME	4.533
ERROR		Vehicle leaves road at about x=25.164, y=-7.60336 TireNo=1
SIM_ABORT	unknown	4.536s	23.8567m
APPLICATION	CarMaker 12.0.1 - Car_Generic #5 (win64-12.0.1)
COMPILED	jetbrains@66e0c34c4bd1 2023-05-24 12:39:25
 
		I/O Configuration: default
SIM_START	unknown	2025-05-06 16:06:58
TIME	0.000
SIMULATE	unknown

TIME	11.061
ERROR		Vehicle leaves road at about x=131.128, y=2.60173 TireNo=0
SIM_ABORT	unknown	11.064s	129.943m
APPLICATION	CarMaker 12.0.1 - Car_Generic #5 (win64-12.0.1)
COMPILED	jetbrains@66e0c34c4bd1 2023-05-24 12:39:25
 
		I/O Configuration: default
SIM_START	unknown	2025-05-06 16:08:22
TIME	0.000
SIMULATE	unknown

TIME	8.235
ERROR		Vehicle leaves road at about x=77.6649, y=2.60086 TireNo=0
SIM_ABORT	unknown	8.238s	75.8035m
APPLICATION	CarMaker 12.0.1 - Car_Generic #5 (win64-12.0.1)
COMPILED	jetbrains@66e0c34c4bd1 2023-05-24 12:39:25
 
		I/O Configuration: default
SIM_START	unknown	2025-05-06 16:08:53
TIME	0.000
SIMULATE	unknown

TIME	40.513
ERROR		Vehicle leaves road at about x=344.99, y=2.60243 TireNo=0
SIM_ABORT	unknown	40.516s	343.263m
APPLICATION	CarMaker 12.0.1 - Car_Generic #5 (win64-12.0.1)
COMPILED	jetbrains@66e0c34c4bd1 2023-05-24 12:39:25
 
		I/O Configuration: default
SIM_START	unknown	2025-05-06 16:25:45
TIME	0.000
SIMULATE	unknown

TIME	170.027
ERROR		Vehicle leaves road at about x=4.84331, y=2.60521 TireNo=0
SIM_ABORT	unknown	170.03s	6.3566m
APPLICATION	CarMaker 12.0.1 - Car_Generic #5 (win64-12.0.1)
COMPILED	jetbrains@66e0c34c4bd1 2023-05-24 12:39:25
 
		I/O Configuration: default
SIM_START	unknown	2025-05-06 16:40:05
TIME	0.000
SIMULATE	unknown

TIME	26.243
ERROR		Vehicle leaves road at about x=96.6912, y=2.60786 TireNo=0
SIM_ABORT	unknown	26.246s	95.4582m
APPLICATION	CarMaker 12.0.1 - Car_Generic #5 (win64-12.0.1)
COMPILED	jetbrains@66e0c34c4bd1 2023-05-24 12:39:25
 
		I/O Configuration: default
SIM_START	unknown	2025-05-06 16:44:50
TIME	0.000
SIMULATE	unknown

TIME	7.472
ERROR		Vehicle leaves road at about x=119.593, y=2.60492 TireNo=0
SIM_ABORT	unknown	7.475s	118.076m
APPLICATION	CarMaker 12.0.1 - Car_Generic #5 (win64-12.0.1)
COMPILED	jetbrains@66e0c34c4bd1 2023-05-24 12:39:25
 
		I/O Configuration: default
SIM_START	unknown	2025-05-06 16:46:26
TIME	0.000
SIMULATE	unknown

TIME	6.522
ERROR		Vehicle leaves road at about x=128.106, y=-7.60265 TireNo=1
SIM_ABORT	unknown	6.525s	126.407m
APPLICATION	CarMaker 12.0.1 - Car_Generic #5 (win64-12.0.1)
COMPILED	jetbrains@66e0c34c4bd1 2023-05-24 12:39:25
 
		I/O Configuration: default
SIM_START	unknown	2025-05-06 16:50:08
TIME	0.000
SIMULATE	unknown

TIME	8.881
ERROR		Vehicle leaves road at about x=118.706, y=2.6037 TireNo=0
SIM_ABORT	unknown	8.884s	117.195m
APPLICATION	CarMaker 12.0.1 - Car_Generic #5 (win64-12.0.1)
COMPILED	jetbrains@66e0c34c4bd1 2023-05-24 12:39:25
 
		I/O Configuration: default
SIM_START	unknown	2025-05-06 16:57:21
TIME	0.000
SIMULATE	unknown

TIME	27.116
ERROR		Vehicle leaves road at about x=101.422, y=2.6051 TireNo=0
SIM_ABORT	unknown	27.119s	100.018m
APPLICATION	CarMaker 12.0.1 - Car_Generic #5 (win64-12.0.1)
COMPILED	jetbrains@66e0c34c4bd1 2023-05-24 12:39:25
 
		I/O Configuration: default
SIM_START	unknown	2025-05-06 17:00:12
TIME	0.000
SIMULATE	unknown

TIME	9.655
ERROR		Vehicle leaves road at about x=115.608, y=2.61066 TireNo=0
SIM_ABORT	unknown	9.658s	114.313m
APPLICATION	CarMaker 12.0.1 - Car_Generic #5 (win64-12.0.1)
COMPILED	jetbrains@66e0c34c4bd1 2023-05-24 12:39:25
 
		I/O Configuration: default
SIM_START	unknown	2025-05-06 17:05:36
TIME	0.000
SIMULATE	unknown

TIME	8.063
ERROR		Vehicle leaves road at about x=169.373, y=-7.60612 TireNo=1
SIM_ABORT	unknown	8.066s	167.653m
APPLICATION	CarMaker 12.0.1 - Car_Generic #5 (win64-12.0.1)
COMPILED	jetbrains@66e0c34c4bd1 2023-05-24 12:39:25
 
		I/O Configuration: default
SIM_START	unknown	2025-05-06 17:18:18
TIME	0.000
SIMULATE	unknown

TIME	9.228
ERROR		Vehicle leaves road at about x=119.999, y=-7.60636 TireNo=1
SIM_ABORT	unknown	9.231s	118.601m
APPLICATION	CarMaker 12.0.1 - Car_Generic #5 (win64-12.0.1)
COMPILED	jetbrains@66e0c34c4bd1 2023-05-24 12:39:25
 
		I/O Configuration: default
SIM_START	unknown	2025-05-06 17:20:29
TIME	0.000
SIMULATE	unknown

TIME	8.543
ERROR		Vehicle leaves road at about x=159.408, y=2.60551 TireNo=0
SIM_ABORT	unknown	8.546s	158.217m
APPLICATION	CarMaker 12.0.1 - Car_Generic #5 (win64-12.0.1)
COMPILED	jetbrains@66e0c34c4bd1 2023-05-24 12:39:25
 
		I/O Configuration: default
SIM_START	unknown	2025-05-06 17:22:17
TIME	0.000
SIMULATE	unknown

TIME	7.320
ERROR		Vehicle leaves road at about x=120.811, y=2.60713 TireNo=0
SIM_ABORT	unknown	7.323s	119.393m
APPLICATION	CarMaker 12.0.1 - Car_Generic #5 (win64-12.0.1)
COMPILED	jetbrains@66e0c34c4bd1 2023-05-24 12:39:25
 
		I/O Configuration: default
SIM_START	unknown	2025-05-06 17:23:50
TIME	0.000
SIMULATE	unknown

TIME	6.382
ERROR		Vehicle leaves road at about x=123.616, y=2.60069 TireNo=0
SIM_ABORT	unknown	6.385s	121.941m
APPLICATION	CarMaker 12.0.1 - Car_Generic #5 (win64-12.0.1)
COMPILED	jetbrains@66e0c34c4bd1 2023-05-24 12:39:25
 
		I/O Configuration: default
SIM_START	unknown	2025-05-06 17:48:58
TIME	0.000
SIMULATE	unknown

TIME	15.817
ERROR		Vehicle leaves road at about x=378.314, y=2.60578 TireNo=0
SIM_ABORT	unknown	15.82s	376.869m
APPLICATION	CarMaker 12.0.1 - Car_Generic #5 (win64-12.0.1)
COMPILED	jetbrains@66e0c34c4bd1 2023-05-24 12:39:25
 
		I/O Configuration: default
SIM_START	unknown	2025-05-06 20:28:01
TIME	0.000
SIMULATE	unknown

TIME	9.923
ERROR		Vehicle leaves road at about x=138.897, y=2.60996 TireNo=0
SIM_ABORT	unknown	9.926s	138.496m
APPLICATION	CarMaker 12.0.1 - Car_Generic #5 (win64-12.0.1)
COMPILED	jetbrains@66e0c34c4bd1 2023-05-24 12:39:25
 
		I/O Configuration: default
SIM_START	unknown	2025-05-06 20:30:26
TIME	0.000
SIMULATE	unknown

TIME	8.406
SIM_END		unknown	8.403s	0.10091m
APPLICATION	CarMaker 12.0.1 - Car_Generic #5 (win64-12.0.1)
COMPILED	jetbrains@66e0c34c4bd1 2023-05-24 12:39:25
 
		I/O Configuration: default
SIM_START	unknown	2025-05-06 20:30:51
TIME	0.000
SIMULATE	unknown

TIME	8.379
ERROR		Vehicle leaves road at about x=172.103, y=2.60076 TireNo=0
SIM_ABORT	unknown	8.382s	170.266m
APPLICATION	CarMaker 12.0.1 - Car_Generic #5 (win64-12.0.1)
COMPILED	jetbrains@66e0c34c4bd1 2023-05-24 12:39:25
 
		I/O Configuration: default
SIM_START	unknown	2025-05-06 20:33:25
TIME	0.000
SIMULATE	unknown

TIME	6.382
ERROR		Vehicle leaves road at about x=124.781, y=2.60915 TireNo=0
SIM_ABORT	unknown	6.385s	123.476m
APPLICATION	CarMaker 12.0.1 - Car_Generic #5 (win64-12.0.1)
COMPILED	jetbrains@66e0c34c4bd1 2023-05-24 12:39:25
 
		I/O Configuration: default
SIM_START	unknown	2025-05-06 20:34:04
TIME	0.000
SIMULATE	unknown

TIME	13.842
ERROR		Vehicle leaves road at about x=319.786, y=2.61028 TireNo=1
SIM_ABORT	unknown	13.845s	319.765m
APPLICATION	CarMaker 12.0.1 - Car_Generic #5 (win64-12.0.1)
COMPILED	jetbrains@66e0c34c4bd1 2023-05-24 12:39:25
 
		I/O Configuration: default
SIM_START	unknown	2025-05-06 20:34:52
TIME	0.000
SIMULATE	unknown

TIME	10.427
ERROR		Vehicle leaves road at about x=230.907, y=2.60502 TireNo=2
SIM_ABORT	unknown	10.43s	230.994m
APPLICATION	CarMaker 12.0.1 - Car_Generic #5 (win64-12.0.1)
COMPILED	jetbrains@66e0c34c4bd1 2023-05-24 12:39:25
 
		I/O Configuration: default
SIM_START	unknown	2025-05-06 20:35:21
TIME	0.000
SIMULATE	unknown

TIME	12.668
ERROR		Vehicle leaves road at about x=283.181, y=2.60426 TireNo=1
SIM_ABORT	unknown	12.671s	285.519m
APPLICATION	CarMaker 12.0.1 - Car_Generic #5 (win64-12.0.1)
COMPILED	jetbrains@66e0c34c4bd1 2023-05-24 12:39:25
 
		I/O Configuration: default
SIM_START	unknown	2025-05-06 20:36:52
TIME	0.000
SIMULATE	unknown

TIME	9.208
ERROR		Vehicle leaves road at about x=189.298, y=2.6011 TireNo=2
SIM_ABORT	unknown	9.211s	189.952m
APPLICATION	CarMaker 12.0.1 - Car_Generic #5 (win64-12.0.1)
COMPILED	jetbrains@66e0c34c4bd1 2023-05-24 12:39:25
 
		I/O Configuration: default
SIM_START	unknown	2025-05-06 20:39:03
TIME	0.000
SIMULATE	unknown

TIME	8.343
ERROR		Vehicle leaves road at about x=12.6072, y=2.60099 TireNo=0
SIM_ABORT	unknown	8.346s	13.9471m
APPLICATION	CarMaker 12.0.1 - Car_Generic #5 (win64-12.0.1)
COMPILED	jetbrains@66e0c34c4bd1 2023-05-24 12:39:25
 
		I/O Configuration: default
SIM_START	unknown	2025-05-06 20:39:28
TIME	0.000
SIMULATE	unknown

TIME	5.691
ERROR		Vehicle leaves road at about x=105.896, y=2.60523 TireNo=0
SIM_ABORT	unknown	5.694s	105.24m
APPLICATION	CarMaker 12.0.1 - Car_Generic #5 (win64-12.0.1)
COMPILED	jetbrains@66e0c34c4bd1 2023-05-24 12:39:25
 
		I/O Configuration: default
SIM_START	unknown	2025-05-06 20:39:56
TIME	0.000
SIMULATE	unknown

TIME	7.008
ERROR		Vehicle leaves road at about x=142.231, y=2.60336 TireNo=0
SIM_ABORT	unknown	7.011s	140.601m
APPLICATION	CarMaker 12.0.1 - Car_Generic #5 (win64-12.0.1)
COMPILED	jetbrains@66e0c34c4bd1 2023-05-24 12:39:25
 
		I/O Configuration: default
SIM_START	unknown	2025-05-06 21:10:45
TIME	0.000
SIMULATE	unknown

TIME	9.558
ERROR		Vehicle leaves road at about x=208.394, y=-7.60063 TireNo=1
SIM_ABORT	unknown	9.561s	206.959m
APPLICATION	CarMaker 12.0.1 - Car_Generic #5 (win64-12.0.1)
COMPILED	jetbrains@66e0c34c4bd1 2023-05-24 12:39:25
 
		I/O Configuration: default
SIM_START	unknown	2025-05-06 21:13:45
TIME	0.000
SIMULATE	unknown

TIME	8.115
ERROR		Vehicle leaves road at about x=167.267, y=2.60073 TireNo=0
SIM_ABORT	unknown	8.118s	165.606m
APPLICATION	CarMaker 12.0.1 - Car_Generic #5 (win64-12.0.1)
COMPILED	jetbrains@66e0c34c4bd1 2023-05-24 12:39:25
 
		I/O Configuration: default
SIM_START	unknown	2025-05-06 21:15:10
TIME	0.000
SIMULATE	unknown

TIME	8.998
ERROR		Vehicle leaves road at about x=183.278, y=2.60096 TireNo=2
SIM_ABORT	unknown	9.001s	184.08m
APPLICATION	CarMaker 12.0.1 - Car_Generic #5 (win64-12.0.1)
COMPILED	jetbrains@66e0c34c4bd1 2023-05-24 12:39:25
 
		I/O Configuration: default
SIM_START	unknown	2025-05-06 21:16:02
TIME	0.000
SIMULATE	unknown

TIME	8.585
ERROR		Vehicle leaves road at about x=176.914, y=-7.6023 TireNo=1
SIM_ABORT	unknown	8.588s	175.404m
APPLICATION	CarMaker 12.0.1 - Car_Generic #5 (win64-12.0.1)
COMPILED	jetbrains@66e0c34c4bd1 2023-05-24 12:39:25
 
		I/O Configuration: default
SIM_START	unknown	2025-05-06 21:16:44
TIME	0.000
SIMULATE	unknown

TIME	7.171
ERROR		Vehicle leaves road at about x=146.605, y=2.60239 TireNo=0
SIM_ABORT	unknown	7.174s	145.009m
APPLICATION	CarMaker 12.0.1 - Car_Generic #5 (win64-12.0.1)
COMPILED	jetbrains@66e0c34c4bd1 2023-05-24 12:39:25
 
		I/O Configuration: default
SIM_START	unknown	2025-05-06 21:17:23
TIME	0.000
SIMULATE	unknown

TIME	7.212
ERROR		Vehicle leaves road at about x=147.277, y=2.60803 TireNo=0
SIM_ABORT	unknown	7.215s	145.891m
APPLICATION	CarMaker 12.0.1 - Car_Generic #5 (win64-12.0.1)
COMPILED	jetbrains@66e0c34c4bd1 2023-05-24 12:39:25
 
		I/O Configuration: default
SIM_START	unknown	2025-05-06 21:18:09
TIME	0.000
SIMULATE	unknown

TIME	6.629
ERROR		Vehicle leaves road at about x=131.932, y=2.60328 TireNo=0
SIM_ABORT	unknown	6.632s	130.501m
APPLICATION	CarMaker 12.0.1 - Car_Generic #5 (win64-12.0.1)
COMPILED	jetbrains@66e0c34c4bd1 2023-05-24 12:39:25
 
		I/O Configuration: default
SIM_START	unknown	2025-05-06 21:19:12
TIME	0.000
SIMULATE	unknown

TIME	8.859
ERROR		Vehicle leaves road at about x=187.076, y=-7.6021 TireNo=1
SIM_ABORT	unknown	8.862s	185.225m
APPLICATION	CarMaker 12.0.1 - Car_Generic #5 (win64-12.0.1)
COMPILED	jetbrains@66e0c34c4bd1 2023-05-24 12:39:25
 
		I/O Configuration: default
SIM_START	unknown	2025-05-06 21:19:38
TIME	0.000
SIMULATE	unknown

TIME	6.267
ERROR		Vehicle leaves road at about x=122.263, y=-7.60088 TireNo=1
SIM_ABORT	unknown	6.27s	120.783m
APPLICATION	CarMaker 12.0.1 - Car_Generic #5 (win64-12.0.1)
COMPILED	jetbrains@66e0c34c4bd1 2023-05-24 12:39:25
 
		I/O Configuration: default
SIM_START	unknown	2025-05-06 21:20:15
TIME	0.000
SIMULATE	unknown

TIME	7.224
ERROR		Vehicle leaves road at about x=148.134, y=2.60314 TireNo=0
SIM_ABORT	unknown	7.227s	146.461m
APPLICATION	CarMaker 12.0.1 - Car_Generic #5 (win64-12.0.1)
COMPILED	jetbrains@66e0c34c4bd1 2023-05-24 12:39:25
 
		I/O Configuration: default
SIM_START	unknown	2025-05-08 13:26:22
TIME	0.000
SIMULATE	unknown

TIME	15.126
SIM_END		unknown	15.123s	69.6629m
APPLICATION	CarMaker 12.0.1 - Car_Generic #5 (win64-12.0.1)
COMPILED	jetbrains@66e0c34c4bd1 2023-05-24 12:39:25
 
		I/O Configuration: default
SIM_START	unknown	2025-05-08 13:33:56
TIME	0.000
SIMULATE	unknown

TIME	13.060
SIM_END		unknown	13.057s	17.9435m
APPLICATION	CarMaker 12.0.1 - Car_Generic #5 (win64-12.0.1)
COMPILED	jetbrains@66e0c34c4bd1 2023-05-24 12:39:25
 
		I/O Configuration: default
SIM_START	unknown	2025-05-08 13:35:45
TIME	0.000
SIMULATE	unknown

TIME	30.660
SIM_END		unknown	30.657s	423.118m
APPLICATION	CarMaker 12.0.1 - Car_Generic #5 (win64-12.0.1)
COMPILED	jetbrains@66e0c34c4bd1 2023-05-24 12:39:25
 
		I/O Configuration: default
SIM_START	unknown	2025-05-08 13:41:59
TIME	0.000
SIMULATE	unknown

TIME	15.737
ERROR		Vehicle leaves road at about x=273.883, y=2.60505 TireNo=0
SIM_ABORT	unknown	15.74s	273.08m
APPLICATION	CarMaker 12.0.1 - Car_Generic #5 (win64-12.0.1)
COMPILED	jetbrains@66e0c34c4bd1 2023-05-24 12:39:25
 
		I/O Configuration: default
SIM_START	unknown	2025-05-08 14:08:33
TIME	0.000
SIMULATE	unknown

TIME	25.515
ERROR		Vehicle leaves road at about x=48.2825, y=-7.60501 TireNo=1
SIM_ABORT	unknown	25.518s	48.2659m
APPLICATION	CarMaker 12.0.1 - Car_Generic #5 (win64-12.0.1)
COMPILED	jetbrains@66e0c34c4bd1 2023-05-24 12:39:25
 
		I/O Configuration: default
SIM_START	unknown	2025-05-08 14:09:19
TIME	0.000
SIMULATE	unknown

TIME	20.408
ERROR		Vehicle leaves road at about x=275.065, y=2.60266 TireNo=0
SIM_ABORT	unknown	20.411s	276.156m
APPLICATION	CarMaker 12.0.1 - Car_Generic #5 (win64-12.0.1)
COMPILED	jetbrains@66e0c34c4bd1 2023-05-24 12:39:25
 
		I/O Configuration: default
SIM_START	unknown	2025-05-08 14:13:45
TIME	0.000
SIMULATE	unknown

TIME	24.691
ERROR		Vehicle leaves road at about x=263.877, y=2.60886 TireNo=0
SIM_ABORT	unknown	24.694s	267.145m
APPLICATION	CarMaker 12.0.1 - Car_Generic #5 (win64-12.0.1)
COMPILED	jetbrains@66e0c34c4bd1 2023-05-24 12:39:25
 
		I/O Configuration: default
SIM_START	unknown	2025-05-08 14:18:57
TIME	0.000
SIMULATE	unknown

TIME	8.515
ERROR		Vehicle leaves road at about x=41.8493, y=7.07835 TireNo=1
SIM_ABORT	unknown	8.518s	42.4767m
APPLICATION	CarMaker 12.0.1 - Car_Generic #5 (win64-12.0.1)
COMPILED	jetbrains@66e0c34c4bd1 2023-05-24 12:39:25
 
		I/O Configuration: default
SIM_START	unknown	2025-05-08 14:19:24
TIME	0.000
SIMULATE	unknown

TIME	6.377
ERROR		Vehicle leaves road at about x=41.4703, y=10.4833 TireNo=1
SIM_ABORT	unknown	6.38s	44.9383m
APPLICATION	CarMaker 12.0.1 - Car_Generic #5 (win64-12.0.1)
COMPILED	jetbrains@66e0c34c4bd1 2023-05-24 12:39:25
 
		I/O Configuration: default
SIM_START	unknown	2025-05-08 14:19:48
TIME	0.000
SIMULATE	unknown

TIME	5.636
ERROR		Vehicle leaves road at about x=37.1465, y=16.9328 TireNo=1
SIM_ABORT	unknown	5.639s	50.396m
APPLICATION	CarMaker 12.0.1 - Car_Generic #5 (win64-12.0.1)
COMPILED	jetbrains@66e0c34c4bd1 2023-05-24 12:39:25
 
		I/O Configuration: default
SIM_START	unknown	2025-05-08 14:20:11
TIME	0.000
SIMULATE	unknown

TIME	6.013
ERROR		Vehicle leaves road at about x=34.5203, y=18.4297 TireNo=1
SIM_ABORT	unknown	6.016s	51.6618m
APPLICATION	CarMaker 12.0.1 - Car_Generic #5 (win64-12.0.1)
COMPILED	jetbrains@66e0c34c4bd1 2023-05-24 12:39:25
 
		I/O Configuration: default
SIM_START	unknown	2025-05-08 14:20:35
TIME	0.000
SIMULATE	unknown

TIME	26.126
ERROR		Vehicle leaves road at about x=32.653, y=-16.5832 TireNo=1
SIM_ABORT	unknown	26.129s	273.812m
APPLICATION	CarMaker 12.0.1 - Car_Generic #5 (win64-12.0.1)
COMPILED	jetbrains@66e0c34c4bd1 2023-05-24 12:39:25
 
		I/O Configuration: default
SIM_START	unknown	2025-05-08 14:26:34
TIME	0.000
SIMULATE	unknown

TIME	51.113
ERROR		Vehicle leaves road at about x=36.463, y=6.42343 TireNo=0
SIM_ABORT	unknown	51.116s	480.854m
APPLICATION	CarMaker 12.0.1 - Car_Generic #5 (win64-12.0.1)
COMPILED	jetbrains@66e0c34c4bd1 2023-05-24 12:39:25
 
		I/O Configuration: default
SIM_START	unknown	2025-05-08 14:32:23
TIME	0.000
SIMULATE	unknown

TIME	6.235
ERROR		Vehicle leaves road at about x=37.8989, y=16.3167 TireNo=1
SIM_ABORT	unknown	6.238s	50.5325m
APPLICATION	CarMaker 12.0.1 - Car_Generic #5 (win64-12.0.1)
COMPILED	jetbrains@66e0c34c4bd1 2023-05-24 12:39:25
 
		I/O Configuration: default
SIM_START	unknown	2025-05-08 14:32:51
TIME	0.000
SIMULATE	unknown

TIME	43.249
ERROR		Vehicle leaves road at about x=20.3933, y=-17.5485 TireNo=0
SIM_ABORT	unknown	43.252s	463.87m
APPLICATION	CarMaker 12.0.1 - Car_Generic #5 (win64-12.0.1)
COMPILED	jetbrains@66e0c34c4bd1 2023-05-24 12:39:25
 
		I/O Configuration: default
SIM_START	unknown	2025-05-08 14:43:56
TIME	0.000
SIMULATE	unknown

TIME	26.300
ERROR		Vehicle leaves road at about x=34.1665, y=-5.90559 TireNo=1
SIM_ABORT	unknown	26.303s	213.14m
APPLICATION	CarMaker 12.0.1 - Car_Generic #5 (win64-12.0.1)
COMPILED	jetbrains@66e0c34c4bd1 2023-05-24 12:39:25
 
		I/O Configuration: default
SIM_START	unknown	2025-05-08 14:56:32
TIME	0.000
SIMULATE	unknown

TIME	20.948
ERROR		Vehicle leaves road at about x=33.4569, y=13.0366 TireNo=0
SIM_ABORT	unknown	20.951s	220.101m
APPLICATION	CarMaker 12.0.1 - Car_Generic #5 (win64-12.0.1)
COMPILED	jetbrains@66e0c34c4bd1 2023-05-24 12:39:25
 
		I/O Configuration: default
SIM_START	unknown	2025-05-08 15:04:28
TIME	0.000
SIMULATE	unknown

TIME	22.616
ERROR		Vehicle leaves road at about x=24.5888, y=-14.2862 TireNo=1
SIM_ABORT	unknown	22.619s	183.49m
APPLICATION	CarMaker 12.0.1 - Car_Generic #5 (win64-12.0.1)
COMPILED	jetbrains@66e0c34c4bd1 2023-05-24 12:39:25
 
		I/O Configuration: default
SIM_START	unknown	2025-05-08 15:08:11
TIME	0.000
SIMULATE	unknown

TIME	20.403
ERROR		Vehicle leaves road at about x=31.851, y=-4.61715 TireNo=1
SIM_ABORT	unknown	20.406s	203.987m
APPLICATION	CarMaker 12.0.1 - Car_Generic #5 (win64-12.0.1)
COMPILED	jetbrains@66e0c34c4bd1 2023-05-24 12:39:25
 
		I/O Configuration: default
SIM_START	unknown	2025-05-08 15:10:30
TIME	0.000
SIMULATE	unknown

TIME	16.605
ERROR		Vehicle leaves road at about x=34.0257, y=2.33903 TireNo=0
SIM_ABORT	unknown	16.608s	140.328m
APPLICATION	CarMaker 12.0.1 - Car_Generic #5 (win64-12.0.1)
COMPILED	jetbrains@66e0c34c4bd1 2023-05-24 12:39:25
 
		I/O Configuration: default
SIM_START	unknown	2025-05-08 15:13:33
TIME	0.000
SIMULATE	unknown

TIME	5.584
ERROR		Vehicle leaves road at about x=36.1283, y=9.80233 TireNo=2
SIM_ABORT	unknown	5.587s	45.4317m
APPLICATION	CarMaker 12.0.1 - Car_Generic #5 (win64-12.0.1)
COMPILED	jetbrains@66e0c34c4bd1 2023-05-24 12:39:25
 
		I/O Configuration: default
SIM_START	unknown	2025-05-08 15:21:45
TIME	0.000
SIMULATE	unknown

TIME	27.151
ERROR		Vehicle leaves road at about x=35.1888, y=3.50192 TireNo=0
SIM_ABORT	unknown	27.154s	265.903m
APPLICATION	CarMaker 12.0.1 - Car_Generic #5 (win64-12.0.1)
COMPILED	jetbrains@66e0c34c4bd1 2023-05-24 12:39:25
 
		I/O Configuration: default
SIM_START	unknown	2025-05-08 15:26:06
TIME	0.000
SIMULATE	unknown

TIME	19.857
ERROR		Vehicle leaves road at about x=41.2332, y=-7.53593 TireNo=0
SIM_ABORT	unknown	19.86s	213.158m
APPLICATION	CarMaker 12.0.1 - Car_Generic #5 (win64-12.0.1)
COMPILED	jetbrains@66e0c34c4bd1 2023-05-24 12:39:25
 
		I/O Configuration: default
SIM_START	unknown	2025-05-08 15:30:28
TIME	0.000
SIMULATE	unknown

TIME	6.329
ERROR		Vehicle leaves road at about x=35.0742, y=18.1835 TireNo=1
SIM_ABORT	unknown	6.332s	53.7173m
APPLICATION	CarMaker 12.0.1 - Car_Generic #5 (win64-12.0.1)
COMPILED	jetbrains@66e0c34c4bd1 2023-05-24 12:39:25
 
		I/O Configuration: default
SIM_START	unknown	2025-05-08 15:31:53
TIME	0.000
SIMULATE	unknown

TIME	19.200
ERROR		Vehicle leaves road at about x=40.5639, y=2.11796 TireNo=1
SIM_ABORT	unknown	19.203s	158.906m
APPLICATION	CarMaker 12.0.1 - Car_Generic #5 (win64-12.0.1)
COMPILED	jetbrains@66e0c34c4bd1 2023-05-24 12:39:25
 
		I/O Configuration: default
SIM_START	unknown	2025-05-08 15:38:19
TIME	0.000
SIMULATE	unknown

TIME	24.015
ERROR		Vehicle leaves road at about x=41.2543, y=-7.60981 TireNo=0
SIM_ABORT	unknown	24.018s	153.095m
APPLICATION	CarMaker 12.0.1 - Car_Generic #5 (win64-12.0.1)
COMPILED	jetbrains@66e0c34c4bd1 2023-05-24 12:39:25
 
		I/O Configuration: default
SIM_START	unknown	2025-05-08 15:42:28
TIME	0.000
SIMULATE	unknown

TIME	25.164
ERROR		Vehicle leaves road at about x=40.899, y=-6.54218 TireNo=0
SIM_ABORT	unknown	25.167s	265.867m
APPLICATION	CarMaker 12.0.1 - Car_Generic #5 (win64-12.0.1)
COMPILED	jetbrains@66e0c34c4bd1 2023-05-24 12:39:25
 
		I/O Configuration: default
SIM_START	unknown	2025-05-08 15:45:36
TIME	0.000
SIMULATE	unknown

TIME	6.262
ERROR		Vehicle leaves road at about x=35.4455, y=-14.0875 TireNo=1
SIM_ABORT	unknown	6.265s	45.8577m
APPLICATION	CarMaker 12.0.1 - Car_Generic #5 (win64-12.0.1)
COMPILED	jetbrains@66e0c34c4bd1 2023-05-24 12:39:25
 
		I/O Configuration: default
SIM_START	unknown	2025-05-08 15:46:04
TIME	0.000
SIMULATE	unknown

TIME	33.432
ERROR		Vehicle leaves road at about x=69.712, y=-3.08499 TireNo=0
SIM_ABORT	unknown	33.435s	292.042m
APPLICATION	CarMaker 12.0.1 - Car_Generic #5 (win64-12.0.1)
COMPILED	jetbrains@66e0c34c4bd1 2023-05-24 12:39:25
 
		I/O Configuration: default
SIM_START	unknown	2025-05-08 15:49:44
TIME	0.000
SIMULATE	unknown

TIME	15.368
ERROR		Vehicle leaves road at about x=28.1603, y=13.7354 TireNo=0
SIM_ABORT	unknown	15.371s	168.784m
APPLICATION	CarMaker 12.0.1 - Car_Generic #5 (win64-12.0.1)
COMPILED	jetbrains@66e0c34c4bd1 2023-05-24 12:39:25
 
		I/O Configuration: default
SIM_START	unknown	2025-05-08 16:07:18
TIME	0.000
SIMULATE	unknown

TIME	36.110
ERROR		Vehicle leaves road at about x=40.1492, y=-4.93238 TireNo=0
SIM_ABORT	unknown	36.113s	257.705m
APPLICATION	CarMaker 12.0.1 - Car_Generic #5 (win64-12.0.1)
COMPILED	jetbrains@66e0c34c4bd1 2023-05-24 12:39:25
 
		I/O Configuration: default
SIM_START	unknown	2025-05-08 16:16:21
TIME	0.000
SIMULATE	unknown

TIME	4.992
ERROR		Vehicle leaves road at about x=41.4524, y=-8.45253 TireNo=2
SIM_ABORT	unknown	4.995s	42.5374m
APPLICATION	CarMaker 12.0.1 - Car_Generic #5 (win64-12.0.1)
COMPILED	jetbrains@66e0c34c4bd1 2023-05-24 12:39:25
 
		I/O Configuration: default
SIM_START	unknown	2025-05-08 16:17:09
TIME	0.000
SIMULATE	unknown

TIME	15.425
ERROR		Vehicle leaves road at about x=39.9255, y=-16.9266 TireNo=0
SIM_ABORT	unknown	15.428s	108.435m
APPLICATION	CarMaker 12.0.1 - Car_Generic #5 (win64-12.0.1)
COMPILED	jetbrains@66e0c34c4bd1 2023-05-24 12:39:25
 
		I/O Configuration: default
SIM_START	unknown	2025-05-08 16:21:56
TIME	0.000
SIMULATE	unknown

TIME	32.783
ERROR		Vehicle leaves road at about x=35.2737, y=11.3651 TireNo=0
SIM_ABORT	unknown	32.786s	257.03m
APPLICATION	CarMaker 12.0.1 - Car_Generic #5 (win64-12.0.1)
COMPILED	jetbrains@66e0c34c4bd1 2023-05-24 12:39:25
 
		I/O Configuration: default
SIM_START	unknown	2025-05-08 17:52:44
TIME	0.000
SIMULATE	unknown

TIME	15.291
ERROR		Vehicle leaves road at about x=30.2069, y=19.3119 TireNo=1
SIM_ABORT	unknown	15.294s	166.753m
APPLICATION	CarMaker 12.0.1 - Car_Generic #5 (win64-12.0.1)
COMPILED	jetbrains@66e0c34c4bd1 2023-05-24 12:39:25
 
		I/O Configuration: default
SIM_START	unknown	2025-05-08 18:08:05
TIME	0.000
SIMULATE	unknown

TIME	11.540
ERROR		Vehicle leaves road at about x=2.25159, y=-3.49278 TireNo=2
SIM_ABORT	unknown	11.543s	78.0663m
APPLICATION	CarMaker 12.0.1 - Car_Generic #5 (win64-12.0.1)
COMPILED	jetbrains@66e0c34c4bd1 2023-05-24 12:39:25
 
		I/O Configuration: default
SIM_START	unknown	2025-05-08 18:08:36
TIME	0.000
SIMULATE	unknown

TIME	24.963
SIM_END		unknown	24.96s	282.917m
APPLICATION	CarMaker 12.0.1 - Car_Generic #5 (win64-12.0.1)
COMPILED	jetbrains@66e0c34c4bd1 2023-05-24 12:39:25
 
		I/O Configuration: default
SIM_START	unknown	2025-05-08 18:11:43
TIME	0.000
SIMULATE	unknown

TIME	4.655
ERROR		Vehicle leaves road at about x=-16.8637, y=13.6591 TireNo=0
SIM_ABORT	unknown	4.658s	31.9225m
APPLICATION	CarMaker 12.0.1 - Car_Generic #5 (win64-12.0.1)
COMPILED	jetbrains@66e0c34c4bd1 2023-05-24 12:39:25
 
		I/O Configuration: default
SIM_START	unknown	2025-05-08 18:12:09
TIME	0.000
SIMULATE	unknown

TIME	21.207
ERROR		Vehicle leaves road at about x=109.182, y=102.731 TireNo=1
SIM_ABORT	unknown	21.21s	273.169m
APPLICATION	CarMaker 12.0.1 - Car_Generic #5 (win64-12.0.1)
COMPILED	jetbrains@66e0c34c4bd1 2023-05-24 12:39:25
 
		I/O Configuration: default
SIM_START	unknown	2025-05-11 13:07:34
TIME	0.000
SIMULATE	unknown

TIME	15.812
ERROR		Vehicle leaves road at about x=11.9755, y=14.7739 TireNo=0
SIM_ABORT	unknown	15.815s	71.0092m
APPLICATION	CarMaker 12.0.1 - Car_Generic #5 (win64-12.0.1)
COMPILED	jetbrains@66e0c34c4bd1 2023-05-24 12:39:25
 
		I/O Configuration: default
SIM_START	unknown	2025-05-11 13:09:31
TIME	0.000
SIMULATE	unknown

TIME	12.437
ERROR		Vehicle leaves road at about x=35.4212, y=13.608 TireNo=1
SIM_ABORT	unknown	12.44s	96.4733m
APPLICATION	CarMaker 12.0.1 - Car_Generic #5 (win64-12.0.1)
COMPILED	jetbrains@66e0c34c4bd1 2023-05-24 12:39:25
 
		I/O Configuration: default
SIM_START	unknown	2025-05-11 13:42:59
TIME	0.000
SIMULATE	unknown

TIME	33.572
ERROR		Vehicle leaves road at about x=110.729, y=96.5107 TireNo=0
SIM_ABORT	unknown	33.575s	288.072m
APPLICATION	CarMaker 12.0.1 - Car_Generic #5 (win64-12.0.1)
COMPILED	jetbrains@66e0c34c4bd1 2023-05-24 12:39:25
 
		I/O Configuration: default
SIM_START	unknown	2025-05-13 21:07:27
TIME	0.000
SIMULATE	unknown

TIME	12.503
SIM_END		unknown	12.5s	55.7105m
APPLICATION	CarMaker 12.0.1 - Car_Generic #5 (win64-12.0.1)
COMPILED	jetbrains@66e0c34c4bd1 2023-05-24 12:39:25
 
		I/O Configuration: default
SIM_START	unknown	2025-05-13 21:15:57
TIME	0.000
SIMULATE	unknown

TIME	11.388
ERROR		Vehicle leaves road at about x=12.5305, y=7.43901 TireNo=0
SIM_ABORT	unknown	11.391s	13.3526m
APPLICATION	CarMaker 12.0.1 - Car_Generic #5 (win64-12.0.1)
COMPILED	jetbrains@66e0c34c4bd1 2023-05-24 12:39:25
 
		I/O Configuration: default
SIM_START	unknown	2025-05-13 21:19:14
TIME	0.000
SIMULATE	unknown

TIME	20.220
ERROR		Vehicle leaves road at about x=36.4068, y=5.83906 TireNo=0
SIM_ABORT	unknown	20.223s	35.0863m
APPLICATION	CarMaker 12.0.1 - Car_Generic #5 (win64-12.0.1)
COMPILED	jetbrains@66e0c34c4bd1 2023-05-24 12:39:25
 
		I/O Configuration: default
SIM_START	unknown	2025-05-13 21:21:57
TIME	0.000
SIMULATE	unknown

TIME	8.681
ERROR		Vehicle leaves road at about x=26.412, y=2.60274 TireNo=0
SIM_ABORT	unknown	8.684s	25.3741m
APPLICATION	CarMaker 12.0.1 - Car_Generic #5 (win64-12.0.1)
COMPILED	jetbrains@66e0c34c4bd1 2023-05-24 12:39:25
 
		I/O Configuration: default
SIM_START	unknown	2025-05-13 21:27:00
TIME	0.000
SIMULATE	unknown

TIME	15.645
ERROR		Vehicle leaves road at about x=19.2591, y=2.60133 TireNo=0
SIM_ABORT	unknown	15.648s	18.1917m
APPLICATION	CarMaker 12.0.1 - Car_Generic #5 (win64-12.0.1)
COMPILED	jetbrains@66e0c34c4bd1 2023-05-24 12:39:25
 
		I/O Configuration: default
SIM_START	unknown	2025-05-13 21:30:35
TIME	0.000
SIMULATE	unknown

TIME	14.809
ERROR		Vehicle leaves road at about x=38.4687, y=2.60533 TireNo=0
SIM_ABORT	unknown	14.812s	37.5025m
APPLICATION	CarMaker 12.0.1 - Car_Generic #5 (win64-12.0.1)
COMPILED	jetbrains@66e0c34c4bd1 2023-05-24 12:39:25
 
		I/O Configuration: default
SIM_START	unknown	2025-05-15 09:55:25
TIME	0.000
SIMULATE	unknown

TIME	11.110
ERROR		Vehicle leaves road at about x=39.4332, y=-7.60582 TireNo=1
SIM_ABORT	unknown	11.113s	41.138m
APPLICATION	CarMaker 12.0.1 - Car_Generic #5 (win64-12.0.1)
COMPILED	jetbrains@66e0c34c4bd1 2023-05-24 12:39:25
 
		I/O Configuration: default
SIM_START	unknown	2025-05-15 09:57:17
TIME	0.000
SIMULATE	unknown

TIME	6.921
ERROR		Vehicle leaves road at about x=35.856, y=-20.8865 TireNo=0
SIM_ABORT	unknown	6.924s	52.4769m
APPLICATION	CarMaker 12.0.1 - Car_Generic #5 (win64-12.0.1)
COMPILED	jetbrains@66e0c34c4bd1 2023-05-24 12:39:25
 
		I/O Configuration: default
SIM_START	unknown	2025-05-15 09:59:44
TIME	0.000
SIMULATE	unknown

TIME	69.368
SIM_END		unknown	69.365s	0.271778m
APPLICATION	CarMaker 12.0.1 - Car_Generic #5 (win64-12.0.1)
COMPILED	jetbrains@66e0c34c4bd1 2023-05-24 12:39:25
 
		I/O Configuration: default
SIM_START	unknown	2025-05-15 10:02:27
TIME	0.000
SIMULATE	unknown

TIME	34.218
ERROR		Vehicle leaves road at about x=41.5779, y=-9.20602 TireNo=0
SIM_ABORT	unknown	34.221s	330.434m
APPLICATION	CarMaker 12.0.1 - Car_Generic #5 (win64-12.0.1)
COMPILED	jetbrains@66e0c34c4bd1 2023-05-24 12:39:25
 
		I/O Configuration: default
SIM_START	unknown	2025-05-15 14:11:48
TIME	0.000
SIMULATE	unknown

TIME	26.401
ERROR		Vehicle leaves road at about x=37.8424, y=16.3652 TireNo=1
SIM_ABORT	unknown	26.404s	274.312m
APPLICATION	CarMaker 12.0.1 - Car_Generic #5 (win64-12.0.1)
COMPILED	jetbrains@66e0c34c4bd1 2023-05-24 12:39:25
 
		I/O Configuration: default
SIM_START	unknown	2025-05-15 14:16:36
TIME	0.000
SIMULATE	unknown

TIME	69.328
SIM_END		unknown	69.325s	0.271024m
APPLICATION	CarMaker 12.0.1 - Car_Generic #5 (win64-12.0.1)
COMPILED	jetbrains@66e0c34c4bd1 2023-05-24 12:39:25
 
		I/O Configuration: default
SIM_START	unknown	2025-05-15 14:19:36
TIME	0.000
SIMULATE	unknown

TIME	7.170
ERROR		Vehicle leaves road at about x=7.6286, y=1.06884 TireNo=0
SIM_ABORT	unknown	7.173s	6.25298m
APPLICATION	CarMaker 12.0.1 - Car_Generic #5 (win64-12.0.1)
COMPILED	jetbrains@66e0c34c4bd1 2023-05-24 12:39:25
 
		I/O Configuration: default
SIM_START	unknown	2025-05-15 14:22:51
TIME	0.000
SIMULATE	unknown

TIME	11.462
ERROR		Vehicle leaves road at about x=11.0611, y=1.05522 TireNo=0
SIM_ABORT	unknown	11.465s	9.47924m
APPLICATION	CarMaker 12.0.1 - Car_Generic #5 (win64-12.0.1)
COMPILED	jetbrains@66e0c34c4bd1 2023-05-24 12:39:25
 
		I/O Configuration: default
SIM_START	unknown	2025-05-15 16:12:28
TIME	0.000
SIMULATE	unknown

TIME	7.268
ERROR		Vehicle leaves road at about x=39.9979, y=-4.37735 TireNo=0
SIM_ABORT	unknown	7.271s	38.8526m
APPLICATION	CarMaker 12.0.1 - Car_Generic #5 (win64-12.0.1)
COMPILED	jetbrains@66e0c34c4bd1 2023-05-24 12:39:25
 
		I/O Configuration: default
SIM_START	unknown	2025-05-15 16:13:43
TIME	0.000
SIMULATE	unknown

TIME	25.488
WARNING		IPGDriver: Problems for driver: I'm stopping my activities (time = 25.488000, ErrInd = 102). (id=200)
TIME	35.888
ERROR		Vehicle leaves road at about x=-24.2553, y=71.0649 TireNo=0
SIM_ABORT	unknown	35.891s	385.497m
APPLICATION	CarMaker 12.0.1 - Car_Generic #5 (win64-12.0.1)
COMPILED	jetbrains@66e0c34c4bd1 2023-05-24 12:39:25
 
		I/O Configuration: default
SIM_START	unknown	2025-05-15 16:32:22
TIME	0.000
SIMULATE	unknown

TIME	11.098
SIM_END		unknown	11.095s	149.985m
APPLICATION	CarMaker 12.0.1 - Car_Generic #5 (win64-12.0.1)
COMPILED	jetbrains@66e0c34c4bd1 2023-05-24 12:39:25
 
		I/O Configuration: default
SIM_START	unknown	2025-05-15 16:34:25
TIME	0.000
SIMULATE	unknown

TIME	16.893
SIM_END		unknown	16.89s	198.412m
APPLICATION	CarMaker 12.0.1 - Car_Generic #5 (win64-12.0.1)
COMPILED	jetbrains@66e0c34c4bd1 2023-05-24 12:39:25
 
		I/O Configuration: default
SIM_START	unknown	2025-05-15 16:40:10
TIME	0.000
SIMULATE	unknown

TIME	45.250
ERROR		Vehicle leaves road at about x=-55.6923, y=64.2144 TireNo=0
SIM_ABORT	unknown	45.253s	525.614m
APPLICATION	CarMaker 12.0.1 - Car_Generic #5 (win64-12.0.1)
COMPILED	jetbrains@66e0c34c4bd1 2023-05-24 12:39:25
 
		I/O Configuration: default
SIM_START	unknown	2025-05-15 16:43:11
TIME	0.000
SIMULATE	unknown

TIME	7.410
ERROR		Vehicle leaves road at about x=-53.8178, y=100.06 TireNo=1
SIM_ABORT	unknown	7.413s	102.001m
APPLICATION	CarMaker 12.0.1 - Car_Generic #5 (win64-12.0.1)
COMPILED	jetbrains@66e0c34c4bd1 2023-05-24 12:39:25
 
		I/O Configuration: default
SIM_START	unknown	2025-05-15 16:43:43
TIME	0.000
SIMULATE	unknown

TIME	31.071
WARNING		IPGDriver: Problems for driver: I'm stopping my activities (time = 31.071000, ErrInd = 102). (id=200)
ERROR		Vehicle leaves road at about x=5.10315, y=16.8426 TireNo=2
SIM_ABORT	unknown	31.478s	511.001m
APPLICATION	CarMaker 12.0.1 - Car_Generic #5 (win64-12.0.1)
COMPILED	jetbrains@66e0c34c4bd1 2023-05-24 12:39:25
 
		I/O Configuration: default
SIM_START	unknown	2025-05-15 16:59:00
TIME	0.000
SIMULATE	unknown

SIM_END		unknown	0.245s	0.00292197m
APPLICATION	CarMaker 12.0.1 - Car_Generic #5 (win64-12.0.1)
COMPILED	jetbrains@66e0c34c4bd1 2023-05-24 12:39:25
 
		I/O Configuration: default
SIM_START	unknown	2025-05-15 16:59:44
TIME	0.000
SIMULATE	unknown

SIM_END		unknown	0.29s	0.00365603m
APPLICATION	CarMaker 12.0.1 - Car_Generic #5 (win64-12.0.1)
COMPILED	jetbrains@66e0c34c4bd1 2023-05-24 12:39:25
 
		I/O Configuration: default
SIM_START	unknown	2025-05-15 17:00:22
TIME	0.000
SIMULATE	unknown

TIME	19.640
ERROR		Vehicle leaves road at about x=378.014, y=-6.00646 TireNo=1
SIM_ABORT	unknown	19.643s	225.156m
APPLICATION	CarMaker 12.0.1 - Car_Generic #5 (win64-12.0.1)
COMPILED	jetbrains@66e0c34c4bd1 2023-05-24 12:39:25
 
		I/O Configuration: default
SIM_START	unknown	2025-05-15 17:01:12
TIME	0.000
SIMULATE	unknown

TIME	31.740
ERROR		Vehicle leaves road at about x=164.588, y=-3.50091 TireNo=2
SIM_ABORT	unknown	31.743s	442.965m
APPLICATION	CarMaker 12.0.1 - Car_Generic #5 (win64-12.0.1)
COMPILED	jetbrains@66e0c34c4bd1 2023-05-24 12:39:25
 
		I/O Configuration: default
SIM_START	unknown	2025-05-15 17:07:04
TIME	0.000
SIMULATE	unknown

TIME	38.166
ERROR		Vehicle leaves road at about x=154.707, y=-3.50199 TireNo=0
SIM_ABORT	unknown	38.169s	451.481m
APPLICATION	CarMaker 12.0.1 - Car_Generic #5 (win64-12.0.1)
COMPILED	jetbrains@66e0c34c4bd1 2023-05-24 12:39:25
 
		I/O Configuration: default
SIM_START	unknown	2025-05-15 17:23:23
TIME	0.000
SIMULATE	unknown

TIME	19.371
ERROR		Vehicle leaves road at about x=590.712, y=6.00768 TireNo=1
SIM_ABORT	unknown	19.374s	9.70973m
APPLICATION	CarMaker 12.0.1 - Car_Generic #5 (win64-12.0.1)
COMPILED	jetbrains@66e0c34c4bd1 2023-05-24 12:39:25
 
		I/O Configuration: default
SIM_START	unknown	2025-05-15 17:34:13
TIME	0.000
SIMULATE	unknown

TIME	86.308
SIM_END		unknown	86.305s	0.149652m
APPLICATION	CarMaker 12.0.1 - Car_Generic #5 (win64-12.0.1)
COMPILED	jetbrains@66e0c34c4bd1 2023-05-24 12:39:25
 
		I/O Configuration: default
SIM_START	unknown	2025-05-15 17:36:32
TIME	0.000
SIMULATE	unknown

TIME	38.366
ERROR		Vehicle leaves road at about x=237.958, y=3.50348 TireNo=1
SIM_ABORT	unknown	38.369s	365.296m
APPLICATION	CarMaker 12.0.1 - Car_Generic #5 (win64-12.0.1)
COMPILED	jetbrains@66e0c34c4bd1 2023-05-24 12:39:25
 
		I/O Configuration: default
SIM_START	unknown	2025-05-16 13:49:45
TIME	0.000
SIMULATE	unknown

TIME	21.387
ERROR		Vehicle leaves road at about x=286.802, y=-3.69591 TireNo=0
SIM_ABORT	unknown	21.39s	316.264m
APPLICATION	CarMaker 12.0.1 - Car_Generic #5 (win64-12.0.1)
COMPILED	jetbrains@66e0c34c4bd1 2023-05-24 12:39:25
 
		I/O Configuration: default
SIM_START	unknown	2025-05-16 13:54:20
TIME	0.000
SIMULATE	unknown

TIME	21.965
ERROR		Vehicle leaves road at about x=279.855, y=3.50193 TireNo=1
SIM_ABORT	unknown	21.968s	323.207m
APPLICATION	CarMaker 12.0.1 - Car_Generic #5 (win64-12.0.1)
COMPILED	jetbrains@66e0c34c4bd1 2023-05-24 12:39:25
 
		I/O Configuration: default
SIM_START	unknown	2025-05-16 14:29:27
TIME	0.000
SIMULATE	unknown

TIME	14.379
ERROR		Vehicle leaves road at about x=591.641, y=-6.00879 TireNo=0
SIM_ABORT	unknown	14.382s	9.08504m
APPLICATION	CarMaker 12.0.1 - Car_Generic #5 (win64-12.0.1)
COMPILED	jetbrains@66e0c34c4bd1 2023-05-24 12:39:25
 
		I/O Configuration: default
SIM_START	unknown	2025-05-16 14:30:54
TIME	0.000
SIMULATE	unknown

TIME	43.107
ERROR		Vehicle leaves road at about x=588.475, y=-6.00962 TireNo=0
SIM_ABORT	unknown	43.11s	11.5173m
APPLICATION	CarMaker 12.0.1 - Car_Generic #5 (win64-12.0.1)
COMPILED	jetbrains@66e0c34c4bd1 2023-05-24 12:39:25
 
		I/O Configuration: default
SIM_START	unknown	2025-05-16 14:41:12
TIME	0.000
SIMULATE	unknown

TIME	57.005
ERROR		Vehicle leaves road at about x=587.463, y=-6.01008 TireNo=0
SIM_ABORT	unknown	57.008s	12.4258m
APPLICATION	CarMaker 12.0.1 - Car_Generic #5 (win64-12.0.1)
COMPILED	jetbrains@66e0c34c4bd1 2023-05-24 12:39:25
 
		I/O Configuration: default
SIM_START	unknown	2025-05-16 14:43:55
TIME	0.000
SIMULATE	unknown

TIME	12.830
ERROR		Vehicle leaves road at about x=541.859, y=6.00065 TireNo=1
SIM_ABORT	unknown	12.833s	56.4502m
