APPLICATION	CarMaker 12.0.1 - Car_Generic #5 (win64-12.0.1)
COMPILED	jetbrains@66e0c34c4bd1 2023-05-24 12:39:25
 
		I/O Configuration: default
SIM_START	unknown	2025-03-25 15:23:53
TIME	0.000
SIMULATE	unknown

TIME	297.669
ERROR		Vehicle leaves road at about x=228.395, y=-7.60096 TireNo=1
SIM_ABORT	unknown	297.672s	228.511m
APPLICATION	CarMaker 12.0.1 - Car_Generic #5 (win64-12.0.1)
COMPILED	jetbrains@66e0c34c4bd1 2023-05-24 12:39:25
 
		I/O Configuration: default
SIM_START	unknown	2025-03-25 15:44:12
TIME	0.000
SIMULATE	unknown

TIME	35.604
ERROR		Vehicle leaves road at about x=415.277, y=2.60866 TireNo=1
ERROR		Embedded FARoadSensor Geo:  xyz (414.65 2.60 -0.05) not found on Road
SIM_ABORT	unknown	35.607s	416.218m
APPLICATION	CarMaker 12.0.1 - Car_Generic #5 (win64-12.0.1)
COMPILED	jetbrains@66e0c34c4bd1 2023-05-24 12:39:25
 
		I/O Configuration: default
SIM_START	unknown	2025-03-25 15:50:05
TIME	0.000
SIMULATE	unknown

TIME	15.204
ERROR		Vehicle leaves road at about x=151.45, y=2.60158 TireNo=0
ERROR		Embedded FARoadSensor Geo:  xyz (152.06 2.61 -0.05) not found on Road
SIM_ABORT	unknown	15.207s	153.175m
APPLICATION	CarMaker 12.0.1 - Car_Generic #5 (win64-12.0.1)
COMPILED	jetbrains@66e0c34c4bd1 2023-05-24 12:39:25
 
		I/O Configuration: default
SIM_START	unknown	2025-03-25 15:59:58
TIME	0.000
SIMULATE	unknown

TIME	10.990
ERROR		Vehicle leaves road at about x=200.584, y=-7.6094 TireNo=0
SIM_ABORT	unknown	10.993s	201.335m
APPLICATION	CarMaker 12.0.1 - Car_Generic #5 (win64-12.0.1)
COMPILED	jetbrains@66e0c34c4bd1 2023-05-24 12:39:25
 
		I/O Configuration: default
SIM_START	unknown	2025-03-25 16:17:35
TIME	0.000
SIMULATE	unknown

TIME	15.358
SIM_END		unknown	15.355s	71.5841m
APPLICATION	CarMaker 12.0.1 - Car_Generic #5 (win64-12.0.1)
COMPILED	jetbrains@66e0c34c4bd1 2023-05-24 12:39:25
 
		I/O Configuration: default
SIM_START	unknown	2025-03-25 16:30:20
TIME	0.000
SIMULATE	unknown

TIME	14.305
SIM_END		unknown	14.302s	71.211m
APPLICATION	CarMaker 12.0.1 - Car_Generic #5 (win64-12.0.1)
COMPILED	jetbrains@66e0c34c4bd1 2023-05-24 12:39:25
 
		I/O Configuration: default
SIM_START	unknown	2025-03-25 16:51:03
TIME	0.000
SIMULATE	unknown

TIME	29.231
SIM_END		unknown	29.228s	225.575m
APPLICATION	CarMaker 12.0.1 - Car_Generic #5 (win64-12.0.1)
COMPILED	jetbrains@66e0c34c4bd1 2023-05-24 12:39:25
 
		I/O Configuration: default
SIM_START	unknown	2025-03-25 16:53:49
TIME	0.000
SIMULATE	unknown

TIME	10.438
SIM_END		unknown	10.435s	120.79m
APPLICATION	CarMaker 12.0.1 - Car_Generic #5 (win64-12.0.1)
COMPILED	jetbrains@66e0c34c4bd1 2023-05-24 12:39:25
 
		I/O Configuration: default
SIM_START	unknown	2025-03-25 17:18:53
TIME	0.000
SIMULATE	unknown

TIME	20.802
ERROR		Pitch angle too high (80.40 deg)
SIM_ABORT	unknown	20.805s	88.748m
APPLICATION	CarMaker 12.0.1 - Car_Generic #5 (win64-12.0.1)
COMPILED	jetbrains@66e0c34c4bd1 2023-05-24 12:39:25
 
		I/O Configuration: default
SIM_START	unknown	2025-03-25 17:21:27
TIME	0.000
SIMULATE	unknown

TIME	15.144
SIM_END		unknown	15.141s	105.735m
APPLICATION	CarMaker 12.0.1 - Car_Generic #5 (win64-12.0.1)
COMPILED	jetbrains@66e0c34c4bd1 2023-05-24 12:39:25
 
		I/O Configuration: default
SIM_START	unknown	2025-03-25 17:23:22
TIME	0.000
SIMULATE	unknown

TIME	9.471
SIM_END		unknown	9.468s	110.464m
APPLICATION	CarMaker 12.0.1 - Car_Generic #5 (win64-12.0.1)
COMPILED	jetbrains@66e0c34c4bd1 2023-05-24 12:39:25
 
		I/O Configuration: default
SIM_START	unknown	2025-03-25 17:28:41
TIME	0.000
SIMULATE	unknown

TIME	12.148
SIM_END		unknown	12.145s	147.1m
APPLICATION	CarMaker 12.0.1 - Car_Generic #5 (win64-12.0.1)
COMPILED	jetbrains@66e0c34c4bd1 2023-05-24 12:39:25
 
		I/O Configuration: default
SIM_START	unknown	2025-03-25 17:35:25
TIME	0.000
SIMULATE	unknown

TIME	27.645
SIM_END		unknown	27.642s	114.753m
APPLICATION	CarMaker 12.0.1 - Car_Generic #5 (win64-12.0.1)
COMPILED	jetbrains@66e0c34c4bd1 2023-05-24 12:39:25
 
		I/O Configuration: default
SIM_START	unknown	2025-03-25 17:36:58
TIME	0.000
SIMULATE	unknown

TIME	32.184
ERROR		Vehicle leaves road at about x=27.67, y=1.55911 TireNo=0
SIM_ABORT	unknown	32.187s	242.812m
APPLICATION	CarMaker 12.0.1 - Car_Generic #5 (win64-12.0.1)
COMPILED	jetbrains@66e0c34c4bd1 2023-05-24 12:39:25
 
		I/O Configuration: default
SIM_START	unknown	2025-03-25 17:57:28
TIME	0.000
SIMULATE	unknown

TIME	72.966
SIM_END		unknown	72.963s	623.907m
APPLICATION	CarMaker 12.0.1 - Car_Generic #5 (win64-12.0.1)
COMPILED	jetbrains@66e0c34c4bd1 2023-05-24 12:39:25
 
		I/O Configuration: default
SIM_START	unknown	2025-03-25 18:03:15
TIME	0.000
SIMULATE	unknown

TIME	50.346
WARNING		IPGDriver: Problems for driver: I'm stopping my activities (time = 50.346000, ErrInd = 102). (id=200)
TIME	96.368
ERROR		Vehicle leaves road at about x=-42.4731, y=17.8759 TireNo=1
SIM_ABORT	unknown	96.371s	1101.28m
APPLICATION	CarMaker 12.0.1 - Car_Generic #5 (win64-12.0.1)
COMPILED	jetbrains@66e0c34c4bd1 2023-05-24 12:39:25
 
		I/O Configuration: default
SIM_START	unknown	2025-03-25 18:06:31
TIME	0.000
SIMULATE	unknown

TIME	83.985
SIM_END		unknown	83.982s	1610.56m
APPLICATION	CarMaker 12.0.1 - Car_Generic #5 (win64-12.0.1)
COMPILED	jetbrains@66e0c34c4bd1 2023-05-24 12:39:25
 
		I/O Configuration: default
SIM_START	unknown	2025-03-25 18:13:47
TIME	0.000
SIMULATE	unknown

TIME	12.261
SIM_END		unknown	12.258s	71.7841m
APPLICATION	CarMaker 12.0.1 - Car_Generic #5 (win64-12.0.1)
COMPILED	jetbrains@66e0c34c4bd1 2023-05-24 12:39:25
 
		I/O Configuration: default
SIM_START	unknown	2025-03-25 18:16:23
TIME	0.000
SIMULATE	unknown

TIME	9.423
SIM_END		unknown	9.42s	110.479m
APPLICATION	CarMaker 12.0.1 - Car_Generic #5 (win64-12.0.1)
COMPILED	jetbrains@66e0c34c4bd1 2023-05-24 12:39:25
 
		I/O Configuration: default
SIM_START	unknown	2025-03-25 18:18:17
TIME	0.000
SIMULATE	unknown

TIME	16.937
SIM_END		unknown	16.934s	222.827m
APPLICATION	CarMaker 12.0.1 - Car_Generic #5 (win64-12.0.1)
COMPILED	jetbrains@66e0c34c4bd1 2023-05-24 12:39:25
 
		I/O Configuration: default
SIM_START	unknown	2025-03-25 18:27:11
TIME	0.000
SIMULATE	unknown

TIME	19.972
SIM_END		unknown	19.969s	274.627m
APPLICATION	CarMaker 12.0.1 - Car_Generic #5 (win64-12.0.1)
COMPILED	jetbrains@66e0c34c4bd1 2023-05-24 12:39:25
 
		I/O Configuration: default
SIM_START	unknown	2025-03-25 18:57:02
TIME	0.000
SIMULATE	unknown

TIME	23.652
ERROR		Vehicle leaves road at about x=-11.158, y=-9.30869 TireNo=0
SIM_ABORT	unknown	23.655s	411.994m
APPLICATION	CarMaker 12.0.1 - Car_Generic #5 (win64-12.0.1)
COMPILED	jetbrains@66e0c34c4bd1 2023-05-24 12:39:25
 
		I/O Configuration: default
SIM_START	unknown	2025-03-25 19:02:21
TIME	0.000
SIMULATE	unknown

TIME	59.105
SIM_END		unknown	59.102s	351.819m
APPLICATION	CarMaker 12.0.1 - Car_Generic #5 (win64-12.0.1)
COMPILED	jetbrains@66e0c34c4bd1 2023-05-24 12:39:25
 
		I/O Configuration: default
SIM_START	unknown	2025-03-27 13:45:34
TIME	0.000
SIMULATE	unknown

TIME	45.711
ERROR		Vehicle leaves road at about x=29.5275, y=10.9955 TireNo=2
SIM_ABORT	unknown	45.714s	480.905m
APPLICATION	CarMaker 12.0.1 - Car_Generic #5 (win64-12.0.1)
COMPILED	jetbrains@66e0c34c4bd1 2023-05-24 12:39:25
 
		I/O Configuration: default
SIM_START	unknown	2025-03-27 14:07:06
TIME	0.000
SIMULATE	unknown

TIME	53.137
ERROR		Vehicle leaves road at about x=32.9946, y=1.94485 TireNo=0
SIM_ABORT	unknown	53.14s	493.804m
APPLICATION	CarMaker 12.0.1 - Car_Generic #5 (win64-12.0.1)
COMPILED	jetbrains@66e0c34c4bd1 2023-05-24 12:39:25
 
		I/O Configuration: default
SIM_START	unknown	2025-03-27 14:12:27
TIME	0.000
SIMULATE	unknown

TIME	25.638
ERROR		Vehicle leaves road at about x=39.244, y=-22.5006 TireNo=0
SIM_ABORT	unknown	25.641s	288.72m
APPLICATION	CarMaker 12.0.1 - Car_Generic #5 (win64-12.0.1)
COMPILED	jetbrains@66e0c34c4bd1 2023-05-24 12:39:25
 
		I/O Configuration: default
SIM_START	unknown	2025-03-27 14:14:35
TIME	0.000
SIMULATE	unknown

TIME	30.834
ERROR		Vehicle leaves road at about x=99.0838, y=47.0315 TireNo=0
SIM_ABORT	unknown	30.837s	358.652m
APPLICATION	CarMaker 12.0.1 - Car_Generic #5 (win64-12.0.1)
COMPILED	jetbrains@66e0c34c4bd1 2023-05-24 12:39:25
 
		I/O Configuration: default
SIM_START	unknown	2025-03-27 14:17:30
TIME	0.000
SIMULATE	unknown

TIME	17.596
SIM_END		unknown	17.593s	81.6016m
APPLICATION	CarMaker 12.0.1 - Car_Generic #5 (win64-12.0.1)
COMPILED	jetbrains@66e0c34c4bd1 2023-05-24 12:39:25
 
		I/O Configuration: default
SIM_START	unknown	2025-03-27 14:20:14
TIME	0.000
SIMULATE	unknown

TIME	8.114
ERROR		Vehicle leaves road at about x=38.4098, y=-15.0141 TireNo=0
SIM_ABORT	unknown	8.117s	45.0413m
APPLICATION	CarMaker 12.0.1 - Car_Generic #5 (win64-12.0.1)
COMPILED	jetbrains@66e0c34c4bd1 2023-05-24 12:39:25
 
		I/O Configuration: default
SIM_START	unknown	2025-03-27 14:20:37
TIME	0.000
SIMULATE	unknown

TIME	18.703
ERROR		Vehicle leaves road at about x=25.0643, y=-9.76158 TireNo=1
SIM_ABORT	unknown	18.706s	62.0931m
APPLICATION	CarMaker 12.0.1 - Car_Generic #5 (win64-12.0.1)
COMPILED	jetbrains@66e0c34c4bd1 2023-05-24 12:39:25
 
		I/O Configuration: default
SIM_START	unknown	2025-03-27 14:21:19
TIME	0.000
SIMULATE	unknown

TIME	14.687
ERROR		Vehicle leaves road at about x=34.5132, y=8.25186 TireNo=0
SIM_ABORT	unknown	14.69s	130.594m
APPLICATION	CarMaker 12.0.1 - Car_Generic #5 (win64-12.0.1)
COMPILED	jetbrains@66e0c34c4bd1 2023-05-24 12:39:25
 
		I/O Configuration: default
SIM_START	unknown	2025-03-27 14:21:48
TIME	0.000
SIMULATE	unknown

TIME	6.615
ERROR		Vehicle leaves road at about x=26.0097, y=-6.31543 TireNo=1
SIM_ABORT	unknown	6.618s	65.6907m
APPLICATION	CarMaker 12.0.1 - Car_Generic #5 (win64-12.0.1)
COMPILED	jetbrains@66e0c34c4bd1 2023-05-24 12:39:25
 
		I/O Configuration: default
SIM_START	unknown	2025-03-27 14:22:11
TIME	0.000
SIMULATE	unknown

TIME	4.855
ERROR		Vehicle leaves road at about x=73.95, y=-11.5662 TireNo=0
SIM_ABORT	unknown	4.858s	75.0952m
APPLICATION	CarMaker 12.0.1 - Car_Generic #5 (win64-12.0.1)
COMPILED	jetbrains@66e0c34c4bd1 2023-05-24 12:39:25
 
		I/O Configuration: default
SIM_START	unknown	2025-03-27 14:22:30
TIME	0.000
SIMULATE	unknown

TIME	14.568
ERROR		Vehicle leaves road at about x=31.0674, y=-4.45641 TireNo=1
SIM_ABORT	unknown	14.571s	157.083m
APPLICATION	CarMaker 12.0.1 - Car_Generic #5 (win64-12.0.1)
COMPILED	jetbrains@66e0c34c4bd1 2023-05-24 12:39:25
 
		I/O Configuration: default
SIM_START	unknown	2025-03-27 14:26:16
TIME	0.000
SIMULATE	unknown

TIME	125.206
SIM_END		unknown	125.203s	10.0835m
APPLICATION	CarMaker 12.0.1 - Car_Generic #5 (win64-12.0.1)
COMPILED	jetbrains@66e0c34c4bd1 2023-05-24 12:39:25
 
		I/O Configuration: default
SIM_START	unknown	2025-03-27 14:28:39
TIME	0.000
SIMULATE	unknown

TIME	18.119
SIM_END		unknown	18.116s	168.919m
APPLICATION	CarMaker 12.0.1 - Car_Generic #5 (win64-12.0.1)
COMPILED	jetbrains@66e0c34c4bd1 2023-05-24 12:39:25
 
		I/O Configuration: default
SIM_START	unknown	2025-03-27 14:33:40
TIME	0.000
SIMULATE	unknown

TIME	23.264
ERROR		Vehicle leaves road at about x=28.5164, y=-4.54576 TireNo=0
SIM_ABORT	unknown	23.267s	161.219m
APPLICATION	CarMaker 12.0.1 - Car_Generic #5 (win64-12.0.1)
COMPILED	jetbrains@66e0c34c4bd1 2023-05-24 12:39:25
 
		I/O Configuration: default
SIM_START	unknown	2025-03-27 14:37:17
TIME	0.000
SIMULATE	unknown

TIME	16.714
SIM_END		unknown	16.711s	126.04m
APPLICATION	CarMaker 12.0.1 - Car_Generic #5 (win64-12.0.1)
COMPILED	jetbrains@66e0c34c4bd1 2023-05-24 12:39:25
 
		I/O Configuration: default
SIM_START	unknown	2025-03-27 14:39:25
TIME	0.000
SIMULATE	unknown

TIME	27.131
ERROR		Vehicle leaves road at about x=39.4626, y=-13.0365 TireNo=0
SIM_ABORT	unknown	27.134s	331.442m
APPLICATION	CarMaker 12.0.1 - Car_Generic #5 (win64-12.0.1)
COMPILED	jetbrains@66e0c34c4bd1 2023-05-24 12:39:25
 
		I/O Configuration: default
SIM_START	unknown	2025-03-27 14:40:07
TIME	0.000
SIMULATE	unknown

TIME	10.686
ERROR		Vehicle leaves road at about x=29.1854, y=-4.39067 TireNo=1
SIM_ABORT	unknown	10.689s	112.44m
APPLICATION	CarMaker 12.0.1 - Car_Generic #5 (win64-12.0.1)
COMPILED	jetbrains@66e0c34c4bd1 2023-05-24 12:39:25
 
		I/O Configuration: default
SIM_START	unknown	2025-03-27 14:42:52
TIME	0.000
SIMULATE	unknown

TIME	15.982
SIM_END		unknown	15.979s	125.807m
APPLICATION	CarMaker 12.0.1 - Car_Generic #5 (win64-12.0.1)
COMPILED	jetbrains@66e0c34c4bd1 2023-05-24 12:39:25
 
		I/O Configuration: default
SIM_START	unknown	2025-03-27 14:51:24
TIME	0.000
SIMULATE	unknown

TIME	26.580
SIM_END		unknown	26.577s	179.231m
APPLICATION	CarMaker 12.0.1 - Car_Generic #5 (win64-12.0.1)
COMPILED	jetbrains@66e0c34c4bd1 2023-05-24 12:39:25
 
		I/O Configuration: default
SIM_START	unknown	2025-03-27 15:01:55
TIME	0.000
SIMULATE	unknown

TIME	12.918
ERROR		Vehicle leaves road at about x=67.7266, y=-1.49853 TireNo=0
SIM_ABORT	unknown	12.921s	65.6812m
APPLICATION	CarMaker 12.0.1 - Car_Generic #5 (win64-12.0.1)
COMPILED	jetbrains@66e0c34c4bd1 2023-05-24 12:39:25
 
		I/O Configuration: default
SIM_START	unknown	2025-03-27 15:30:09
TIME	0.000
SIMULATE	unknown

TIME	5.953
ERROR		Vehicle leaves road at about x=30.2174, y=-14.1704 TireNo=1
SIM_ABORT	unknown	5.956s	47.4515m
APPLICATION	CarMaker 12.0.1 - Car_Generic #5 (win64-12.0.1)
COMPILED	jetbrains@66e0c34c4bd1 2023-05-24 12:39:25
 
		I/O Configuration: default
SIM_START	unknown	2025-03-27 15:30:31
TIME	0.000
SIMULATE	unknown

TIME	9.443
SIM_END		unknown	9.44s	52.5003m
APPLICATION	CarMaker 12.0.1 - Car_Generic #5 (win64-12.0.1)
COMPILED	jetbrains@66e0c34c4bd1 2023-05-24 12:39:25
 
		I/O Configuration: default
SIM_START	unknown	2025-03-27 17:12:25
TIME	0.000
SIMULATE	unknown

TIME	76.913
ERROR		Vehicle leaves road at about x=40.1739, y=-9.79053 TireNo=0
SIM_ABORT	unknown	76.916s	88.8171m
APPLICATION	CarMaker 12.0.1 - Car_Generic #5 (win64-12.0.1)
COMPILED	jetbrains@66e0c34c4bd1 2023-05-24 12:39:25
 
		I/O Configuration: default
SIM_START	unknown	2025-03-27 17:15:30
TIME	0.000
SIMULATE	unknown

TIME	24.512
ERROR		Vehicle leaves road at about x=25.0844, y=-18.2418 TireNo=2
SIM_ABORT	unknown	24.515s	300.279m
APPLICATION	CarMaker 12.0.1 - Car_Generic #5 (win64-12.0.1)
COMPILED	jetbrains@66e0c34c4bd1 2023-05-24 12:39:25
 
		I/O Configuration: default
SIM_START	unknown	2025-03-27 17:24:50
TIME	0.000
SIMULATE	unknown

TIME	20.566
ERROR		Vehicle leaves road at about x=29.2645, y=1.03311 TireNo=0
SIM_ABORT	unknown	20.569s	122.668m
APPLICATION	CarMaker 12.0.1 - Car_Generic #5 (win64-12.0.1)
COMPILED	jetbrains@66e0c34c4bd1 2023-05-24 12:39:25
 
		I/O Configuration: default
SIM_START	unknown	2025-03-27 17:33:02
TIME	0.000
SIMULATE	unknown

TIME	12.537
ERROR		Vehicle leaves road at about x=28.5393, y=1.20108 TireNo=0
SIM_ABORT	unknown	12.54s	130.8m
APPLICATION	CarMaker 12.0.1 - Car_Generic #5 (win64-12.0.1)
COMPILED	jetbrains@66e0c34c4bd1 2023-05-24 12:39:25
 
		I/O Configuration: default
SIM_START	unknown	2025-03-27 17:34:54
TIME	0.000
SIMULATE	unknown

TIME	9.437
ERROR		Vehicle leaves road at about x=24.2757, y=14.573 TireNo=1
SIM_ABORT	unknown	9.44s	101.834m
APPLICATION	CarMaker 12.0.1 - Car_Generic #5 (win64-12.0.1)
COMPILED	jetbrains@66e0c34c4bd1 2023-05-24 12:39:25
 
		I/O Configuration: default
SIM_START	unknown	2025-03-27 17:37:13
TIME	0.000
SIMULATE	unknown

TIME	25.755
ERROR		Vehicle leaves road at about x=39.7313, y=-6.23682 TireNo=2
SIM_ABORT	unknown	25.758s	40.528m
APPLICATION	CarMaker 12.0.1 - Car_Generic #5 (win64-12.0.1)
COMPILED	jetbrains@66e0c34c4bd1 2023-05-24 12:39:25
 
		I/O Configuration: default
SIM_START	unknown	2025-03-28 13:26:56
TIME	0.000
SIMULATE	unknown

SIM_END		unknown	0s	0m
APPLICATION	CarMaker 12.0.1 - Car_Generic #5 (win64-12.0.1)
COMPILED	jetbrains@66e0c34c4bd1 2023-05-24 12:39:25
 
		I/O Configuration: default
SIM_START	unknown	2025-03-28 13:28:35
TIME	0.000
SIMULATE	unknown

SIM_END		unknown	0s	0m
APPLICATION	CarMaker 12.0.1 - Car_Generic #5 (win64-12.0.1)
COMPILED	jetbrains@66e0c34c4bd1 2023-05-24 12:39:25
 
		I/O Configuration: default
SIM_START	unknown	2025-03-28 13:29:37
TIME	0.000
SIMULATE	unknown

TIME	16.649
ERROR		Vehicle leaves road at about x=15.6915, y=1.03334 TireNo=0
SIM_ABORT	unknown	16.652s	13.9656m
APPLICATION	CarMaker 12.0.1 - Car_Generic #5 (win64-12.0.1)
COMPILED	jetbrains@66e0c34c4bd1 2023-05-24 12:39:25
 
		I/O Configuration: default
SIM_START	unknown	2025-03-28 13:31:16
TIME	0.000
SIMULATE	unknown

TIME	39.068
SIM_END		unknown	39.065s	377.646m
APPLICATION	CarMaker 12.0.1 - Car_Generic #5 (win64-12.0.1)
COMPILED	jetbrains@66e0c34c4bd1 2023-05-24 12:39:25
 
		I/O Configuration: default
SIM_START	unknown	2025-03-28 13:37:29
TIME	0.000
SIMULATE	unknown

TIME	17.506
ERROR		Vehicle leaves road at about x=25.0495, y=5.30444 TireNo=0
SIM_ABORT	unknown	17.509s	190.609m
APPLICATION	CarMaker 12.0.1 - Car_Generic #5 (win64-12.0.1)
COMPILED	jetbrains@66e0c34c4bd1 2023-05-24 12:39:25
 
		I/O Configuration: default
SIM_START	unknown	2025-03-28 13:42:46
TIME	0.000
SIMULATE	unknown

TIME	23.075
SIM_END		unknown	23.072s	237.818m
APPLICATION	CarMaker 12.0.1 - Car_Generic #5 (win64-12.0.1)
COMPILED	jetbrains@66e0c34c4bd1 2023-05-24 12:39:25
 
		I/O Configuration: default
SIM_START	unknown	2025-03-28 13:44:48
TIME	0.000
SIMULATE	unknown

TIME	3.831
ERROR		Vehicle leaves road at about x=39.5958, y=-5.82614 TireNo=0
SIM_ABORT	unknown	3.834s	38.5781m
APPLICATION	CarMaker 12.0.1 - Car_Generic #5 (win64-12.0.1)
COMPILED	jetbrains@66e0c34c4bd1 2023-05-24 12:39:25
 
		I/O Configuration: default
SIM_START	unknown	2025-03-28 13:45:07
TIME	0.000
SIMULATE	unknown

TIME	15.482
ERROR		Vehicle leaves road at about x=26.0006, y=8.99886 TireNo=0
SIM_ABORT	unknown	15.485s	146.577m
APPLICATION	CarMaker 12.0.1 - Car_Generic #5 (win64-12.0.1)
COMPILED	jetbrains@66e0c34c4bd1 2023-05-24 12:39:25
 
		I/O Configuration: default
SIM_START	unknown	2025-03-28 13:47:55
TIME	0.000
SIMULATE	unknown

TIME	27.691
SIM_END		unknown	27.688s	221.117m
APPLICATION	CarMaker 12.0.1 - Car_Generic #5 (win64-12.0.1)
COMPILED	jetbrains@66e0c34c4bd1 2023-05-24 12:39:25
 
		I/O Configuration: default
SIM_START	unknown	2025-03-28 13:49:15
TIME	0.000
SIMULATE	unknown

TIME	18.251
SIM_END		unknown	18.248s	123.206m
APPLICATION	CarMaker 12.0.1 - Car_Generic #5 (win64-12.0.1)
COMPILED	jetbrains@66e0c34c4bd1 2023-05-24 12:39:25
 
		I/O Configuration: default
SIM_START	unknown	2025-03-28 14:06:43
TIME	0.000
SIMULATE	unknown

TIME	33.269
SIM_END		unknown	33.266s	235.5m
APPLICATION	CarMaker 12.0.1 - Car_Generic #5 (win64-12.0.1)
COMPILED	jetbrains@66e0c34c4bd1 2023-05-24 12:39:25
 
		I/O Configuration: default
SIM_START	unknown	2025-03-28 14:14:31
TIME	0.000
SIMULATE	unknown

TIME	29.805
SIM_END		unknown	29.802s	189.316m
APPLICATION	CarMaker 12.0.1 - Car_Generic #5 (win64-12.0.1)
COMPILED	jetbrains@66e0c34c4bd1 2023-05-24 12:39:25
 
		I/O Configuration: default
SIM_START	unknown	2025-03-28 14:31:06
TIME	0.000
SIMULATE	unknown

TIME	27.239
ERROR		Vehicle leaves road at about x=31.2587, y=1.12525 TireNo=0
SIM_ABORT	unknown	27.242s	336.691m
APPLICATION	CarMaker 12.0.1 - Car_Generic #5 (win64-12.0.1)
COMPILED	jetbrains@66e0c34c4bd1 2023-05-24 12:39:25
 
		I/O Configuration: default
SIM_START	unknown	2025-03-28 14:32:49
TIME	0.000
SIMULATE	unknown

TIME	45.716
ERROR		Vehicle leaves road at about x=27.8841, y=1.46242 TireNo=0
SIM_ABORT	unknown	45.719s	593.55m
APPLICATION	CarMaker 12.0.1 - Car_Generic #5 (win64-12.0.1)
COMPILED	jetbrains@66e0c34c4bd1 2023-05-24 12:39:25
 
		I/O Configuration: default
SIM_START	unknown	2025-03-28 14:36:31
TIME	0.000
SIMULATE	unknown

TIME	59.079
ERROR		Vehicle leaves road at about x=40.1874, y=-9.10522 TireNo=0
SIM_ABORT	unknown	59.082s	718.685m
APPLICATION	CarMaker 12.0.1 - Car_Generic #5 (win64-12.0.1)
COMPILED	jetbrains@66e0c34c4bd1 2023-05-24 12:39:25
 
		I/O Configuration: default
SIM_START	unknown	2025-03-28 14:39:02
TIME	0.000
SIMULATE	unknown

TIME	42.389
ERROR		Vehicle leaves road at about x=27.389, y=1.72864 TireNo=0
SIM_ABORT	unknown	42.392s	559.578m
APPLICATION	CarMaker 12.0.1 - Car_Generic #5 (win64-12.0.1)
COMPILED	jetbrains@66e0c34c4bd1 2023-05-24 12:39:25
 
		I/O Configuration: default
SIM_START	unknown	2025-03-28 14:45:35
TIME	0.000
SIMULATE	unknown

TIME	28.897
ERROR		Vehicle leaves road at about x=29.6197, y=0.989589 TireNo=0
SIM_ABORT	unknown	28.9s	359.96m
APPLICATION	CarMaker 12.0.1 - Car_Generic #5 (win64-12.0.1)
COMPILED	jetbrains@66e0c34c4bd1 2023-05-24 12:39:25
 
		I/O Configuration: default
SIM_START	unknown	2025-03-28 15:02:02
TIME	0.000
SIMULATE	unknown

TIME	15.252
ERROR		Vehicle leaves road at about x=20.6596, y=-13.5035 TireNo=0
SIM_ABORT	unknown	15.255s	165.373m
APPLICATION	CarMaker 12.0.1 - Car_Generic #5 (win64-12.0.1)
COMPILED	jetbrains@66e0c34c4bd1 2023-05-24 12:39:25
 
		I/O Configuration: default
SIM_START	unknown	2025-03-28 15:06:32
TIME	0.000
SIMULATE	unknown

SIM_END		unknown	0s	0m
APPLICATION	CarMaker 12.0.1 - Car_Generic #5 (win64-12.0.1)
COMPILED	jetbrains@66e0c34c4bd1 2023-05-24 12:39:25
 
		I/O Configuration: default
SIM_START	unknown	2025-03-28 15:08:40
TIME	0.000
SIMULATE	unknown

TIME	8.698
SIM_END		unknown	8.695s	0.113908m
APPLICATION	CarMaker 12.0.1 - Car_Generic #5 (win64-12.0.1)
COMPILED	jetbrains@66e0c34c4bd1 2023-05-24 12:39:25
 
		I/O Configuration: default
SIM_START	unknown	2025-03-28 15:13:34
TIME	0.000
SIMULATE	unknown

TIME	11.362
SIM_END		unknown	11.359s	0.139062m
APPLICATION	CarMaker 12.0.1 - Car_Generic #5 (win64-12.0.1)
COMPILED	jetbrains@66e0c34c4bd1 2023-05-24 12:39:25
 
		I/O Configuration: default
SIM_START	unknown	2025-03-28 15:14:41
TIME	0.000
SIMULATE	unknown

TIME	14.367
ERROR		Vehicle leaves road at about x=26.3055, y=-12.5534 TireNo=1
SIM_ABORT	unknown	14.37s	54.1252m
APPLICATION	CarMaker 12.0.1 - Car_Generic #5 (win64-12.0.1)
COMPILED	jetbrains@66e0c34c4bd1 2023-05-24 12:39:25
 
		I/O Configuration: default
SIM_START	unknown	2025-03-28 15:16:03
TIME	0.000
SIMULATE	unknown

TIME	9.666
ERROR		Vehicle leaves road at about x=31.645, y=-4.62642 TireNo=1
SIM_ABORT	unknown	9.669s	79.6949m
APPLICATION	CarMaker 12.0.1 - Car_Generic #5 (win64-12.0.1)
COMPILED	jetbrains@66e0c34c4bd1 2023-05-24 12:39:25
 
		I/O Configuration: default
SIM_START	unknown	2025-03-28 15:24:26
TIME	0.000
SIMULATE	unknown

TIME	14.297
ERROR		Vehicle leaves road at about x=34.2694, y=-6.86982 TireNo=1
SIM_ABORT	unknown	14.3s	121.658m
APPLICATION	CarMaker 12.0.1 - Car_Generic #5 (win64-12.0.1)
COMPILED	jetbrains@66e0c34c4bd1 2023-05-24 12:39:25
 
		I/O Configuration: default
SIM_START	unknown	2025-03-28 15:26:39
TIME	0.000
SIMULATE	unknown

TIME	15.420
ERROR		Vehicle leaves road at about x=20.3909, y=-5.6482 TireNo=0
SIM_ABORT	unknown	15.423s	117.98m
APPLICATION	CarMaker 12.0.1 - Car_Generic #5 (win64-12.0.1)
COMPILED	jetbrains@66e0c34c4bd1 2023-05-24 12:39:25
 
		I/O Configuration: default
SIM_START	unknown	2025-03-28 15:28:42
TIME	0.000
SIMULATE	unknown

TIME	21.650
ERROR		Vehicle leaves road at about x=26.8355, y=-5.44872 TireNo=1
SIM_ABORT	unknown	21.653s	209.069m
APPLICATION	CarMaker 12.0.1 - Car_Generic #5 (win64-12.0.1)
COMPILED	jetbrains@66e0c34c4bd1 2023-05-24 12:39:25
 
		I/O Configuration: default
SIM_START	unknown	2025-03-28 15:48:05
TIME	0.000
SIMULATE	unknown

TIME	10.839
ERROR		Vehicle leaves road at about x=29.3834, y=-4.36481 TireNo=1
SIM_ABORT	unknown	10.842s	111.251m
APPLICATION	CarMaker 12.0.1 - Car_Generic #5 (win64-12.0.1)
COMPILED	jetbrains@66e0c34c4bd1 2023-05-24 12:39:25
 
		I/O Configuration: default
SIM_START	unknown	2025-03-28 15:51:05
TIME	0.000
SIMULATE	unknown

TIME	19.561
ERROR		Vehicle leaves road at about x=-42.2396, y=16.6068 TireNo=1
SIM_ABORT	unknown	19.564s	241.797m
APPLICATION	CarMaker 12.0.1 - Car_Generic #5 (win64-12.0.1)
COMPILED	jetbrains@66e0c34c4bd1 2023-05-24 12:39:25
 
		I/O Configuration: default
SIM_START	unknown	2025-03-28 15:55:37
TIME	0.000
SIMULATE	unknown

TIME	48.215
ERROR		Vehicle leaves road at about x=-92.0381, y=15.8548 TireNo=1
SIM_ABORT	unknown	48.218s	954.139m
APPLICATION	CarMaker 12.0.1 - Car_Generic #5 (win64-12.0.1)
COMPILED	jetbrains@66e0c34c4bd1 2023-05-24 12:39:25
 
		I/O Configuration: default
SIM_START	unknown	2025-03-28 15:59:47
TIME	0.000
SIMULATE	unknown

TIME	5.714
ERROR		Vehicle leaves road at about x=31.1658, y=-19.4086 TireNo=0
SIM_ABORT	unknown	5.717s	51.6207m
APPLICATION	CarMaker 12.0.1 - Car_Generic #5 (win64-12.0.1)
COMPILED	jetbrains@66e0c34c4bd1 2023-05-24 12:39:25
 
		I/O Configuration: default
SIM_START	unknown	2025-03-28 16:00:15
TIME	0.000
SIMULATE	unknown

TIME	30.982
ERROR		Vehicle leaves road at about x=20.0345, y=-11.7106 TireNo=0
SIM_ABORT	unknown	30.985s	362.027m
APPLICATION	CarMaker 12.0.1 - Car_Generic #5 (win64-12.0.1)
COMPILED	jetbrains@66e0c34c4bd1 2023-05-24 12:39:25
 
		I/O Configuration: default
SIM_START	unknown	2025-03-28 16:03:22
TIME	0.000
SIMULATE	unknown

TIME	29.147
ERROR		Vehicle leaves road at about x=29.5881, y=0.995704 TireNo=0
SIM_ABORT	unknown	29.15s	372.855m
APPLICATION	CarMaker 12.0.1 - Car_Generic #5 (win64-12.0.1)
COMPILED	jetbrains@66e0c34c4bd1 2023-05-24 12:39:25
 
		I/O Configuration: default
SIM_START	unknown	2025-03-28 16:32:42
TIME	0.000
SIMULATE	unknown

SIM_END		unknown	1.728s	0.0217677m
APPLICATION	CarMaker 12.0.1 - Car_Generic #5 (win64-12.0.1)
COMPILED	jetbrains@66e0c34c4bd1 2023-05-24 12:39:25
 
		I/O Configuration: default
SIM_START	unknown	2025-03-28 16:33:16
TIME	0.000
SIMULATE	unknown

TIME	4.775
ERROR		Vehicle leaves road at about x=32.7602, y=-13.3033 TireNo=1
SIM_ABORT	unknown	4.778s	47.7018m
APPLICATION	CarMaker 12.0.1 - Car_Generic #5 (win64-12.0.1)
COMPILED	jetbrains@66e0c34c4bd1 2023-05-24 12:39:25
 
		I/O Configuration: default
SIM_START	unknown	2025-03-28 16:34:46
TIME	0.000
SIMULATE	unknown

TIME	19.357
ERROR		Vehicle leaves road at about x=32.9886, y=1.93886 TireNo=0
SIM_ABORT	unknown	19.36s	223.144m
APPLICATION	CarMaker 12.0.1 - Car_Generic #5 (win64-12.0.1)
COMPILED	jetbrains@66e0c34c4bd1 2023-05-24 12:39:25
 
		I/O Configuration: default
SIM_START	unknown	2025-03-28 16:38:08
TIME	0.000
SIMULATE	unknown

TIME	54.764
ERROR		Vehicle leaves road at about x=44.6225, y=-4.39297 TireNo=1
SIM_ABORT	unknown	54.767s	606.358m
APPLICATION	CarMaker 12.0.1 - Car_Generic #5 (win64-12.0.1)
COMPILED	jetbrains@66e0c34c4bd1 2023-05-24 12:39:25
 
		I/O Configuration: default
SIM_START	unknown	2025-03-28 16:52:33
TIME	0.000
SIMULATE	unknown

TIME	54.594
ERROR		Vehicle leaves road at about x=33.2606, y=-18.9327 TireNo=0
SIM_ABORT	unknown	54.597s	142.951m
APPLICATION	CarMaker 12.0.1 - Car_Generic #5 (win64-12.0.1)
COMPILED	jetbrains@66e0c34c4bd1 2023-05-24 12:39:25
 
		I/O Configuration: default
SIM_START	unknown	2025-03-28 16:54:36
TIME	0.000
SIMULATE	unknown

TIME	5.748
ERROR		Vehicle leaves road at about x=40.1405, y=-8.25596 TireNo=2
SIM_ABORT	unknown	5.751s	41.4897m
APPLICATION	CarMaker 12.0.1 - Car_Generic #5 (win64-12.0.1)
COMPILED	jetbrains@66e0c34c4bd1 2023-05-24 12:39:25
 
		I/O Configuration: default
SIM_START	unknown	2025-03-28 16:55:13
TIME	0.000
SIMULATE	unknown

TIME	6.263
ERROR		Vehicle leaves road at about x=31.8053, y=-13.8183 TireNo=1
SIM_ABORT	unknown	6.266s	51.6533m
APPLICATION	CarMaker 12.0.1 - Car_Generic #5 (win64-12.0.1)
COMPILED	jetbrains@66e0c34c4bd1 2023-05-24 12:39:25
 
		I/O Configuration: default
SIM_START	unknown	2025-03-28 16:55:58
TIME	0.000
SIMULATE	unknown

TIME	17.141
ERROR		Embedded FARoadSensor Geo:  xyz (39.06 -4.38 -0.00) not found on Road
SIM_ABORT	unknown	17.144s	179.049m
APPLICATION	CarMaker 12.0.1 - Car_Generic #5 (win64-12.0.1)
COMPILED	jetbrains@66e0c34c4bd1 2023-05-24 12:39:25
 
		I/O Configuration: default
SIM_START	unknown	2025-03-28 16:58:41
TIME	0.000
SIMULATE	unknown

TIME	5.382
ERROR		Vehicle leaves road at about x=39.468, y=-13.0191 TireNo=0
SIM_ABORT	unknown	5.385s	43.6744m
APPLICATION	CarMaker 12.0.1 - Car_Generic #5 (win64-12.0.1)
COMPILED	jetbrains@66e0c34c4bd1 2023-05-24 12:39:25
 
		I/O Configuration: default
SIM_START	unknown	2025-03-28 16:59:06
TIME	0.000
SIMULATE	unknown

TIME	25.525
ERROR		Vehicle leaves road at about x=39.3491, y=-13.3055 TireNo=0
SIM_ABORT	unknown	25.528s	291.075m
APPLICATION	CarMaker 12.0.1 - Car_Generic #5 (win64-12.0.1)
COMPILED	jetbrains@66e0c34c4bd1 2023-05-24 12:39:25
 
		I/O Configuration: default
SIM_START	unknown	2025-03-28 17:38:42
TIME	0.000
SIMULATE	unknown

TIME	5.012
ERROR		Vehicle leaves road at about x=39.6559, y=2.26814 TireNo=1
SIM_ABORT	unknown	5.015s	38.2216m
APPLICATION	CarMaker 12.0.1 - Car_Generic #5 (win64-12.0.1)
COMPILED	jetbrains@66e0c34c4bd1 2023-05-24 12:39:25
 
		I/O Configuration: default
SIM_START	unknown	2025-03-28 17:39:09
TIME	0.000
SIMULATE	unknown

TIME	32.390
ERROR		Embedded FARoadSensor Geo:  xyz (39.37 0.93 -0.00) not found on Road
SIM_ABORT	unknown	32.393s	263.684m
APPLICATION	CarMaker 12.0.1 - Car_Generic #5 (win64-12.0.1)
COMPILED	jetbrains@66e0c34c4bd1 2023-05-24 12:39:25
 
		I/O Configuration: default
SIM_START	unknown	2025-03-28 17:42:57
TIME	0.000
SIMULATE	unknown

TIME	7.684
ERROR		Vehicle leaves road at about x=39.4438, y=10.2315 TireNo=1
SIM_ABORT	unknown	7.687s	43.7396m
APPLICATION	CarMaker 12.0.1 - Car_Generic #5 (win64-12.0.1)
COMPILED	jetbrains@66e0c34c4bd1 2023-05-24 12:39:25
 
		I/O Configuration: default
SIM_START	unknown	2025-03-28 17:43:20
TIME	0.000
SIMULATE	unknown

TIME	48.354
ERROR		Vehicle leaves road at about x=26.3818, y=-5.87927 TireNo=0
SIM_ABORT	unknown	48.357s	540.818m
APPLICATION	CarMaker 12.0.1 - Car_Generic #5 (win64-12.0.1)
COMPILED	jetbrains@66e0c34c4bd1 2023-05-24 12:39:25
 
		I/O Configuration: default
SIM_START	unknown	2025-03-28 18:13:36
TIME	0.000
SIMULATE	unknown

TIME	25.279
ERROR		Vehicle leaves road at about x=32.6901, y=10.2549 TireNo=0
SIM_ABORT	unknown	25.282s	281.746m
APPLICATION	CarMaker 12.0.1 - Car_Generic #5 (win64-12.0.1)
COMPILED	jetbrains@66e0c34c4bd1 2023-05-24 12:39:25
 
		I/O Configuration: default
SIM_START	unknown	2025-03-28 18:20:07
TIME	0.000
SIMULATE	unknown

TIME	15.646
ERROR		Vehicle leaves road at about x=34.7585, y=-8.14858 TireNo=1
SIM_ABORT	unknown	15.649s	126.79m
APPLICATION	CarMaker 12.0.1 - Car_Generic #5 (win64-12.0.1)
COMPILED	jetbrains@66e0c34c4bd1 2023-05-24 12:39:25
 
		I/O Configuration: default
SIM_START	unknown	2025-03-28 18:21:37
TIME	0.000
SIMULATE	unknown

TIME	32.290
ERROR		Vehicle leaves road at about x=29.2862, y=1.02842 TireNo=0
SIM_ABORT	unknown	32.293s	368.918m
APPLICATION	CarMaker 12.0.1 - Car_Generic #5 (win64-12.0.1)
COMPILED	jetbrains@66e0c34c4bd1 2023-05-24 12:39:25
 
		I/O Configuration: default
SIM_START	unknown	2025-03-28 18:36:51
TIME	0.000
SIMULATE	unknown

TIME	27.414
ERROR		Vehicle leaves road at about x=35.0034, y=-18.1494 TireNo=2
SIM_ABORT	unknown	27.417s	318.164m
APPLICATION	CarMaker 12.0.1 - Car_Generic #5 (win64-12.0.1)
COMPILED	jetbrains@66e0c34c4bd1 2023-05-24 12:39:25
 
		I/O Configuration: default
SIM_START	unknown	2025-03-28 18:41:06
TIME	0.000
SIMULATE	unknown

TIME	5.275
ERROR		Vehicle leaves road at about x=36.7419, y=-16.9073 TireNo=2
SIM_ABORT	unknown	5.278s	48.2432m
APPLICATION	CarMaker 12.0.1 - Car_Generic #5 (win64-12.0.1)
COMPILED	jetbrains@66e0c34c4bd1 2023-05-24 12:39:25
 
		I/O Configuration: default
SIM_START	unknown	2025-03-28 18:41:29
TIME	0.000
SIMULATE	unknown

TIME	21.630
ERROR		Vehicle leaves road at about x=21.0037, y=-14.1927 TireNo=0
SIM_ABORT	unknown	21.633s	236.784m
APPLICATION	CarMaker 12.0.1 - Car_Generic #5 (win64-12.0.1)
COMPILED	jetbrains@66e0c34c4bd1 2023-05-24 12:39:25
 
		I/O Configuration: default
SIM_START	unknown	2025-03-28 18:51:46
TIME	0.000
SIMULATE	unknown

TIME	18.522
ERROR		Vehicle leaves road at about x=29.3112, y=-19.4602 TireNo=0
SIM_ABORT	unknown	18.525s	194.989m
APPLICATION	CarMaker 12.0.1 - Car_Generic #5 (win64-12.0.1)
COMPILED	jetbrains@66e0c34c4bd1 2023-05-24 12:39:25
 
		I/O Configuration: default
SIM_START	unknown	2025-03-28 18:53:40
TIME	0.000
SIMULATE	unknown

TIME	9.789
ERROR		Vehicle leaves road at about x=67.0254, y=-1.05796 TireNo=0
SIM_ABORT	unknown	9.792s	65.2413m
APPLICATION	CarMaker 12.0.1 - Car_Generic #5 (win64-12.0.1)
COMPILED	jetbrains@66e0c34c4bd1 2023-05-24 12:39:25
 
		I/O Configuration: default
SIM_START	unknown	2025-03-28 18:54:09
TIME	0.000
SIMULATE	unknown

TIME	27.636
ERROR		Vehicle leaves road at about x=28.6563, y=1.17289 TireNo=0
SIM_ABORT	unknown	27.639s	311.462m
APPLICATION	CarMaker 12.0.1 - Car_Generic #5 (win64-12.0.1)
COMPILED	jetbrains@66e0c34c4bd1 2023-05-24 12:39:25
 
		I/O Configuration: default
SIM_START	unknown	2025-03-28 19:00:32
TIME	0.000
SIMULATE	unknown

TIME	20.764
ERROR		Vehicle leaves road at about x=36.8739, y=-16.7889 TireNo=0
SIM_ABORT	unknown	20.767s	244.365m
APPLICATION	CarMaker 12.0.1 - Car_Generic #5 (win64-12.0.1)
COMPILED	jetbrains@66e0c34c4bd1 2023-05-24 12:39:25
 
		I/O Configuration: default
SIM_START	unknown	2025-03-28 19:02:34
TIME	0.000
SIMULATE	unknown

TIME	16.729
ERROR		Vehicle leaves road at about x=36.3906, y=-17.2083 TireNo=0
SIM_ABORT	unknown	16.732s	188.08m
APPLICATION	CarMaker 12.0.1 - Car_Generic #5 (win64-12.0.1)
COMPILED	jetbrains@66e0c34c4bd1 2023-05-24 12:39:25
 
		I/O Configuration: default
SIM_START	unknown	2025-03-28 19:05:33
TIME	0.000
SIMULATE	unknown

TIME	16.804
ERROR		Vehicle leaves road at about x=20.3183, y=-12.6606 TireNo=0
SIM_ABORT	unknown	16.807s	200.102m
APPLICATION	CarMaker 12.0.1 - Car_Generic #5 (win64-12.0.1)
COMPILED	jetbrains@66e0c34c4bd1 2023-05-24 12:39:25
 
		I/O Configuration: default
SIM_START	unknown	2025-03-28 19:07:01
TIME	0.000
SIMULATE	unknown

TIME	17.602
ERROR		Vehicle leaves road at about x=19.8367, y=-7.81518 TireNo=2
SIM_ABORT	unknown	17.605s	222.96m
APPLICATION	CarMaker 12.0.1 - Car_Generic #5 (win64-12.0.1)
COMPILED	jetbrains@66e0c34c4bd1 2023-05-24 12:39:25
 
		I/O Configuration: default
SIM_START	unknown	2025-03-28 19:10:13
TIME	0.000
SIMULATE	unknown

TIME	33.463
ERROR		Vehicle leaves road at about x=28.4278, y=1.23573 TireNo=0
SIM_ABORT	unknown	33.466s	416.264m
APPLICATION	CarMaker 12.0.1 - Car_Generic #5 (win64-12.0.1)
COMPILED	jetbrains@66e0c34c4bd1 2023-05-24 12:39:25
 
		I/O Configuration: default
SIM_START	unknown	2025-03-28 19:12:38
TIME	0.000
SIMULATE	unknown

TIME	17.862
ERROR		Vehicle leaves road at about x=28.6058, y=1.17747 TireNo=0
SIM_ABORT	unknown	17.865s	207.78m
APPLICATION	CarMaker 12.0.1 - Car_Generic #5 (win64-12.0.1)
COMPILED	jetbrains@66e0c34c4bd1 2023-05-24 12:39:25
 
		I/O Configuration: default
SIM_START	unknown	2025-03-28 19:14:52
TIME	0.000
SIMULATE	unknown

TIME	21.383
SIM_END		unknown	21.38s	250.307m
APPLICATION	CarMaker 12.0.1 - Car_Generic #5 (win64-12.0.1)
COMPILED	jetbrains@66e0c34c4bd1 2023-05-24 12:39:25
 
		I/O Configuration: default
SIM_START	unknown	2025-03-28 19:16:44
TIME	0.000
SIMULATE	unknown

TIME	3.833
SIM_END		unknown	3.83s	0.0545545m
APPLICATION	CarMaker 12.0.1 - Car_Generic #5 (win64-12.0.1)
COMPILED	jetbrains@66e0c34c4bd1 2023-05-24 12:39:25
 
		I/O Configuration: default
SIM_START	unknown	2025-03-28 19:25:11
TIME	0.000
SIMULATE	unknown

TIME	27.725
ERROR		Vehicle leaves road at about x=34.4588, y=-18.4368 TireNo=2
SIM_ABORT	unknown	27.728s	291.167m
