APPLICATION	CarMaker 12.0.1 - Car_Generic #5 (win64-12.0.1)
COMPILED	jetbrains@66e0c34c4bd1 2023-05-24 12:39:25
 
		I/O Configuration: default
SIM_START	unknown	2025-01-28 14:25:12
TIME	0.000
SIMULATE	unknown

TIME	114.730
SIM_END		unknown	114.727s	0.00248002m
APPLICATION	CarMaker 12.0.1 - Car_Generic #5 (win64-12.0.1)
COMPILED	jetbrains@66e0c34c4bd1 2023-05-24 12:39:25
 
		I/O Configuration: default
SIM_START	unknown	2025-01-28 14:27:58
TIME	0.000
SIMULATE	unknown

TIME	21.079
SIM_END		unknown	21.076s	0.000448097m
APPLICATION	CarMaker 12.0.1 - Car_Generic #5 (win64-12.0.1)
COMPILED	jetbrains@66e0c34c4bd1 2023-05-24 12:39:25
 
		I/O Configuration: default
SIM_START	unknown	2025-01-28 14:31:25
TIME	0.000
SIMULATE	unknown

TIME	10.818
SIM_END		unknown	10.815s	0.000731097m
APPLICATION	CarMaker 12.0.1 - Car_Generic #5 (win64-12.0.1)
COMPILED	jetbrains@66e0c34c4bd1 2023-05-24 12:39:25
 
		I/O Configuration: default
SIM_START	unknown	2025-01-28 14:32:57
TIME	0.000
SIMULATE	unknown

TIME	4.322
SIM_END		unknown	4.319s	0.000189989m
APPLICATION	CarMaker 12.0.1 - Car_Generic #5 (win64-12.0.1)
COMPILED	jetbrains@66e0c34c4bd1 2023-05-24 12:39:25
 
		I/O Configuration: default
SIM_START	unknown	2025-01-28 14:37:02
TIME	0.000
SIMULATE	unknown

TIME	9.131
SIM_END		unknown	9.128s	0.000805214m
APPLICATION	CarMaker 12.0.1 - Car_Generic #5 (win64-12.0.1)
COMPILED	jetbrains@66e0c34c4bd1 2023-05-24 12:39:25
 
		I/O Configuration: default
SIM_START	unknown	2025-01-28 14:39:08
TIME	0.000
SIMULATE	unknown

TIME	5.099
SIM_END		unknown	5.096s	2.0195e-05m
APPLICATION	CarMaker 12.0.1 - Car_Generic #5 (win64-12.0.1)
COMPILED	jetbrains@66e0c34c4bd1 2023-05-24 12:39:25
 
		I/O Configuration: default
SIM_START	unknown	2025-01-28 14:41:52
TIME	0.000
SIMULATE	unknown

TIME	3.503
SIM_END		unknown	3.5s	1.33439e-05m
APPLICATION	CarMaker 12.0.1 - Car_Generic #5 (win64-12.0.1)
COMPILED	jetbrains@66e0c34c4bd1 2023-05-24 12:39:25
 
		I/O Configuration: default
SIM_START	unknown	2025-01-28 14:42:33
TIME	0.000
SIMULATE	unknown

TIME	3.519
SIM_END		unknown	3.516s	1.3348e-05m
APPLICATION	CarMaker 12.0.1 - Car_Generic #5 (win64-12.0.1)
COMPILED	jetbrains@66e0c34c4bd1 2023-05-24 12:39:25
 
		I/O Configuration: default
SIM_START	unknown	2025-01-28 14:43:49
TIME	0.000
SIMULATE	unknown

TIME	6.153
SIM_END		unknown	6.15s	0.000383655m
APPLICATION	CarMaker 12.0.1 - Car_Generic #5 (win64-12.0.1)
COMPILED	jetbrains@66e0c34c4bd1 2023-05-24 12:39:25
 
		I/O Configuration: default
SIM_START	unknown	2025-01-28 14:46:02
TIME	0.000
SIMULATE	unknown

TIME	7.646
SIM_END		unknown	7.643s	0.000182777m
APPLICATION	CarMaker 12.0.1 - Car_Generic #5 (win64-12.0.1)
COMPILED	jetbrains@66e0c34c4bd1 2023-05-24 12:39:25
 
		I/O Configuration: default
SIM_START	unknown	2025-01-28 14:49:26
TIME	0.000
SIMULATE	unknown

TIME	5.465
SIM_END		unknown	5.462s	5.42399e-05m
APPLICATION	CarMaker 12.0.1 - Car_Generic #5 (win64-12.0.1)
COMPILED	jetbrains@66e0c34c4bd1 2023-05-24 12:39:25
 
		I/O Configuration: default
SIM_START	unknown	2025-01-28 14:53:11
TIME	0.000
SIMULATE	unknown

TIME	6.005
SIM_END		unknown	6.002s	0.00015215m
APPLICATION	CarMaker 12.0.1 - Car_Generic #5 (win64-12.0.1)
COMPILED	jetbrains@66e0c34c4bd1 2023-05-24 12:39:25
 
		I/O Configuration: default
SIM_START	unknown	2025-01-28 14:54:03
TIME	0.000
SIMULATE	unknown

TIME	4.809
SIM_END		unknown	4.806s	0.000119129m
APPLICATION	CarMaker 12.0.1 - Car_Generic #5 (win64-12.0.1)
COMPILED	jetbrains@66e0c34c4bd1 2023-05-24 12:39:25
 
		I/O Configuration: default
SIM_START	unknown	2025-01-28 14:54:23
TIME	0.000
SIMULATE	unknown

TIME	4.040
SIM_END		unknown	4.037s	0.000100608m
APPLICATION	CarMaker 12.0.1 - Car_Generic #5 (win64-12.0.1)
COMPILED	jetbrains@66e0c34c4bd1 2023-05-24 12:39:25
 
		I/O Configuration: default
SIM_START	unknown	2025-01-28 14:57:33
TIME	0.000
SIMULATE	unknown

TIME	18.964
SIM_END		unknown	18.961s	0.000568552m
APPLICATION	CarMaker 12.0.1 - Car_Generic #5 (win64-12.0.1)
COMPILED	jetbrains@66e0c34c4bd1 2023-05-24 12:39:25
 
		I/O Configuration: default
SIM_START	unknown	2025-01-28 14:58:39
TIME	0.000
SIMULATE	unknown

TIME	7.731
SIM_END		unknown	7.728s	0.000459561m
APPLICATION	CarMaker 12.0.1 - Car_Generic #5 (win64-12.0.1)
COMPILED	jetbrains@66e0c34c4bd1 2023-05-24 12:39:25
 
		I/O Configuration: default
SIM_START	unknown	2025-01-28 14:59:52
TIME	0.000
SIMULATE	unknown

TIME	6.474
SIM_END		unknown	6.471s	0.000113303m
APPLICATION	CarMaker 12.0.1 - Car_Generic #5 (win64-12.0.1)
COMPILED	jetbrains@66e0c34c4bd1 2023-05-24 12:39:25
 
		I/O Configuration: default
SIM_START	unknown	2025-01-28 15:01:48
TIME	0.000
SIMULATE	unknown

TIME	7.160
SIM_END		unknown	7.157s	9.76131e-05m
APPLICATION	CarMaker 12.0.1 - Car_Generic #5 (win64-12.0.1)
COMPILED	jetbrains@66e0c34c4bd1 2023-05-24 12:39:25
 
		I/O Configuration: default
SIM_START	unknown	2025-01-28 15:04:58
TIME	0.000
SIMULATE	unknown

TIME	9.861
SIM_END		unknown	9.858s	0.000100378m
APPLICATION	CarMaker 12.0.1 - Car_Generic #5 (win64-12.0.1)
COMPILED	jetbrains@66e0c34c4bd1 2023-05-24 12:39:25
 
		I/O Configuration: default
SIM_START	unknown	2025-01-28 15:06:21
TIME	0.000
SIMULATE	unknown

TIME	6.978
SIM_END		unknown	6.975s	6.45742e-05m
APPLICATION	CarMaker 12.0.1 - Car_Generic #5 (win64-12.0.1)
COMPILED	jetbrains@66e0c34c4bd1 2023-05-24 12:39:25
 
		I/O Configuration: default
SIM_START	unknown	2025-01-28 15:20:55
TIME	0.000
SIMULATE	unknown

TIME	7.013
SIM_END		unknown	7.01s	7.93815e-05m
APPLICATION	CarMaker 12.0.1 - Car_Generic #5 (win64-12.0.1)
COMPILED	jetbrains@66e0c34c4bd1 2023-05-24 12:39:25
 
		I/O Configuration: default
SIM_START	unknown	2025-01-28 15:24:35
TIME	0.000
SIMULATE	unknown

TIME	6.587
SIM_END		unknown	6.584s	0.000322629m
APPLICATION	CarMaker 12.0.1 - Car_Generic #5 (win64-12.0.1)
COMPILED	jetbrains@66e0c34c4bd1 2023-05-24 12:39:25
 
		I/O Configuration: default
SIM_START	unknown	2025-01-28 15:26:41
TIME	0.000
SIMULATE	unknown

TIME	15.652
SIM_END		unknown	15.649s	0.02297m
APPLICATION	CarMaker 12.0.1 - Car_Generic #5 (win64-12.0.1)
COMPILED	jetbrains@66e0c34c4bd1 2023-05-24 12:39:25
 
		I/O Configuration: default
SIM_START	unknown	2025-01-28 15:27:40
TIME	0.000
SIMULATE	unknown

TIME	6.458
SIM_END		unknown	6.455s	0.0103914m
APPLICATION	CarMaker 12.0.1 - Car_Generic #5 (win64-12.0.1)
COMPILED	jetbrains@66e0c34c4bd1 2023-05-24 12:39:25
 
		I/O Configuration: default
SIM_START	unknown	2025-01-28 15:31:32
TIME	0.000
SIMULATE	unknown

TIME	14.603
SIM_END		unknown	14.6s	0.036415m
APPLICATION	CarMaker 12.0.1 - Car_Generic #5 (win64-12.0.1)
COMPILED	jetbrains@66e0c34c4bd1 2023-05-24 12:39:25
 
		I/O Configuration: default
SIM_START	unknown	2025-01-28 15:33:12
TIME	0.000
SIMULATE	unknown

TIME	24.093
SIM_END		unknown	24.09s	0.226884m
APPLICATION	CarMaker 12.0.1 - Car_Generic #5 (win64-12.0.1)
COMPILED	jetbrains@66e0c34c4bd1 2023-05-24 12:39:25
 
		I/O Configuration: default
SIM_START	unknown	2025-01-28 15:36:22
TIME	0.000
SIMULATE	unknown

TIME	2.869
ERROR		Vehicle leaves road at about x=39.4118, y=-7.60532 TireNo=1
SIM_ABORT	unknown	2.872s	37.8085m
APPLICATION	CarMaker 12.0.1 - Car_Generic #5 (win64-12.0.1)
COMPILED	jetbrains@66e0c34c4bd1 2023-05-24 12:39:25
 
		I/O Configuration: default
SIM_START	unknown	2025-01-28 15:37:00
TIME	0.000
SIMULATE	unknown

TIME	22.774
SIM_END		unknown	22.771s	680.131m
APPLICATION	CarMaker 12.0.1 - Car_Generic #5 (win64-12.0.1)
COMPILED	jetbrains@66e0c34c4bd1 2023-05-24 12:39:25
 
		I/O Configuration: default
SIM_START	unknown	2025-01-28 15:38:42
TIME	0.000
SIMULATE	unknown

TIME	26.936
SIM_END		unknown	26.933s	207.56m
APPLICATION	CarMaker 12.0.1 - Car_Generic #5 (win64-12.0.1)
COMPILED	jetbrains@66e0c34c4bd1 2023-05-24 12:39:25
 
		I/O Configuration: default
SIM_START	unknown	2025-01-28 15:40:03
TIME	0.000
SIMULATE	unknown

TIME	9.733
SIM_END		unknown	9.73s	94.1434m
APPLICATION	CarMaker 12.0.1 - Car_Generic #5 (win64-12.0.1)
COMPILED	jetbrains@66e0c34c4bd1 2023-05-24 12:39:25
 
		I/O Configuration: default
SIM_START	unknown	2025-01-28 15:41:44
TIME	0.000
SIMULATE	unknown

TIME	7.971
SIM_END		unknown	7.968s	7.17891e-05m
APPLICATION	CarMaker 12.0.1 - Car_Generic #5 (win64-12.0.1)
COMPILED	jetbrains@66e0c34c4bd1 2023-05-24 12:39:25
 
		I/O Configuration: default
SIM_START	unknown	2025-01-28 15:46:27
TIME	0.000
SIMULATE	unknown

TIME	10.370
SIM_END		unknown	10.367s	0.000279663m
APPLICATION	CarMaker 12.0.1 - Car_Generic #5 (win64-12.0.1)
COMPILED	jetbrains@66e0c34c4bd1 2023-05-24 12:39:25
 
		I/O Configuration: default
SIM_START	unknown	2025-01-28 15:47:11
TIME	0.000
SIMULATE	unknown

TIME	5.128
SIM_END		unknown	5.125s	3.09271e-05m
