APPLICATION	CarMaker 12.0.1 - Car_Generic #5 (win64-12.0.1)
COMPILED	jetbrains@66e0c34c4bd1 2023-05-24 12:39:25
 
		I/O Configuration: default
SIM_START	unknown	2025-02-25 14:08:35
TIME	0.000
SIMULATE	unknown

TIME	12.611
SIM_END		unknown	12.608s	0.0554226m
APPLICATION	CarMaker 12.0.1 - Car_Generic #5 (win64-12.0.1)
COMPILED	jetbrains@66e0c34c4bd1 2023-05-24 12:39:25
 
		I/O Configuration: default
SIM_START	unknown	2025-02-25 14:09:28
TIME	0.000
SIMULATE	unknown

TIME	10.027
SIM_END		unknown	10.024s	0.047086m
APPLICATION	CarMaker 12.0.1 - Car_Generic #5 (win64-12.0.1)
COMPILED	jetbrains@66e0c34c4bd1 2023-05-24 12:39:25
 
		I/O Configuration: default
SIM_START	unknown	2025-02-25 14:10:15
TIME	0.000
SIMULATE	unknown

TIME	3.849
ERROR		Vehicle leaves road at about x=33.4918, y=-7.60201 TireNo=1
SIM_ABORT	unknown	3.852s	31.8292m
APPLICATION	CarMaker 12.0.1 - Car_Generic #5 (win64-12.0.1)
COMPILED	jetbrains@66e0c34c4bd1 2023-05-24 12:39:25
 
		I/O Configuration: default
SIM_START	unknown	2025-02-25 14:11:18
TIME	0.000
SIMULATE	unknown

SIM_END		unknown	0s	0m
APPLICATION	CarMaker 12.0.1 - Car_Generic #5 (win64-12.0.1)
COMPILED	jetbrains@66e0c34c4bd1 2023-05-24 12:39:25
 
		I/O Configuration: default
SIM_START	unknown	2025-02-25 14:16:34
TIME	0.000
SIMULATE	unknown

TIME	17.396
ERROR		Vehicle leaves road at about x=11.0299, y=1.05485 TireNo=0
SIM_ABORT	unknown	17.399s	9.87818m
APPLICATION	CarMaker 12.0.1 - Car_Generic #5 (win64-12.0.1)
COMPILED	jetbrains@66e0c34c4bd1 2023-05-24 12:39:25
 
		I/O Configuration: default
SIM_START	unknown	2025-02-25 14:17:47
TIME	0.000
SIMULATE	unknown

TIME	21.585
ERROR		Vehicle leaves road at about x=66.9528, y=-7.94221 TireNo=1
SIM_ABORT	unknown	21.588s	68.1753m
APPLICATION	CarMaker 12.0.1 - Car_Generic #5 (win64-12.0.1)
COMPILED	jetbrains@66e0c34c4bd1 2023-05-24 12:39:25
 
		I/O Configuration: default
SIM_START	unknown	2025-02-25 14:21:34
TIME	0.000
SIMULATE	unknown

TIME	12.752
ERROR		Vehicle leaves road at about x=16.0304, y=1.03222 TireNo=0
SIM_ABORT	unknown	12.755s	14.2128m
APPLICATION	CarMaker 12.0.1 - Car_Generic #5 (win64-12.0.1)
COMPILED	jetbrains@66e0c34c4bd1 2023-05-24 12:39:25
 
		I/O Configuration: default
SIM_START	unknown	2025-02-25 14:23:55
TIME	0.000
SIMULATE	unknown

TIME	12.926
ERROR		Vehicle leaves road at about x=73.3004, y=-17.7827 TireNo=1
SIM_ABORT	unknown	12.929s	80.6945m
APPLICATION	CarMaker 12.0.1 - Car_Generic #5 (win64-12.0.1)
COMPILED	jetbrains@66e0c34c4bd1 2023-05-24 12:39:25
 
		I/O Configuration: default
SIM_START	unknown	2025-02-25 14:24:49
TIME	0.000
SIMULATE	unknown

TIME	4.384
ERROR		Vehicle leaves road at about x=40.26, y=4.62259 TireNo=1
SIM_ABORT	unknown	4.387s	40.0486m
APPLICATION	CarMaker 12.0.1 - Car_Generic #5 (win64-12.0.1)
COMPILED	jetbrains@66e0c34c4bd1 2023-05-24 12:39:25
 
		I/O Configuration: default
SIM_START	unknown	2025-02-25 14:26:01
TIME	0.000
SIMULATE	unknown

TIME	27.654
ERROR		Vehicle leaves road at about x=18.3979, y=-4.28012 TireNo=1
SIM_ABORT	unknown	27.657s	16.5607m
APPLICATION	CarMaker 12.0.1 - Car_Generic #5 (win64-12.0.1)
COMPILED	jetbrains@66e0c34c4bd1 2023-05-24 12:39:25
 
		I/O Configuration: default
SIM_START	unknown	2025-02-25 14:27:27
TIME	0.000
SIMULATE	unknown

TIME	14.779
ERROR		Vehicle leaves road at about x=74.0436, y=-13.5959 TireNo=0
SIM_ABORT	unknown	14.782s	76.6848m
APPLICATION	CarMaker 12.0.1 - Car_Generic #5 (win64-12.0.1)
COMPILED	jetbrains@66e0c34c4bd1 2023-05-24 12:39:25
 
		I/O Configuration: default
SIM_START	unknown	2025-02-25 14:30:32
TIME	0.000
SIMULATE	unknown

TIME	10.235
ERROR		Vehicle leaves road at about x=112.614, y=2.60201 TireNo=2
SIM_ABORT	unknown	10.238s	114.271m
APPLICATION	CarMaker 12.0.1 - Car_Generic #5 (win64-12.0.1)
COMPILED	jetbrains@66e0c34c4bd1 2023-05-24 12:39:25
 
		I/O Configuration: default
SIM_START	unknown	2025-02-25 14:33:51
TIME	0.000
SIMULATE	unknown

TIME	36.757
ERROR		Vehicle leaves road at about x=304.577, y=2.60146 TireNo=1
SIM_ABORT	unknown	36.76s	306.034m
APPLICATION	CarMaker 12.0.1 - Car_Generic #5 (win64-12.0.1)
COMPILED	jetbrains@66e0c34c4bd1 2023-05-24 12:39:25
 
		I/O Configuration: default
SIM_START	unknown	2025-02-25 14:36:48
TIME	0.000
SIMULATE	unknown

TIME	18.911
ERROR		Vehicle leaves road at about x=247.528, y=2.60286 TireNo=1
SIM_ABORT	unknown	18.914s	252.71m
APPLICATION	CarMaker 12.0.1 - Car_Generic #5 (win64-12.0.1)
COMPILED	jetbrains@66e0c34c4bd1 2023-05-24 12:39:25
 
		I/O Configuration: default
SIM_START	unknown	2025-02-25 14:39:17
TIME	0.000
SIMULATE	unknown

TIME	9.937
ERROR		Vehicle leaves road at about x=87.2962, y=2.60287 TireNo=0
SIM_ABORT	unknown	9.94s	86.3139m
APPLICATION	CarMaker 12.0.1 - Car_Generic #5 (win64-12.0.1)
COMPILED	jetbrains@66e0c34c4bd1 2023-05-24 12:39:25
 
		I/O Configuration: default
SIM_START	unknown	2025-02-25 14:41:50
TIME	0.000
SIMULATE	unknown

TIME	33.536
ERROR		Vehicle leaves road at about x=154.025, y=2.60901 TireNo=1
SIM_ABORT	unknown	33.539s	156.277m
APPLICATION	CarMaker 12.0.1 - Car_Generic #5 (win64-12.0.1)
COMPILED	jetbrains@66e0c34c4bd1 2023-05-24 12:39:25
 
		I/O Configuration: default
SIM_START	unknown	2025-02-25 14:45:14
TIME	0.000
SIMULATE	unknown

TIME	7.207
ERROR		Vehicle leaves road at about x=37.5168, y=2.60062 TireNo=0
SIM_ABORT	unknown	7.21s	35.8528m
APPLICATION	CarMaker 12.0.1 - Car_Generic #5 (win64-12.0.1)
COMPILED	jetbrains@66e0c34c4bd1 2023-05-24 12:39:25
 
		I/O Configuration: default
SIM_START	unknown	2025-02-25 14:46:20
TIME	0.000
SIMULATE	unknown

TIME	4.796
ERROR		Vehicle leaves road at about x=35.6992, y=2.60611 TireNo=0
SIM_ABORT	unknown	4.799s	36.9326m
APPLICATION	CarMaker 12.0.1 - Car_Generic #5 (win64-12.0.1)
COMPILED	jetbrains@66e0c34c4bd1 2023-05-24 12:39:25
 
		I/O Configuration: default
SIM_START	unknown	2025-02-25 14:54:11
TIME	0.000
SIMULATE	unknown

TIME	8.286
ERROR		Vehicle leaves road at about x=51.8277, y=2.60301 TireNo=0
SIM_ABORT	unknown	8.289s	50.853m
APPLICATION	CarMaker 12.0.1 - Car_Generic #5 (win64-12.0.1)
COMPILED	jetbrains@66e0c34c4bd1 2023-05-24 12:39:25
 
		I/O Configuration: default
SIM_START	unknown	2025-02-25 14:57:12
TIME	0.000
SIMULATE	unknown

TIME	13.122
ERROR		Vehicle leaves road at about x=126.554, y=2.61496 TireNo=0
SIM_ABORT	unknown	13.125s	126.61m
APPLICATION	CarMaker 12.0.1 - Car_Generic #5 (win64-12.0.1)
COMPILED	jetbrains@66e0c34c4bd1 2023-05-24 12:39:25
 
		I/O Configuration: default
SIM_START	unknown	2025-02-25 14:59:34
TIME	0.000
SIMULATE	unknown

TIME	13.919
ERROR		Vehicle leaves road at about x=215.099, y=-7.60345 TireNo=1
SIM_ABORT	unknown	13.922s	214.447m
APPLICATION	CarMaker 12.0.1 - Car_Generic #5 (win64-12.0.1)
COMPILED	jetbrains@66e0c34c4bd1 2023-05-24 12:39:25
 
		I/O Configuration: default
SIM_START	unknown	2025-02-25 15:14:30
TIME	0.000
SIMULATE	unknown

TIME	19.559
ERROR		Vehicle leaves road at about x=419.61, y=-7.60125 TireNo=1
SIM_ABORT	unknown	19.562s	418.223m
