APPLICATION	CarMaker 12.0.1 - Car_Generic #5 (win64-12.0.1)
COMPILED	jetbrains@66e0c34c4bd1 2023-05-24 12:39:25
 
		I/O Configuration: default
SIM_START	unknown	2026-05-21 17:27:09
TIME	0.000
SIMULATE	unknown

TIME	70.380
SIM_END		unknown	70.377s	313.676m
APPLICATION	CarMaker 12.0.1 - Car_Generic #5 (win64-12.0.1)
COMPILED	jetbrains@66e0c34c4bd1 2023-05-24 12:39:25
 
		I/O Configuration: default
SIM_START	unknown	2026-05-21 17:32:41
TIME	0.000
SIMULATE	unknown

TIME	84.475
SIM_END		unknown	84.472s	525.711m
APPLICATION	CarMaker 12.0.1 - Car_Generic #5 (win64-12.0.1)
COMPILED	jetbrains@66e0c34c4bd1 2023-05-24 12:39:25
 
		I/O Configuration: default
SIM_START	unknown	2026-05-21 17:35:53
TIME	0.000
SIMULATE	unknown

TIME	37.525
ERROR		Vehicle leaves road at about x=23.5786, y=-9.96298 TireNo=1
SIM_ABORT	unknown	37.528s	124.377m
APPLICATION	CarMaker 12.0.1 - Car_Generic #5 (win64-12.0.1)
COMPILED	jetbrains@66e0c34c4bd1 2023-05-24 12:39:25
 
		I/O Configuration: default
SIM_START	unknown	2026-05-21 17:36:48
TIME	0.000
SIMULATE	unknown

TIME	39.031
ERROR		Embedded FARoadSensor Geo:  xyz (-7.48 -8.27 -0.00) not found on Road
SIM_ABORT	unknown	39.034s	452.431m
APPLICATION	CarMaker 12.0.1 - Car_Generic #5 (win64-12.0.1)
COMPILED	jetbrains@66e0c34c4bd1 2023-05-24 12:39:25
 
		I/O Configuration: default
SIM_START	unknown	2026-05-21 17:53:22
TIME	0.000
SIMULATE	unknown

TIME	30.030
ERROR		Vehicle leaves road at about x=19.1155, y=12.0358 TireNo=1
SIM_ABORT	unknown	30.033s	288.527m
APPLICATION	CarMaker 12.0.1 - Car_Generic #5 (win64-12.0.1)
COMPILED	jetbrains@66e0c34c4bd1 2023-05-24 12:39:25
 
		I/O Configuration: default
SIM_START	unknown	2026-05-21 18:02:36
TIME	0.000
SIMULATE	unknown

TIME	27.448
ERROR		Vehicle leaves road at about x=28.6612, y=1.1191 TireNo=0
SIM_ABORT	unknown	27.451s	207.789m
