APPLICATION	CarMaker 12.0.1 - Car_Generic #5 (win64-12.0.1)
COMPILED	jetbrains@66e0c34c4bd1 2023-05-24 12:39:25
 
		I/O Configuration: default
SIM_START	unknown	2026-05-16 14:08:38
TIME	0.000
SIMULATE	unknown

TIME	7.027
ERROR		Vehicle leaves road at about x=26.5214, y=-16.1841 TireNo=1
SIM_ABORT	unknown	7.03s	59.145m
APPLICATION	CarMaker 12.0.1 - Car_Generic #5 (win64-12.0.1)
COMPILED	jetbrains@66e0c34c4bd1 2023-05-24 12:39:25
 
		I/O Configuration: default
SIM_START	unknown	2026-05-16 14:10:16
TIME	0.000
SIMULATE	unknown

TIME	14.509
ERROR		Vehicle leaves road at about x=41.5513, y=10.1636 TireNo=1
SIM_ABORT	unknown	14.512s	155.74m
APPLICATION	CarMaker 12.0.1 - Car_Generic #5 (win64-12.0.1)
COMPILED	jetbrains@66e0c34c4bd1 2023-05-24 12:39:25
 
		I/O Configuration: default
SIM_START	unknown	2026-05-16 14:12:10
TIME	0.000
SIMULATE	unknown

TIME	7.916
ERROR		Vehicle leaves road at about x=19.9366, y=-4.65844 TireNo=0
SIM_ABORT	unknown	7.919s	74.3786m
APPLICATION	CarMaker 12.0.1 - Car_Generic #5 (win64-12.0.1)
COMPILED	jetbrains@66e0c34c4bd1 2023-05-24 12:39:25
 
		I/O Configuration: default
SIM_START	unknown	2026-05-16 14:12:30
TIME	0.000
SIMULATE	unknown

TIME	10.285
ERROR		Vehicle leaves road at about x=37.0744, y=-20.0698 TireNo=0
SIM_ABORT	unknown	10.288s	108.017m
APPLICATION	CarMaker 12.0.1 - Car_Generic #5 (win64-12.0.1)
COMPILED	jetbrains@66e0c34c4bd1 2023-05-24 12:39:25
 
		I/O Configuration: default
SIM_START	unknown	2026-05-16 14:13:12
TIME	0.000
SIMULATE	unknown

TIME	23.808
ERROR		Vehicle leaves road at about x=28.7291, y=-4.45356 TireNo=1
SIM_ABORT	unknown	23.811s	246.873m
APPLICATION	CarMaker 12.0.1 - Car_Generic #5 (win64-12.0.1)
COMPILED	jetbrains@66e0c34c4bd1 2023-05-24 12:39:25
 
		I/O Configuration: default
SIM_START	unknown	2026-05-16 14:14:21
TIME	0.000
SIMULATE	unknown

TIME	22.310
ERROR		Vehicle leaves road at about x=29.6714, y=-4.33906 TireNo=1
SIM_ABORT	unknown	22.313s	250.774m
APPLICATION	CarMaker 12.0.1 - Car_Generic #5 (win64-12.0.1)
COMPILED	jetbrains@66e0c34c4bd1 2023-05-24 12:39:25
 
		I/O Configuration: default
SIM_START	unknown	2026-05-16 14:15:30
TIME	0.000
SIMULATE	unknown

TIME	7.387
ERROR		Vehicle leaves road at about x=23.6608, y=-12.0391 TireNo=1
SIM_ABORT	unknown	7.39s	66.7558m
APPLICATION	CarMaker 12.0.1 - Car_Generic #5 (win64-12.0.1)
COMPILED	jetbrains@66e0c34c4bd1 2023-05-24 12:39:25
 
		I/O Configuration: default
SIM_START	unknown	2026-05-16 14:16:19
TIME	0.000
SIMULATE	unknown

TIME	8.414
ERROR		Vehicle leaves road at about x=18.3112, y=-12.1543 TireNo=0
SIM_ABORT	unknown	8.417s	74.6953m
APPLICATION	CarMaker 12.0.1 - Car_Generic #5 (win64-12.0.1)
COMPILED	jetbrains@66e0c34c4bd1 2023-05-24 12:39:25
 
		I/O Configuration: default
SIM_START	unknown	2026-05-16 14:21:15
TIME	0.000
SIMULATE	unknown

TIME	5.521
ERROR		Vehicle leaves road at about x=40.3235, y=-16.2317 TireNo=0
SIM_ABORT	unknown	5.524s	48.1932m
APPLICATION	CarMaker 12.0.1 - Car_Generic #5 (win64-12.0.1)
COMPILED	jetbrains@66e0c34c4bd1 2023-05-24 12:39:25
 
		I/O Configuration: default
SIM_START	unknown	2026-05-16 14:21:51
TIME	0.000
SIMULATE	unknown

TIME	22.531
SIM_END		unknown	22.531s	293.276m
APPLICATION	CarMaker 12.0.1 - Car_Generic #5 (win64-12.0.1)
COMPILED	jetbrains@66e0c34c4bd1 2023-05-24 12:39:25
 
		I/O Configuration: default
SIM_START	unknown	2026-05-16 14:22:55
TIME	0.000
SIMULATE	unknown

TIME	7.832
ERROR		Vehicle leaves road at about x=27.4193, y=1.52609 TireNo=0
SIM_ABORT	unknown	7.835s	85.6673m
APPLICATION	CarMaker 12.0.1 - Car_Generic #5 (win64-12.0.1)
COMPILED	jetbrains@66e0c34c4bd1 2023-05-24 12:39:25
 
		I/O Configuration: default
SIM_START	unknown	2026-05-16 14:24:01
TIME	0.000
SIMULATE	unknown

TIME	6.723
ERROR		Vehicle leaves road at about x=24.6116, y=-14.3213 TireNo=1
SIM_ABORT	unknown	6.726s	59.2423m
APPLICATION	CarMaker 12.0.1 - Car_Generic #5 (win64-12.0.1)
COMPILED	jetbrains@66e0c34c4bd1 2023-05-24 12:39:25
 
		I/O Configuration: default
SIM_START	unknown	2026-05-16 14:24:47
TIME	0.000
SIMULATE	unknown

TIME	22.804
ERROR		Vehicle leaves road at about x=28.7474, y=-4.44751 TireNo=1
SIM_ABORT	unknown	22.807s	258.094m
APPLICATION	CarMaker 12.0.1 - Car_Generic #5 (win64-12.0.1)
COMPILED	jetbrains@66e0c34c4bd1 2023-05-24 12:39:25
 
		I/O Configuration: default
SIM_START	unknown	2026-05-16 14:26:20
TIME	0.000
SIMULATE	unknown

TIME	13.185
ERROR		Vehicle leaves road at about x=30.1944, y=0.974117 TireNo=0
SIM_ABORT	unknown	13.188s	142.959m
APPLICATION	CarMaker 12.0.1 - Car_Generic #5 (win64-12.0.1)
COMPILED	jetbrains@66e0c34c4bd1 2023-05-24 12:39:25
 
		I/O Configuration: default
SIM_START	unknown	2026-05-16 14:27:42
TIME	0.000
SIMULATE	unknown

TIME	53.398
ERROR		Vehicle leaves road at about x=-66.589, y=20.3295 TireNo=0
SIM_ABORT	unknown	53.401s	850.392m
APPLICATION	CarMaker 12.0.1 - Car_Generic #5 (win64-12.0.1)
COMPILED	jetbrains@66e0c34c4bd1 2023-05-24 12:39:25
 
		I/O Configuration: default
SIM_START	unknown	2026-05-16 14:29:26
TIME	0.000
SIMULATE	unknown

TIME	17.709
ERROR		Vehicle leaves road at about x=252.496, y=-92.9526 TireNo=1
SIM_ABORT	unknown	17.712s	293.229m
APPLICATION	CarMaker 12.0.1 - Car_Generic #5 (win64-12.0.1)
COMPILED	jetbrains@66e0c34c4bd1 2023-05-24 12:39:25
 
		I/O Configuration: default
SIM_START	unknown	2026-05-16 14:30:03
TIME	0.000
SIMULATE	unknown

TIME	44.384
ERROR		Vehicle leaves road at about x=-115.843, y=-33.2688 TireNo=2
SIM_ABORT	unknown	44.387s	761.554m
APPLICATION	CarMaker 12.0.1 - Car_Generic #5 (win64-12.0.1)
COMPILED	jetbrains@66e0c34c4bd1 2023-05-24 12:39:25
 
		I/O Configuration: default
SIM_START	unknown	2026-05-16 14:32:02
TIME	0.000
SIMULATE	unknown

TIME	8.623
ERROR		Vehicle leaves road at about x=128.176, y=-39.3585 TireNo=1
SIM_ABORT	unknown	8.626s	142.657m
APPLICATION	CarMaker 12.0.1 - Car_Generic #5 (win64-12.0.1)
COMPILED	jetbrains@66e0c34c4bd1 2023-05-24 12:39:25
 
		I/O Configuration: default
SIM_START	unknown	2026-05-16 14:32:25
TIME	0.000
SIMULATE	unknown

TIME	49.002
SIM_END		unknown	48.999s	804.275m
APPLICATION	CarMaker 12.0.1 - Car_Generic #5 (win64-12.0.1)
COMPILED	jetbrains@66e0c34c4bd1 2023-05-24 12:39:25
 
		I/O Configuration: default
SIM_START	unknown	2026-05-16 14:34:42
TIME	0.000
SIMULATE	unknown

TIME	36.926
SIM_END		unknown	36.923s	631.328m
APPLICATION	CarMaker 12.0.1 - Car_Generic #5 (win64-12.0.1)
COMPILED	jetbrains@66e0c34c4bd1 2023-05-24 12:39:25
 
		I/O Configuration: default
SIM_START	unknown	2026-05-16 14:35:42
TIME	0.000
SIMULATE	unknown

TIME	47.492
SIM_END		unknown	47.489s	809.616m
APPLICATION	CarMaker 12.0.1 - Car_Generic #5 (win64-12.0.1)
COMPILED	jetbrains@66e0c34c4bd1 2023-05-24 12:39:25
 
		I/O Configuration: default
SIM_START	unknown	2026-05-16 14:38:12
TIME	0.000
SIMULATE	unknown

TIME	17.658
SIM_END		unknown	17.655s	213.443m
APPLICATION	CarMaker 12.0.1 - Car_Generic #5 (win64-12.0.1)
COMPILED	jetbrains@66e0c34c4bd1 2023-05-24 12:39:25
 
		I/O Configuration: default
SIM_START	unknown	2026-05-16 14:38:49
TIME	0.000
SIMULATE	unknown

TIME	85.844
SIM_END		unknown	85.841s	1393.77m
APPLICATION	CarMaker 12.0.1 - Car_Generic #5 (win64-12.0.1)
COMPILED	jetbrains@66e0c34c4bd1 2023-05-24 12:39:25
 
		I/O Configuration: default
SIM_START	unknown	2026-05-16 14:47:16
TIME	0.000
SIMULATE	unknown

TIME	43.986
SIM_END		unknown	43.983s	672.623m
APPLICATION	CarMaker 12.0.1 - Car_Generic #5 (win64-12.0.1)
COMPILED	jetbrains@66e0c34c4bd1 2023-05-24 12:39:25
 
		I/O Configuration: default
SIM_START	unknown	2026-05-16 14:49:46
TIME	0.000
SIMULATE	unknown

TIME	13.090
SIM_END		unknown	13.087s	137.926m
APPLICATION	CarMaker 12.0.1 - Car_Generic #5 (win64-12.0.1)
COMPILED	jetbrains@66e0c34c4bd1 2023-05-24 12:39:25
 
		I/O Configuration: default
SIM_START	unknown	2026-05-16 14:50:29
TIME	0.000
SIMULATE	unknown

TIME	34.665
SIM_END		unknown	34.662s	546.212m
APPLICATION	CarMaker 12.0.1 - Car_Generic #5 (win64-12.0.1)
COMPILED	jetbrains@66e0c34c4bd1 2023-05-24 12:39:25
 
		I/O Configuration: default
SIM_START	unknown	2026-05-16 14:51:58
TIME	0.000
SIMULATE	unknown

TIME	42.158
SIM_END		unknown	42.155s	753.975m
APPLICATION	CarMaker 12.0.1 - Car_Generic #5 (win64-12.0.1)
COMPILED	jetbrains@66e0c34c4bd1 2023-05-24 12:39:25
 
		I/O Configuration: default
SIM_START	unknown	2026-05-16 14:54:19
TIME	0.000
SIMULATE	unknown

TIME	13.551
SIM_END		unknown	13.548s	195.464m
APPLICATION	CarMaker 12.0.1 - Car_Generic #5 (win64-12.0.1)
COMPILED	jetbrains@66e0c34c4bd1 2023-05-24 12:39:25
 
		I/O Configuration: default
SIM_START	unknown	2026-05-16 14:56:46
TIME	0.000
SIMULATE	unknown

TIME	15.119
SIM_END		unknown	15.116s	215.903m
APPLICATION	CarMaker 12.0.1 - Car_Generic #5 (win64-12.0.1)
COMPILED	jetbrains@66e0c34c4bd1 2023-05-24 12:39:25
 
		I/O Configuration: default
SIM_START	unknown	2026-05-16 14:59:29
TIME	0.000
SIMULATE	unknown

TIME	12.228
SIM_END		unknown	12.225s	158.511m
APPLICATION	CarMaker 12.0.1 - Car_Generic #5 (win64-12.0.1)
COMPILED	jetbrains@66e0c34c4bd1 2023-05-24 12:39:25
 
		I/O Configuration: default
SIM_START	unknown	2026-05-16 15:01:27
TIME	0.000
SIMULATE	unknown

TIME	13.056
SIM_END		unknown	13.053s	175.131m
APPLICATION	CarMaker 12.0.1 - Car_Generic #5 (win64-12.0.1)
COMPILED	jetbrains@66e0c34c4bd1 2023-05-24 12:39:25
 
		I/O Configuration: default
SIM_START	unknown	2026-05-16 15:02:37
TIME	0.000
SIMULATE	unknown

TIME	11.768
SIM_END		unknown	11.765s	181.633m
APPLICATION	CarMaker 12.0.1 - Car_Generic #5 (win64-12.0.1)
COMPILED	jetbrains@66e0c34c4bd1 2023-05-24 12:39:25
 
		I/O Configuration: default
SIM_START	unknown	2026-05-16 15:03:51
TIME	0.000
SIMULATE	unknown

TIME	22.612
SIM_END		unknown	22.609s	182.611m
APPLICATION	CarMaker 12.0.1 - Car_Generic #5 (win64-12.0.1)
COMPILED	jetbrains@66e0c34c4bd1 2023-05-24 12:39:25
 
		I/O Configuration: default
SIM_START	unknown	2026-05-16 15:04:38
TIME	0.000
SIMULATE	unknown

TIME	14.596
SIM_END		unknown	14.593s	172.528m
