APPLICATION	CarMaker 12.0.1 - Car_Generic #8 (win64-12.0.1)
COMPILED	MFE-HPC@shop_computer_s 2026-08-19 16:14:18
 
		I/O Configuration: default
		PCAN-USB FD: channel index 0 accepted by PCANIO
		PCAN-USB FD: CAN link ready on channel 0
		PCAN-USB FD channel 0 initialized: 1 Mbit/s classic CAN (No Error)
SIM_START	HIL/CAN_Bringup	2026-08-19 20:26:15
TIME	0.000
SIMULATE	HIL/CAN_Bringup

SIM_END		HIL/CAN_Bringup	0s	0m
APPLICATION	CarMaker 12.0.1 - Car_Generic #8 (win64-12.0.1)
COMPILED	MFE-HPC@shop_computer_s 2026-08-19 16:14:18
 
		I/O Configuration: default
		PCAN-USB FD: channel index 0 accepted by PCANIO
		PCAN-USB FD: CAN link ready on channel 0
		PCAN-USB FD channel 0 initialized: 1 Mbit/s classic CAN (No Error)
SIM_START	HIL/CAN_Bringup	2026-08-19 20:43:03
TIME	0.000
SIMULATE	HIL/CAN_Bringup

TIME	300.002
SIM_END		HIL/CAN_Bringup	300s	9.00894e-05m
APPLICATION	CarMaker 12.0.1 - Car_Generic #8 (win64-12.0.1)
COMPILED	MFE-HPC@shop_computer_s 2026-08-19 16:14:18
 
		I/O Configuration: default
		PCAN-USB FD: channel index 0 accepted by PCANIO
		PCAN-USB FD: CAN link ready on channel 0
		PCAN-USB FD channel 0 initialized: 1 Mbit/s classic CAN (No Error)
SIM_START	HIL/CAN_Bringup	2026-08-19 20:48:51
TIME	0.000
SIMULATE	HIL/CAN_Bringup

TIME	300.002
SIM_END		HIL/CAN_Bringup	300s	9.00894e-05m
APPLICATION	CarMaker 12.0.1 - Car_Generic #8 (win64-12.0.1)
COMPILED	MFE-HPC@shop_computer_s 2026-08-19 16:14:18
 
		I/O Configuration: default
		PCAN-USB FD: channel index 0 accepted by PCANIO
		PCAN-USB FD: CAN link ready on channel 0
		PCAN-USB FD channel 0 initialized: 1 Mbit/s classic CAN (No Error)
SIM_START	HIL/CAN_Bringup	2026-08-19 21:15:48
TIME	0.000
SIMULATE	HIL/CAN_Bringup

TIME	300.002
SIM_END		HIL/CAN_Bringup	300s	9.00894e-05m
APPLICATION	CarMaker 12.0.1 - Car_Generic #8 (win64-12.0.1)
COMPILED	MFE-HPC@shop_computer_s 2026-08-19 16:14:18
 
		I/O Configuration: default
		PCAN-USB FD: channel index 0 accepted by PCANIO
		PCAN-USB FD: CAN link ready on channel 0
		PCAN-USB FD channel 0 initialized: 1 Mbit/s classic CAN (No Error)
SIM_START	HIL/CAN_Bringup	2026-08-19 21:45:46
TIME	0.000
SIMULATE	HIL/CAN_Bringup

TIME	9.947
SIM_END		HIL/CAN_Bringup	9.944s	1.03058e-05m
