APPLICATION	CarMaker 12.0.1 - Car_Generic #5 (win64-12.0.1)
COMPILED	jetbrains@66e0c34c4bd1 2023-05-24 12:39:25
 
		I/O Configuration: default
SIM_START	unknown	2025-03-17 21:03:10
TIME	0.000
SIMULATE	unknown

TIME	14.964
SIM_END		unknown	14.961s	207.511m
APPLICATION	CarMaker 12.0.1 - Car_Generic #5 (win64-12.0.1)
COMPILED	jetbrains@66e0c34c4bd1 2023-05-24 12:39:25
 
		I/O Configuration: default
SIM_START	unknown	2025-03-17 22:23:03
TIME	0.001
ERROR		IPGDriver: Race driver needs knowledge!  (id=400)
ERROR		CM_Main.c: Initialization failed (CM_Main_Begin()=-3)
SIM_ABORT	unknown	0s	0m
APPLICATION	CarMaker 12.0.1 - Car_Generic #5 (win64-12.0.1)
COMPILED	jetbrains@66e0c34c4bd1 2023-05-24 12:39:25
 
		I/O Configuration: default
SIM_START	unknown	2025-03-17 22:25:00
TIME	0.000
SIMULATE	unknown

WARNING		IPGDriver: Problems for driver: I'm stopping my activities (time = 0.964000, ErrInd = 102). (id=200)
ERROR		Vehicle leaves road at about x=-0.000267784, y=-1.89884 TireNo=2
SIM_ABORT	unknown	1.314s	0.439792m
APPLICATION	CarMaker 12.0.1 - Car_Generic #5 (win64-12.0.1)
COMPILED	jetbrains@66e0c34c4bd1 2023-05-24 12:39:25
 
		I/O Configuration: default
SIM_START	unknown	2025-03-17 22:45:06
TIME	0.000
SIMULATE	unknown

TIME	10.118
SIM_END		unknown	10.115s	0.0523222m
APPLICATION	CarMaker 12.0.1 - Car_Generic #5 (win64-12.0.1)
COMPILED	jetbrains@66e0c34c4bd1 2023-05-24 12:39:25
 
		I/O Configuration: default
SIM_START	unknown	2025-03-17 22:45:47
TIME	0.000
SIMULATE	unknown

WARNING		IPGDriver: Problems for driver: I'm stopping my activities (time = 0.964000, ErrInd = 102). (id=200)
ERROR		Vehicle leaves road at about x=-0.000629983, y=-1.89897 TireNo=2
SIM_ABORT	unknown	1.314s	0.439789m
APPLICATION	CarMaker 12.0.1 - Car_Generic #5 (win64-12.0.1)
COMPILED	jetbrains@66e0c34c4bd1 2023-05-24 12:39:25
 
		I/O Configuration: default
SIM_START	unknown	2025-03-17 22:51:32
TIME	0.000
SIMULATE	unknown

WARNING		IPGDriver: Problems for driver: I'm stopping my activities (time = 0.964000, ErrInd = 102). (id=200)
ERROR		Vehicle leaves road at about x=-0.000488593, y=-1.89917 TireNo=2
SIM_ABORT	unknown	1.313s	0.439097m
APPLICATION	CarMaker 12.0.1 - Car_Generic #5 (win64-12.0.1)
COMPILED	jetbrains@66e0c34c4bd1 2023-05-24 12:39:25
 
		I/O Configuration: default
SIM_START	unknown	2025-03-17 22:51:48
TIME	0.000
SIMULATE	unknown

TIME	21.087
ERROR		Vehicle leaves road at about x=337.902, y=2.60391 TireNo=0
SIM_ABORT	unknown	21.09s	337.152m
APPLICATION	CarMaker 12.0.1 - Car_Generic #5 (win64-12.0.1)
COMPILED	jetbrains@66e0c34c4bd1 2023-05-24 12:39:25
 
		I/O Configuration: default
SIM_START	unknown	2025-03-17 22:58:35
TIME	0.000
SIMULATE	unknown

WARNING		IPGDriver: Problems for driver: I'm stopping my activities (time = 0.193000, ErrInd = 102). (id=200)
ERROR		Vehicle leaves road at about x=-0.00112159, y=-3.0994 TireNo=3
SIM_ABORT	unknown	0.492s	0.435709m
APPLICATION	CarMaker 12.0.1 - Car_Generic #5 (win64-12.0.1)
COMPILED	jetbrains@66e0c34c4bd1 2023-05-24 12:39:25
 
		I/O Configuration: default
SIM_START	unknown	2025-03-17 22:58:52
TIME	0.000
SIMULATE	unknown

TIME	15.860
ERROR		Vehicle leaves road at about x=273.59, y=-7.60311 TireNo=1
SIM_ABORT	unknown	15.863s	272.799m
APPLICATION	CarMaker 12.0.1 - Car_Generic #5 (win64-12.0.1)
COMPILED	jetbrains@66e0c34c4bd1 2023-05-24 12:39:25
 
		I/O Configuration: default
SIM_START	unknown	2025-03-17 23:01:07
TIME	0.000
SIMULATE	unknown

WARNING		IPGDriver: Problems for driver: I'm stopping my activities (time = 0.193000, ErrInd = 102). (id=200)
ERROR		Vehicle leaves road at about x=-0.00157917, y=-1.89909 TireNo=2
SIM_ABORT	unknown	0.513s	0.440388m
APPLICATION	CarMaker 12.0.1 - Car_Generic #5 (win64-12.0.1)
COMPILED	jetbrains@66e0c34c4bd1 2023-05-24 12:39:25
 
		I/O Configuration: default
SIM_START	unknown	2025-03-17 23:01:28
TIME	0.000
SIMULATE	unknown

WARNING		IPGDriver: Problems for driver: I'm stopping my activities (time = 0.198000, ErrInd = 102). (id=200)
TIME	36.900
ERROR		Vehicle leaves road at about x=314.071, y=2.60179 TireNo=0
SIM_ABORT	unknown	36.903s	523.217m
APPLICATION	CarMaker 12.0.1 - Car_Generic #5 (win64-12.0.1)
COMPILED	jetbrains@66e0c34c4bd1 2023-05-24 12:39:25
 
		I/O Configuration: default
SIM_START	unknown	2025-03-17 23:08:31
TIME	0.000
SIMULATE	unknown

TIME	70.032
SIM_END		unknown	70.029s	596.691m
APPLICATION	CarMaker 12.0.1 - Car_Generic #5 (win64-12.0.1)
COMPILED	jetbrains@66e0c34c4bd1 2023-05-24 12:39:25
 
		I/O Configuration: default
SIM_START	unknown	2025-03-17 23:13:56
TIME	0.000
SIMULATE	unknown

TIME	43.112
SIM_END		unknown	43.109s	357.846m
APPLICATION	CarMaker 12.0.1 - Car_Generic #5 (win64-12.0.1)
COMPILED	jetbrains@66e0c34c4bd1 2023-05-24 12:39:25
 
		I/O Configuration: default
SIM_START	unknown	2025-03-17 23:16:20
TIME	0.000
SIMULATE	unknown

WARNING		IPGDriver: Problems for driver: I'm stopping my activities (time = 0.193000, ErrInd = 102). (id=200)
ERROR		Vehicle leaves road at about x=-0.00106062, y=-1.89896 TireNo=2
SIM_ABORT	unknown	0.494s	0.440286m
APPLICATION	CarMaker 12.0.1 - Car_Generic #5 (win64-12.0.1)
COMPILED	jetbrains@66e0c34c4bd1 2023-05-24 12:39:25
 
		I/O Configuration: default
SIM_START	unknown	2025-03-17 23:16:59
TIME	0.000
SIMULATE	unknown

WARNING		IPGDriver: Problems for driver: I'm stopping my activities (time = 0.193000, ErrInd = 102). (id=200)
TIME	11.836
ERROR		Vehicle leaves road at about x=142.303, y=-7.60079 TireNo=2
SIM_ABORT	unknown	11.839s	156.712m
APPLICATION	CarMaker 12.0.1 - Car_Generic #5 (win64-12.0.1)
COMPILED	jetbrains@66e0c34c4bd1 2023-05-24 12:39:25
 
		I/O Configuration: default
SIM_START	unknown	2025-03-17 23:33:15
TIME	0.000
SIMULATE	unknown

TIME	38.577
ERROR		Vehicle leaves road at about x=470.579, y=2.60595 TireNo=0
SIM_ABORT	unknown	38.58s	470.17m
APPLICATION	CarMaker 12.0.1 - Car_Generic #5 (win64-12.0.1)
COMPILED	jetbrains@66e0c34c4bd1 2023-05-24 12:39:25
 
		I/O Configuration: default
SIM_START	unknown	2025-03-17 23:35:29
TIME	0.000
SIMULATE	unknown

TIME	17.719
ERROR		Vehicle leaves road at about x=174.035, y=2.60148 TireNo=0
SIM_ABORT	unknown	17.722s	173.748m
APPLICATION	CarMaker 12.0.1 - Car_Generic #5 (win64-12.0.1)
COMPILED	jetbrains@66e0c34c4bd1 2023-05-24 12:39:25
 
		I/O Configuration: default
SIM_START	unknown	2025-03-17 23:39:00
TIME	0.000
SIMULATE	unknown

TIME	9.553
ERROR		Vehicle leaves road at about x=128.068, y=2.60746 TireNo=0
SIM_ABORT	unknown	9.556s	128.285m
APPLICATION	CarMaker 12.0.1 - Car_Generic #5 (win64-12.0.1)
COMPILED	jetbrains@66e0c34c4bd1 2023-05-24 12:39:25
 
		I/O Configuration: default
SIM_START	unknown	2025-03-17 23:41:23
TIME	0.000
SIMULATE	unknown

TIME	15.990
ERROR		Vehicle leaves road at about x=151.908, y=2.60211 TireNo=0
SIM_ABORT	unknown	15.993s	152.749m
APPLICATION	CarMaker 12.0.1 - Car_Generic #5 (win64-12.0.1)
COMPILED	jetbrains@66e0c34c4bd1 2023-05-24 12:39:25
 
		I/O Configuration: default
SIM_START	unknown	2025-03-17 23:51:26
TIME	0.000
SIMULATE	unknown

TIME	15.697
ERROR		Vehicle leaves road at about x=247.62, y=-7.60097 TireNo=1
SIM_ABORT	unknown	15.7s	248.725m
APPLICATION	CarMaker 12.0.1 - Car_Generic #5 (win64-12.0.1)
COMPILED	jetbrains@66e0c34c4bd1 2023-05-24 12:39:25
 
		I/O Configuration: default
SIM_START	unknown	2025-03-18 00:05:41
TIME	0.000
SIMULATE	unknown

TIME	12.183
ERROR		Vehicle leaves road at about x=170.743, y=2.60164 TireNo=0
SIM_ABORT	unknown	12.186s	170.358m
APPLICATION	CarMaker 12.0.1 - Car_Generic #5 (win64-12.0.1)
COMPILED	jetbrains@66e0c34c4bd1 2023-05-24 12:39:25
 
		I/O Configuration: default
SIM_START	unknown	2025-03-18 00:11:34
TIME	0.000
SIMULATE	unknown

TIME	12.018
ERROR		Vehicle leaves road at about x=174.91, y=-7.60374 TireNo=1
SIM_ABORT	unknown	12.021s	176.505m
APPLICATION	CarMaker 12.0.1 - Car_Generic #5 (win64-12.0.1)
COMPILED	jetbrains@66e0c34c4bd1 2023-05-24 12:39:25
 
		I/O Configuration: default
SIM_START	unknown	2025-03-18 00:17:11
TIME	0.000
SIMULATE	unknown

TIME	14.728
ERROR		Vehicle leaves road at about x=282.586, y=-7.60332 TireNo=1
SIM_ABORT	unknown	14.731s	283.208m
APPLICATION	CarMaker 12.0.1 - Car_Generic #5 (win64-12.0.1)
COMPILED	jetbrains@66e0c34c4bd1 2023-05-24 12:39:25
 
		I/O Configuration: default
SIM_START	unknown	2025-03-18 00:21:29
TIME	0.000
SIMULATE	unknown

TIME	12.689
ERROR		Vehicle leaves road at about x=224.446, y=2.6036 TireNo=0
SIM_ABORT	unknown	12.692s	224.825m
APPLICATION	CarMaker 12.0.1 - Car_Generic #5 (win64-12.0.1)
COMPILED	jetbrains@66e0c34c4bd1 2023-05-24 12:39:25
 
		I/O Configuration: default
SIM_START	unknown	2025-03-18 00:25:01
TIME	0.000
SIMULATE	unknown

TIME	11.521
ERROR		Vehicle leaves road at about x=215.609, y=2.60454 TireNo=0
SIM_ABORT	unknown	11.524s	215.693m
APPLICATION	CarMaker 12.0.1 - Car_Generic #5 (win64-12.0.1)
COMPILED	jetbrains@66e0c34c4bd1 2023-05-24 12:39:25
 
		I/O Configuration: default
SIM_START	unknown	2025-03-18 00:43:49
TIME	0.000
SIMULATE	unknown

TIME	12.021
ERROR		Vehicle leaves road at about x=180.109, y=2.60751 TireNo=0
SIM_ABORT	unknown	12.024s	179.268m
APPLICATION	CarMaker 12.0.1 - Car_Generic #5 (win64-12.0.1)
COMPILED	jetbrains@66e0c34c4bd1 2023-05-24 12:39:25
 
		I/O Configuration: default
SIM_START	unknown	2025-03-18 00:48:07
TIME	0.000
SIMULATE	unknown

TIME	9.077
ERROR		Vehicle leaves road at about x=178.476, y=-7.60194 TireNo=1
SIM_ABORT	unknown	9.08s	178.684m
APPLICATION	CarMaker 12.0.1 - Car_Generic #5 (win64-12.0.1)
COMPILED	jetbrains@66e0c34c4bd1 2023-05-24 12:39:25
 
		I/O Configuration: default
SIM_START	unknown	2025-03-18 00:49:48
TIME	0.000
SIMULATE	unknown

TIME	16.083
ERROR		Vehicle leaves road at about x=292.397, y=-7.61485 TireNo=1
SIM_ABORT	unknown	16.086s	292.077m
APPLICATION	CarMaker 12.0.1 - Car_Generic #5 (win64-12.0.1)
COMPILED	jetbrains@66e0c34c4bd1 2023-05-24 12:39:25
 
		I/O Configuration: default
SIM_START	unknown	2025-03-18 00:50:56
TIME	0.000
SIMULATE	unknown

TIME	20.168
ERROR		Vehicle leaves road at about x=279.348, y=2.6023 TireNo=0
SIM_ABORT	unknown	20.171s	278.944m
APPLICATION	CarMaker 12.0.1 - Car_Generic #5 (win64-12.0.1)
COMPILED	jetbrains@66e0c34c4bd1 2023-05-24 12:39:25
 
		I/O Configuration: default
SIM_START	unknown	2025-03-18 00:52:05
TIME	0.000
SIMULATE	unknown

TIME	14.394
ERROR		Vehicle leaves road at about x=253.153, y=-7.60381 TireNo=1
SIM_ABORT	unknown	14.397s	255.085m
APPLICATION	CarMaker 12.0.1 - Car_Generic #5 (win64-12.0.1)
COMPILED	jetbrains@66e0c34c4bd1 2023-05-24 12:39:25
 
		I/O Configuration: default
SIM_START	unknown	2025-03-18 01:02:26
TIME	0.000
SIMULATE	unknown

TIME	16.154
ERROR		Vehicle leaves road at about x=380.67, y=-7.61167 TireNo=1
SIM_ABORT	unknown	16.157s	380.659m
APPLICATION	CarMaker 12.0.1 - Car_Generic #5 (win64-12.0.1)
COMPILED	jetbrains@66e0c34c4bd1 2023-05-24 12:39:25
 
		I/O Configuration: default
SIM_START	unknown	2025-03-18 01:05:38
TIME	0.000
SIMULATE	unknown

TIME	12.119
ERROR		Vehicle leaves road at about x=200.29, y=2.60122 TireNo=0
SIM_ABORT	unknown	12.122s	199.662m
APPLICATION	CarMaker 12.0.1 - Car_Generic #5 (win64-12.0.1)
COMPILED	jetbrains@66e0c34c4bd1 2023-05-24 12:39:25
 
		I/O Configuration: default
SIM_START	unknown	2025-03-18 01:08:26
TIME	0.000
SIMULATE	unknown

TIME	7.835
ERROR		Vehicle leaves road at about x=128.165, y=-7.60093 TireNo=1
SIM_ABORT	unknown	7.838s	128.242m
APPLICATION	CarMaker 12.0.1 - Car_Generic #5 (win64-12.0.1)
COMPILED	jetbrains@66e0c34c4bd1 2023-05-24 12:39:25
 
		I/O Configuration: default
SIM_START	unknown	2025-03-18 01:40:01
TIME	0.000
SIMULATE	unknown

TIME	17.034
ERROR		Vehicle leaves road at about x=259.146, y=-7.60655 TireNo=1
SIM_ABORT	unknown	17.037s	259.539m
APPLICATION	CarMaker 12.0.1 - Car_Generic #5 (win64-12.0.1)
COMPILED	jetbrains@66e0c34c4bd1 2023-05-24 12:39:25
 
		I/O Configuration: default
SIM_START	unknown	2025-03-18 01:43:54
TIME	0.000
SIMULATE	unknown

TIME	13.509
ERROR		Vehicle leaves road at about x=153.446, y=-7.60324 TireNo=1
ERROR		Embedded FARoadSensor Geo:  xyz (154.06 -7.60 -0.05) not found on Road
SIM_ABORT	unknown	13.512s	155.542m
APPLICATION	CarMaker 12.0.1 - Car_Generic #5 (win64-12.0.1)
COMPILED	jetbrains@66e0c34c4bd1 2023-05-24 12:39:25
 
		I/O Configuration: default
SIM_START	unknown	2025-03-18 01:47:05
TIME	0.000
SIMULATE	unknown

TIME	10.635
ERROR		Vehicle leaves road at about x=145.57, y=2.60197 TireNo=0
SIM_ABORT	unknown	10.638s	145.887m
APPLICATION	CarMaker 12.0.1 - Car_Generic #5 (win64-12.0.1)
COMPILED	jetbrains@66e0c34c4bd1 2023-05-24 12:39:25
 
		I/O Configuration: default
SIM_START	unknown	2025-03-18 01:48:20
TIME	0.000
SIMULATE	unknown

TIME	10.809
ERROR		Vehicle leaves road at about x=144.064, y=-7.6034 TireNo=1
SIM_ABORT	unknown	10.812s	146.625m
APPLICATION	CarMaker 12.0.1 - Car_Generic #5 (win64-12.0.1)
COMPILED	jetbrains@66e0c34c4bd1 2023-05-24 12:39:25
 
		I/O Configuration: default
SIM_START	unknown	2025-03-18 01:49:11
TIME	0.000
SIMULATE	unknown

TIME	11.835
ERROR		Vehicle leaves road at about x=87.2555, y=2.60295 TireNo=0
SIM_ABORT	unknown	11.838s	87.3445m
APPLICATION	CarMaker 12.0.1 - Car_Generic #5 (win64-12.0.1)
COMPILED	jetbrains@66e0c34c4bd1 2023-05-24 12:39:25
 
		I/O Configuration: default
SIM_START	unknown	2025-03-18 01:50:06
TIME	0.000
SIMULATE	unknown

TIME	8.254
ERROR		Vehicle leaves road at about x=136.23, y=-7.60195 TireNo=1
SIM_ABORT	unknown	8.257s	138.403m
APPLICATION	CarMaker 12.0.1 - Car_Generic #5 (win64-12.0.1)
COMPILED	jetbrains@66e0c34c4bd1 2023-05-24 12:39:25
 
		I/O Configuration: default
SIM_START	unknown	2025-03-18 01:51:05
TIME	0.000
SIMULATE	unknown

TIME	6.987
ERROR		Vehicle leaves road at about x=119.491, y=-7.60852 TireNo=1
SIM_ABORT	unknown	6.99s	120.285m
APPLICATION	CarMaker 12.0.1 - Car_Generic #5 (win64-12.0.1)
COMPILED	jetbrains@66e0c34c4bd1 2023-05-24 12:39:25
 
		I/O Configuration: default
SIM_START	unknown	2025-03-18 01:53:21
TIME	0.000
SIMULATE	unknown

TIME	6.670
ERROR		Vehicle leaves road at about x=114.612, y=2.60832 TireNo=0
SIM_ABORT	unknown	6.673s	113.593m
APPLICATION	CarMaker 12.0.1 - Car_Generic #5 (win64-12.0.1)
COMPILED	jetbrains@66e0c34c4bd1 2023-05-24 12:39:25
 
		I/O Configuration: default
SIM_START	unknown	2025-03-18 02:01:11
TIME	0.000
SIMULATE	unknown

TIME	7.494
ERROR		Vehicle leaves road at about x=125.095, y=-7.60842 TireNo=1
SIM_ABORT	unknown	7.497s	125.353m
APPLICATION	CarMaker 12.0.1 - Car_Generic #5 (win64-12.0.1)
COMPILED	jetbrains@66e0c34c4bd1 2023-05-24 12:39:25
 
		I/O Configuration: default
SIM_START	unknown	2025-03-18 02:04:43
TIME	0.000
SIMULATE	unknown

TIME	7.221
ERROR		Vehicle leaves road at about x=136.057, y=-7.60068 TireNo=1
SIM_ABORT	unknown	7.224s	135.753m
APPLICATION	CarMaker 12.0.1 - Car_Generic #5 (win64-12.0.1)
COMPILED	jetbrains@66e0c34c4bd1 2023-05-24 12:39:25
 
		I/O Configuration: default
SIM_START	unknown	2025-03-18 02:08:04
TIME	0.000
SIMULATE	unknown

TIME	10.411
ERROR		Vehicle leaves road at about x=117.951, y=2.61003 TireNo=0
SIM_ABORT	unknown	10.414s	117.276m
APPLICATION	CarMaker 12.0.1 - Car_Generic #5 (win64-12.0.1)
COMPILED	jetbrains@66e0c34c4bd1 2023-05-24 12:39:25
 
		I/O Configuration: default
SIM_START	unknown	2025-03-18 02:11:05
TIME	0.000
SIMULATE	unknown

TIME	8.063
ERROR		Vehicle leaves road at about x=131.175, y=2.60129 TireNo=0
SIM_ABORT	unknown	8.066s	130.403m
APPLICATION	CarMaker 12.0.1 - Car_Generic #5 (win64-12.0.1)
COMPILED	jetbrains@66e0c34c4bd1 2023-05-24 12:39:25
 
		I/O Configuration: default
SIM_START	unknown	2025-03-18 02:14:14
TIME	0.000
SIMULATE	unknown

TIME	7.039
ERROR		Vehicle leaves road at about x=117.282, y=2.60799 TireNo=0
SIM_ABORT	unknown	7.042s	116.254m
APPLICATION	CarMaker 12.0.1 - Car_Generic #5 (win64-12.0.1)
COMPILED	jetbrains@66e0c34c4bd1 2023-05-24 12:39:25
 
		I/O Configuration: default
SIM_START	unknown	2025-03-18 02:15:40
TIME	0.000
SIMULATE	unknown

TIME	6.436
ERROR		Vehicle leaves road at about x=113.775, y=-7.60155 TireNo=1
SIM_ABORT	unknown	6.439s	113.775m
APPLICATION	CarMaker 12.0.1 - Car_Generic #5 (win64-12.0.1)
COMPILED	jetbrains@66e0c34c4bd1 2023-05-24 12:39:25
 
		I/O Configuration: default
SIM_START	unknown	2025-03-18 02:16:44
TIME	0.000
SIMULATE	unknown

TIME	6.269
ERROR		Vehicle leaves road at about x=109.643, y=2.60458 TireNo=0
SIM_ABORT	unknown	6.272s	108.887m
APPLICATION	CarMaker 12.0.1 - Car_Generic #5 (win64-12.0.1)
COMPILED	jetbrains@66e0c34c4bd1 2023-05-24 12:39:25
 
		I/O Configuration: default
SIM_START	unknown	2025-03-18 02:17:53
TIME	0.000
SIMULATE	unknown

TIME	7.346
ERROR		Vehicle leaves road at about x=126.742, y=-7.60302 TireNo=1
SIM_ABORT	unknown	7.349s	126.087m
APPLICATION	CarMaker 12.0.1 - Car_Generic #5 (win64-12.0.1)
COMPILED	jetbrains@66e0c34c4bd1 2023-05-24 12:39:25
 
		I/O Configuration: default
SIM_START	unknown	2025-03-18 02:20:18
TIME	0.000
SIMULATE	unknown

TIME	18.341
ERROR		Vehicle leaves road at about x=191.463, y=-7.60239 TireNo=1
SIM_ABORT	unknown	18.344s	193.611m
APPLICATION	CarMaker 12.0.1 - Car_Generic #5 (win64-12.0.1)
COMPILED	jetbrains@66e0c34c4bd1 2023-05-24 12:39:25
 
		I/O Configuration: default
SIM_START	unknown	2025-03-18 02:24:54
TIME	0.000
SIMULATE	unknown

TIME	171.312
SIM_END		unknown	171.309s	967.357m
APPLICATION	CarMaker 12.0.1 - Car_Generic #5 (win64-12.0.1)
COMPILED	jetbrains@66e0c34c4bd1 2023-05-24 12:39:25
 
		I/O Configuration: default
SIM_START	unknown	2025-03-18 02:29:14
TIME	0.000
SIMULATE	unknown

TIME	10.360
ERROR		Vehicle leaves road at about x=-42.2171, y=11.2704 TireNo=1
SIM_ABORT	unknown	10.363s	232.761m
APPLICATION	CarMaker 12.0.1 - Car_Generic #5 (win64-12.0.1)
COMPILED	jetbrains@66e0c34c4bd1 2023-05-24 12:39:25
 
		I/O Configuration: default
SIM_START	unknown	2025-03-18 14:06:51
TIME	0.000
SIMULATE	unknown

SIM_END		unknown	0s	0m
APPLICATION	CarMaker 12.0.1 - Car_Generic #5 (win64-12.0.1)
COMPILED	jetbrains@66e0c34c4bd1 2023-05-24 12:39:25
 
		I/O Configuration: default
SIM_START	unknown	2025-03-18 14:12:59
TIME	0.000
SIMULATE	unknown

SIM_END		unknown	0s	0m
APPLICATION	CarMaker 12.0.1 - Car_Generic #5 (win64-12.0.1)
COMPILED	jetbrains@66e0c34c4bd1 2023-05-24 12:39:25
 
		I/O Configuration: default
SIM_START	unknown	2025-03-18 14:22:09
TIME	0.000
SIMULATE	unknown

SIM_END		unknown	0s	0m
APPLICATION	CarMaker 12.0.1 - Car_Generic #5 (win64-12.0.1)
COMPILED	jetbrains@66e0c34c4bd1 2023-05-24 12:39:25
 
		I/O Configuration: default
SIM_START	unknown	2025-03-18 14:22:50
TIME	0.000
SIMULATE	unknown

SIM_END		unknown	0s	0m
APPLICATION	CarMaker 12.0.1 - Car_Generic #5 (win64-12.0.1)
COMPILED	jetbrains@66e0c34c4bd1 2023-05-24 12:39:25
 
		I/O Configuration: default
SIM_START	unknown	2025-03-18 14:23:28
TIME	0.000
SIMULATE	unknown

SIM_END		unknown	0s	0m
APPLICATION	CarMaker 12.0.1 - Car_Generic #5 (win64-12.0.1)
COMPILED	jetbrains@66e0c34c4bd1 2023-05-24 12:39:25
 
		I/O Configuration: default
SIM_START	unknown	2025-03-18 14:31:34
TIME	0.000
SIMULATE	unknown

SIM_END		unknown	0s	0m
APPLICATION	CarMaker 12.0.1 - Car_Generic #5 (win64-12.0.1)
COMPILED	jetbrains@66e0c34c4bd1 2023-05-24 12:39:25
 
		I/O Configuration: default
SIM_START	unknown	2025-03-18 14:33:20
TIME	0.000
SIMULATE	unknown

SIM_END		unknown	0s	0m
