APPLICATION	CarMaker 12.0.1 - Car_Generic #5 (win64-12.0.1)
COMPILED	jetbrains@66e0c34c4bd1 2023-05-24 12:39:25
 
		I/O Configuration: default
SIM_START	HIL/XCP_Bringup	2026-08-14 14:40:11
TIME	0.001
		XCP: ECU #0 - Detected Processor info mismatch:
	> Overload Indication
(Master: OVERLOAD_INDICATION_PID Slave: OVERLOAD_INDICATION_EVENT)
	> TimeStamp Support
(Master: 0 Slave: 1)
		XCP: ECU #0 - Detected Resolution info mismatch:
	> TimeStamp Fixed
(Master: 0 Slave: 1)
	> TimeStamp Size
(Master: NO_TIME_STAMP Slave: SIZE_DWORD)
WARNING		XCP: Difference in DAQ programming setup between Master and Slave detected
TIME	0.000
SIMULATE	HIL/XCP_Bringup

TIME	10.003
SIM_END		HIL/XCP_Bringup	10s	0.126752m
