APPLICATION	CarMaker 12.0.1 - Car_Generic #5 (win64-12.0.1)
COMPILED	jetbrains@66e0c34c4bd1 2023-05-24 12:39:25
 
		I/O Configuration: default
SIM_START	unknown	2025-02-20 13:16:53
TIME	0.000
SIMULATE	unknown

TIME	62.782
SIM_END		unknown	62.779s	0.105126m
APPLICATION	CarMaker 12.0.1 - Car_Generic #5 (win64-12.0.1)
COMPILED	jetbrains@66e0c34c4bd1 2023-05-24 12:39:25
 
		I/O Configuration: default
SIM_START	unknown	2025-02-20 13:18:37
TIME	0.000
SIMULATE	unknown

TIME	26.731
SIM_END		unknown	26.728s	0.11177m
APPLICATION	CarMaker 12.0.1 - Car_Generic #5 (win64-12.0.1)
COMPILED	jetbrains@66e0c34c4bd1 2023-05-24 12:39:25
 
		I/O Configuration: default
SIM_START	unknown	2025-02-20 13:22:52
TIME	0.000
SIMULATE	unknown

TIME	12.015
SIM_END		unknown	12.012s	0.0784304m
APPLICATION	CarMaker 12.0.1 - Car_Generic #5 (win64-12.0.1)
COMPILED	jetbrains@66e0c34c4bd1 2023-05-24 12:39:25
 
		I/O Configuration: default
SIM_START	unknown	2025-02-20 13:26:12
TIME	0.000
SIMULATE	unknown

TIME	11.845
ERROR		Vehicle leaves road at about x=205.328, y=2.60145 TireNo=0
SIM_ABORT	unknown	11.848s	204.051m
APPLICATION	CarMaker 12.0.1 - Car_Generic #5 (win64-12.0.1)
COMPILED	jetbrains@66e0c34c4bd1 2023-05-24 12:39:25
 
		I/O Configuration: default
SIM_START	unknown	2025-02-20 13:29:08
TIME	0.000
SIMULATE	unknown

TIME	15.018
ERROR		Vehicle leaves road at about x=103.643, y=2.60892 TireNo=0
SIM_ABORT	unknown	15.021s	102.222m
APPLICATION	CarMaker 12.0.1 - Car_Generic #5 (win64-12.0.1)
COMPILED	jetbrains@66e0c34c4bd1 2023-05-24 12:39:25
 
		I/O Configuration: default
SIM_START	unknown	2025-02-20 15:11:37
TIME	0.000
SIMULATE	unknown

TIME	19.422
ERROR		Vehicle leaves road at about x=347.062, y=2.61242 TireNo=0
SIM_ABORT	unknown	19.425s	346.578m
APPLICATION	CarMaker 12.0.1 - Car_Generic #5 (win64-12.0.1)
COMPILED	jetbrains@66e0c34c4bd1 2023-05-24 12:39:25
 
		I/O Configuration: default
SIM_START	unknown	2025-02-23 18:26:00
TIME	0.000
SIMULATE	unknown

TIME	22.249
SIM_END		unknown	22.246s	409.821m
