APPLICATION	CarMaker 12.0.1 - Car_Generic #5 (win64-12.0.1)
COMPILED	jetbrains@66e0c34c4bd1 2023-05-24 12:39:25
 
		I/O Configuration: default
SIM_START	unknown	2026-06-11 21:17:51
TIME	0.000
SIMULATE	unknown

TIME	9.937
SIM_END		unknown	9.937s	77.0038m
APPLICATION	CarMaker 12.0.1 - Car_Generic #5 (win64-12.0.1)
COMPILED	jetbrains@66e0c34c4bd1 2023-05-24 12:39:25
 
		I/O Configuration: default
SIM_START	unknown	2026-06-11 21:18:23
TIME	0.000
SIMULATE	unknown

TIME	9.862
SIM_END		unknown	9.862s	77.0237m
APPLICATION	CarMaker 12.0.1 - Car_Generic #5 (win64-12.0.1)
COMPILED	jetbrains@66e0c34c4bd1 2023-05-24 12:39:25
 
		I/O Configuration: default
SIM_START	unknown	2026-06-11 21:19:13
TIME	0.000
SIMULATE	unknown

TIME	9.862
SIM_END		unknown	9.862s	77.0237m
APPLICATION	CarMaker 12.0.1 - Car_Generic #5 (win64-12.0.1)
COMPILED	jetbrains@66e0c34c4bd1 2023-05-24 12:39:25
 
		I/O Configuration: default
SIM_START	unknown	2026-06-11 21:22:57
TIME	0.000
SIMULATE	unknown

TIME	120.882
SIM_END		unknown	120.879s	0.253171m
APPLICATION	CarMaker 12.0.1 - Car_Generic #5 (win64-12.0.1)
COMPILED	jetbrains@66e0c34c4bd1 2023-05-24 12:39:25
 
		I/O Configuration: default
SIM_START	unknown	2026-06-11 21:25:01
TIME	0.000
SIMULATE	unknown

TIME	9.862
SIM_END		unknown	9.862s	77.0237m
APPLICATION	CarMaker 12.0.1 - Car_Generic #5 (win64-12.0.1)
COMPILED	jetbrains@66e0c34c4bd1 2023-05-24 12:39:25
 
		I/O Configuration: default
SIM_START	unknown	2026-06-11 21:25:50
TIME	0.000
SIMULATE	unknown

TIME	9.851
SIM_END		unknown	9.851s	77.0367m
APPLICATION	CarMaker 12.0.1 - Car_Generic #5 (win64-12.0.1)
COMPILED	jetbrains@66e0c34c4bd1 2023-05-24 12:39:25
 
		I/O Configuration: default
SIM_START	unknown	2026-06-11 21:29:42
TIME	0.000
SIMULATE	unknown

TIME	9.851
SIM_END		unknown	9.851s	77.0367m
APPLICATION	CarMaker 12.0.1 - Car_Generic #5 (win64-12.0.1)
COMPILED	jetbrains@66e0c34c4bd1 2023-05-24 12:39:25
 
		I/O Configuration: default
SIM_START	unknown	2026-06-11 21:30:17
TIME	0.000
SIMULATE	unknown

TIME	9.851
SIM_END		unknown	9.851s	77.0367m
APPLICATION	CarMaker 12.0.1 - Car_Generic #5 (win64-12.0.1)
COMPILED	jetbrains@66e0c34c4bd1 2023-05-24 12:39:25
 
		I/O Configuration: default
SIM_START	unknown	2026-06-11 21:33:00
TIME	0.001
ERROR		IPGDriver: Race driver needs knowledge!  (id=400)
ERROR		CM_Main.c: Initialization failed (CM_Main_Begin()=-3)
SIM_ABORT	unknown	0s	0m
APPLICATION	CarMaker 12.0.1 - Car_Generic #5 (win64-12.0.1)
COMPILED	jetbrains@66e0c34c4bd1 2023-05-24 12:39:25
 
		I/O Configuration: default
SIM_START	unknown	2026-06-11 21:37:32
TIME	0.000
SIMULATE	unknown

TIME	9.851
SIM_END		unknown	9.851s	77.0367m
APPLICATION	CarMaker 12.0.1 - Car_Generic #5 (win64-12.0.1)
COMPILED	jetbrains@66e0c34c4bd1 2023-05-24 12:39:25
 
		I/O Configuration: default
SIM_START	unknown	2026-06-11 21:40:42
TIME	0.000
SIMULATE	unknown

TIME	9.851
SIM_END		unknown	9.851s	77.0367m
APPLICATION	CarMaker 12.0.1 - Car_Generic #5 (win64-12.0.1)
COMPILED	jetbrains@66e0c34c4bd1 2023-05-24 12:39:25
 
		I/O Configuration: default
SIM_START	unknown	2026-06-11 21:41:36
TIME	0.000
SIMULATE	unknown

TIME	4.818
SIM_END		unknown	4.815s	6.93531m
APPLICATION	CarMaker 12.0.1 - Car_Generic #5 (win64-12.0.1)
COMPILED	jetbrains@66e0c34c4bd1 2023-05-24 12:39:25
 
		I/O Configuration: default
SIM_START	unknown	2026-06-11 23:34:47
TIME	0.000
SIMULATE	unknown

TIME	9.851
SIM_END		unknown	9.851s	77.0367m
APPLICATION	CarMaker 12.0.1 - Car_Generic #5 (win64-12.0.1)
COMPILED	jetbrains@66e0c34c4bd1 2023-05-24 12:39:25
 
		I/O Configuration: default
SIM_START	unknown	2026-06-11 23:35:08
TIME	0.000
SIMULATE	unknown

TIME	9.851
SIM_END		unknown	9.851s	77.0367m
APPLICATION	CarMaker 12.0.1 - Car_Generic #5 (win64-12.0.1)
COMPILED	jetbrains@66e0c34c4bd1 2023-05-24 12:39:25
 
		I/O Configuration: default
SIM_START	unknown	2026-06-11 23:40:24
TIME	0.000
SIMULATE	unknown

TIME	17.385
SIM_END		unknown	17.382s	13.5186m
APPLICATION	CarMaker 12.0.1 - Car_Generic #5 (win64-12.0.1)
COMPILED	jetbrains@66e0c34c4bd1 2023-05-24 12:39:25
 
		I/O Configuration: default
SIM_START	unknown	2026-06-11 23:41:24
TIME	0.000
SIMULATE	unknown

TIME	9.851
SIM_END		unknown	9.851s	77.0367m
APPLICATION	CarMaker 12.0.1 - Car_Generic #5 (win64-12.0.1)
COMPILED	jetbrains@66e0c34c4bd1 2023-05-24 12:39:25
 
		I/O Configuration: default
SIM_START	unknown	2026-06-11 23:41:50
TIME	0.000
SIMULATE	unknown

TIME	7.783
SIM_END		unknown	7.783s	72.1138m
APPLICATION	CarMaker 12.0.1 - Car_Generic #5 (win64-12.0.1)
COMPILED	jetbrains@66e0c34c4bd1 2023-05-24 12:39:25
 
		I/O Configuration: default
SIM_START	unknown	2026-06-11 23:50:50
TIME	0.000
SIMULATE	unknown

TIME	9.851
SIM_END		unknown	9.851s	77.0367m
APPLICATION	CarMaker 12.0.1 - Car_Generic #5 (win64-12.0.1)
COMPILED	jetbrains@66e0c34c4bd1 2023-05-24 12:39:25
 
		I/O Configuration: default
SIM_START	unknown	2026-06-11 23:53:24
TIME	0.000
SIMULATE	unknown

TIME	9.851
SIM_END		unknown	9.851s	77.0367m
APPLICATION	CarMaker 12.0.1 - Car_Generic #5 (win64-12.0.1)
COMPILED	jetbrains@66e0c34c4bd1 2023-05-24 12:39:25
 
		I/O Configuration: default
SIM_START	unknown	2026-06-11 23:55:26
TIME	0.000
SIMULATE	unknown

TIME	10.149
SIM_END		unknown	10.149s	72.1682m
APPLICATION	CarMaker 12.0.1 - Car_Generic #5 (win64-12.0.1)
COMPILED	jetbrains@66e0c34c4bd1 2023-05-24 12:39:25
 
		I/O Configuration: default
SIM_START	unknown	2026-06-12 00:00:54
TIME	0.000
SIMULATE	unknown

TIME	14.362
SIM_END		unknown	14.359s	96.2776m
