APPLICATION	CarMaker 12.0.1 - Car_Generic #5 (win64-12.0.1)
COMPILED	jetbrains@66e0c34c4bd1 2023-05-24 12:39:25
 
		I/O Configuration: default
SIM_START	unknown	2025-01-30 16:34:47
TIME	0.000
SIMULATE	unknown

TIME	626.615
SIM_END		unknown	626.612s	0.0107434m
APPLICATION	CarMaker 12.0.1 - Car_Generic #5 (win64-12.0.1)
COMPILED	jetbrains@66e0c34c4bd1 2023-05-24 12:39:25
 
		I/O Configuration: default
SIM_START	unknown	2025-01-30 16:49:18
TIME	0.000
SIMULATE	unknown

TIME	34.581
SIM_END		unknown	34.578s	0.000476755m
APPLICATION	CarMaker 12.0.1 - Car_Generic #5 (win64-12.0.1)
COMPILED	jetbrains@66e0c34c4bd1 2023-05-24 12:39:25
 
		I/O Configuration: default
SIM_START	unknown	2025-01-30 16:50:12
TIME	0.000
SIMULATE	unknown

TIME	242.247
SIM_END		unknown	242.244s	0.00194103m
APPLICATION	CarMaker 12.0.1 - Car_Generic #5 (win64-12.0.1)
COMPILED	jetbrains@66e0c34c4bd1 2023-05-24 12:39:25
 
		I/O Configuration: default
SIM_START	unknown	2025-01-30 16:54:50
TIME	0.000
SIMULATE	unknown

TIME	123.753
SIM_END		unknown	123.75s	0.000778961m
APPLICATION	CarMaker 12.0.1 - Car_Generic #5 (win64-12.0.1)
COMPILED	jetbrains@66e0c34c4bd1 2023-05-24 12:39:25
 
		I/O Configuration: default
SIM_START	unknown	2025-01-30 17:04:24
TIME	0.000
SIMULATE	unknown

TIME	283.164
SIM_END		unknown	283.161s	0.00194714m
APPLICATION	CarMaker 12.0.1 - Car_Generic #5 (win64-12.0.1)
COMPILED	jetbrains@66e0c34c4bd1 2023-05-24 12:39:25
 
		I/O Configuration: default
SIM_START	unknown	2025-01-30 17:09:36
TIME	0.000
SIMULATE	unknown

TIME	10.284
SIM_END		unknown	10.281s	3.91106e-05m
APPLICATION	CarMaker 12.0.1 - Car_Generic #5 (win64-12.0.1)
COMPILED	jetbrains@66e0c34c4bd1 2023-05-24 12:39:25
 
		I/O Configuration: default
SIM_START	unknown	2025-01-30 17:10:03
TIME	0.000
SIMULATE	unknown

TIME	450.948
SIM_END		unknown	450.945s	0.00321802m
APPLICATION	CarMaker 12.0.1 - Car_Generic #5 (win64-12.0.1)
COMPILED	jetbrains@66e0c34c4bd1 2023-05-24 12:39:25
 
		I/O Configuration: default
SIM_START	unknown	2025-01-30 17:41:52
TIME	0.000
SIMULATE	unknown

TIME	13.372
SIM_END		unknown	13.369s	8.71037e-05m
APPLICATION	CarMaker 12.0.1 - Car_Generic #5 (win64-12.0.1)
COMPILED	jetbrains@66e0c34c4bd1 2023-05-24 12:39:25
 
		I/O Configuration: default
SIM_START	unknown	2025-01-30 17:42:37
TIME	0.000
SIMULATE	unknown

