APPLICATION	CarMaker 12.0.1 - Car_Generic #5 (win64-12.0.1)
COMPILED	jetbrains@66e0c34c4bd1 2023-05-24 12:39:25
 
		I/O Configuration: default
SIM_START	unknown	2026-06-04 18:38:08
TIME	0.000
SIMULATE	unknown

TIME	17.507
SIM_END		unknown	17.507s	72.1331m
APPLICATION	CarMaker 12.0.1 - Car_Generic #5 (win64-12.0.1)
COMPILED	jetbrains@66e0c34c4bd1 2023-05-24 12:39:25
 
		I/O Configuration: default
SIM_START	unknown	2026-06-04 18:43:14
TIME	0.000
SIMULATE	unknown

TIME	6.227
SIM_END		unknown	6.227s	72.109m
APPLICATION	CarMaker 12.0.1 - Car_Generic #5 (win64-12.0.1)
COMPILED	jetbrains@66e0c34c4bd1 2023-05-24 12:39:25
 
		I/O Configuration: default
SIM_START	unknown	2026-06-04 18:49:04
TIME	0.000
SIMULATE	unknown

TIME	5.370
SIM_END		unknown	5.37s	72.1047m
APPLICATION	CarMaker 12.0.1 - Car_Generic #5 (win64-12.0.1)
COMPILED	jetbrains@66e0c34c4bd1 2023-05-24 12:39:25
 
		I/O Configuration: default
SIM_START	unknown	2026-06-04 18:51:55
TIME	0.000
SIMULATE	unknown

TIME	5.054
SIM_END		unknown	5.054s	72.1039m
APPLICATION	CarMaker 12.0.1 - Car_Generic #5 (win64-12.0.1)
COMPILED	jetbrains@66e0c34c4bd1 2023-05-24 12:39:25
 
		I/O Configuration: default
SIM_START	unknown	2026-06-04 18:59:15
TIME	0.000
SIMULATE	unknown

TIME	31.457
SIM_END		unknown	31.454s	567.912m
APPLICATION	CarMaker 12.0.1 - Car_Generic #5 (win64-12.0.1)
COMPILED	jetbrains@66e0c34c4bd1 2023-05-24 12:39:25
 
		I/O Configuration: default
SIM_START	unknown	2026-06-04 19:02:43
TIME	0.000
SIMULATE	unknown

TIME	18.233
SIM_END		unknown	18.23s	270.458m
APPLICATION	CarMaker 12.0.1 - Car_Generic #5 (win64-12.0.1)
COMPILED	jetbrains@66e0c34c4bd1 2023-05-24 12:39:25
 
		I/O Configuration: default
SIM_START	unknown	2026-06-04 19:08:15
TIME	0.000
SIMULATE	unknown

TIME	12.501
SIM_END		unknown	12.498s	225.827m
APPLICATION	CarMaker 12.0.1 - Car_Generic #5 (win64-12.0.1)
COMPILED	jetbrains@66e0c34c4bd1 2023-05-24 12:39:25
 
		I/O Configuration: default
SIM_START	unknown	2026-06-04 19:09:09
TIME	0.000
SIMULATE	unknown

TIME	14.622
SIM_END		unknown	14.619s	252.767m
APPLICATION	CarMaker 12.0.1 - Car_Generic #5 (win64-12.0.1)
COMPILED	jetbrains@66e0c34c4bd1 2023-05-24 12:39:25
 
		I/O Configuration: default
SIM_START	unknown	2026-06-04 19:11:54
TIME	0.000
SIMULATE	unknown

TIME	13.850
SIM_END		unknown	13.847s	128.86m
APPLICATION	CarMaker 12.0.1 - Car_Generic #5 (win64-12.0.1)
COMPILED	jetbrains@66e0c34c4bd1 2023-05-24 12:39:25
 
		I/O Configuration: default
SIM_START	unknown	2026-06-04 19:13:49
TIME	0.000
SIMULATE	unknown

TIME	12.790
SIM_END		unknown	12.787s	157.541m
APPLICATION	CarMaker 12.0.1 - Car_Generic #5 (win64-12.0.1)
COMPILED	jetbrains@66e0c34c4bd1 2023-05-24 12:39:25
 
		I/O Configuration: default
SIM_START	unknown	2026-06-04 19:17:42
TIME	0.000
SIMULATE	unknown

TIME	12.511
SIM_END		unknown	12.508s	147.958m
APPLICATION	CarMaker 12.0.1 - Car_Generic #5 (win64-12.0.1)
COMPILED	jetbrains@66e0c34c4bd1 2023-05-24 12:39:25
 
		I/O Configuration: default
SIM_START	unknown	2026-06-04 19:19:02
TIME	0.000
SIMULATE	unknown

TIME	11.782
SIM_END		unknown	11.779s	117.507m
APPLICATION	CarMaker 12.0.1 - Car_Generic #5 (win64-12.0.1)
COMPILED	jetbrains@66e0c34c4bd1 2023-05-24 12:39:25
 
		I/O Configuration: default
SIM_START	unknown	2026-06-04 19:25:28
TIME	0.000
SIMULATE	unknown

TIME	19.818
SIM_END		unknown	19.815s	163.186m
APPLICATION	CarMaker 12.0.1 - Car_Generic #5 (win64-12.0.1)
COMPILED	jetbrains@66e0c34c4bd1 2023-05-24 12:39:25
 
		I/O Configuration: default
SIM_START	unknown	2026-06-04 19:27:21
TIME	0.000
SIMULATE	unknown

TIME	5.066
SIM_END		unknown	5.066s	72.126m
APPLICATION	CarMaker 12.0.1 - Car_Generic #5 (win64-12.0.1)
COMPILED	jetbrains@66e0c34c4bd1 2023-05-24 12:39:25
 
		I/O Configuration: default
SIM_START	unknown	2026-06-04 19:30:06
TIME	0.000
SIMULATE	unknown

TIME	8.256
SIM_END		unknown	8.256s	72.1222m
APPLICATION	CarMaker 12.0.1 - Car_Generic #5 (win64-12.0.1)
COMPILED	jetbrains@66e0c34c4bd1 2023-05-24 12:39:25
 
		I/O Configuration: default
SIM_START	unknown	2026-06-04 19:36:51
TIME	0.000
SIMULATE	unknown

TIME	14.032
ERROR		Vehicle leaves road at about x=27.611, y=1.59513 TireNo=0
SIM_ABORT	unknown	14.035s	126.448m
APPLICATION	CarMaker 12.0.1 - Car_Generic #5 (win64-12.0.1)
COMPILED	jetbrains@66e0c34c4bd1 2023-05-24 12:39:25
 
		I/O Configuration: default
SIM_START	unknown	2026-06-04 19:40:20
TIME	0.000
SIMULATE	unknown

TIME	55.043
ERROR		Vehicle leaves road at about x=39.0614, y=-4.59094 TireNo=0
SIM_ABORT	unknown	55.046s	523.535m
APPLICATION	CarMaker 12.0.1 - Car_Generic #5 (win64-12.0.1)
COMPILED	jetbrains@66e0c34c4bd1 2023-05-24 12:39:25
 
		I/O Configuration: default
SIM_START	unknown	2026-06-04 19:50:03
TIME	0.000
SIMULATE	unknown

TIME	14.444
ERROR		Vehicle leaves road at about x=27.5505, y=1.62507 TireNo=0
SIM_ABORT	unknown	14.447s	117.149m
APPLICATION	CarMaker 12.0.1 - Car_Generic #5 (win64-12.0.1)
COMPILED	jetbrains@66e0c34c4bd1 2023-05-24 12:39:25
 
		I/O Configuration: default
SIM_START	unknown	2026-06-04 19:52:57
TIME	0.000
SIMULATE	unknown

TIME	15.020
ERROR		Vehicle leaves road at about x=-43.7181, y=21.0991 TireNo=1
SIM_ABORT	unknown	15.023s	245.59m
APPLICATION	CarMaker 12.0.1 - Car_Generic #5 (win64-12.0.1)
COMPILED	jetbrains@66e0c34c4bd1 2023-05-24 12:39:25
 
		I/O Configuration: default
SIM_START	unknown	2026-06-04 19:54:10
TIME	0.000
SIMULATE	unknown

TIME	4.853
SIM_END		unknown	4.85s	0.069562m
APPLICATION	CarMaker 12.0.1 - Car_Generic #5 (win64-12.0.1)
COMPILED	jetbrains@66e0c34c4bd1 2023-05-24 12:39:25
 
		I/O Configuration: default
SIM_START	unknown	2026-06-04 19:54:56
TIME	0.000
SIMULATE	unknown

TIME	205.529
SIM_END		unknown	205.526s	3451.33m
APPLICATION	CarMaker 12.0.1 - Car_Generic #5 (win64-12.0.1)
COMPILED	jetbrains@66e0c34c4bd1 2023-05-24 12:39:25
 
		I/O Configuration: default
SIM_START	unknown	2026-06-04 20:00:17
TIME	0.000
SIMULATE	unknown

TIME	26.630
ERROR		Vehicle leaves road at about x=25.1798, y=-8.0774 TireNo=1
SIM_ABORT	unknown	26.633s	144.912m
APPLICATION	CarMaker 12.0.1 - Car_Generic #5 (win64-12.0.1)
COMPILED	jetbrains@66e0c34c4bd1 2023-05-24 12:39:25
 
		I/O Configuration: default
SIM_START	unknown	2026-06-04 20:01:03
TIME	0.000
SIMULATE	unknown

TIME	36.975
ERROR		Vehicle leaves road at about x=25.0596, y=-8.77526 TireNo=1
SIM_ABORT	unknown	36.978s	328.964m
APPLICATION	CarMaker 12.0.1 - Car_Generic #5 (win64-12.0.1)
COMPILED	jetbrains@66e0c34c4bd1 2023-05-24 12:39:25
 
		I/O Configuration: default
SIM_START	unknown	2026-06-04 20:01:58
TIME	0.000
SIMULATE	unknown

TIME	56.175
ERROR		Vehicle leaves road at about x=39.2884, y=-4.37343 TireNo=0
SIM_ABORT	unknown	56.178s	321.51m
APPLICATION	CarMaker 12.0.1 - Car_Generic #5 (win64-12.0.1)
COMPILED	jetbrains@66e0c34c4bd1 2023-05-24 12:39:25
 
		I/O Configuration: default
SIM_START	unknown	2026-06-04 20:04:16
TIME	0.000
SIMULATE	unknown

TIME	7.179
SIM_END		unknown	7.179s	72.1124m
