APPLICATION	CarMaker 12.0.1 - Car_Generic #5 (win64-12.0.1)
COMPILED	jetbrains@66e0c34c4bd1 2023-05-24 12:39:25
 
		I/O Configuration: default
SIM_START	unknown	2026-06-12 23:46:15
TIME	0.000
SIMULATE	unknown

TIME	7.025
SIM_END		unknown	7.022s	26.7205m
APPLICATION	CarMaker 12.0.1 - Car_Generic #5 (win64-12.0.1)
COMPILED	jetbrains@66e0c34c4bd1 2023-05-24 12:39:25
 
		I/O Configuration: default
SIM_START	unknown	2026-06-12 23:46:34
TIME	0.000
SIMULATE	unknown

TIME	2.288
SIM_END		unknown	2.285s	0.0317766m
APPLICATION	CarMaker 12.0.1 - Car_Generic #5 (win64-12.0.1)
COMPILED	jetbrains@66e0c34c4bd1 2023-05-24 12:39:25
 
		I/O Configuration: default
SIM_START	unknown	2026-06-12 23:46:50
TIME	0.000
SIMULATE	unknown

TIME	64.690
SIM_END		unknown	64.687s	1033.01m
APPLICATION	CarMaker 12.0.1 - Car_Generic #5 (win64-12.0.1)
COMPILED	jetbrains@66e0c34c4bd1 2023-05-24 12:39:25
 
		I/O Configuration: default
SIM_START	unknown	2026-06-12 23:50:07
TIME	0.000
SIMULATE	unknown

TIME	60.843
SIM_END		unknown	60.84s	1019.69m
APPLICATION	CarMaker 12.0.1 - Car_Generic #5 (win64-12.0.1)
COMPILED	jetbrains@66e0c34c4bd1 2023-05-24 12:39:25
 
		I/O Configuration: default
SIM_START	unknown	2026-06-12 23:53:20
TIME	0.000
SIMULATE	unknown

TIME	33.906
ERROR		Vehicle leaves road at about x=21.7352, y=31.8836 TireNo=3
SIM_ABORT	unknown	33.909s	567.64m
APPLICATION	CarMaker 12.0.1 - Car_Generic #5 (win64-12.0.1)
COMPILED	jetbrains@66e0c34c4bd1 2023-05-24 12:39:25
 
		I/O Configuration: default
SIM_START	unknown	2026-06-12 23:54:05
TIME	0.000
SIMULATE	unknown

TIME	63.342
SIM_END		unknown	63.339s	1009.92m
APPLICATION	CarMaker 12.0.1 - Car_Generic #5 (win64-12.0.1)
COMPILED	jetbrains@66e0c34c4bd1 2023-05-24 12:39:25
 
		I/O Configuration: default
SIM_START	unknown	2026-06-12 23:58:42
TIME	0.000
SIMULATE	unknown

TIME	4.551
SIM_END		unknown	4.551s	72.1114m
