APPLICATION	CarMaker 12.0.1 - Car_Generic #5 (win64-12.0.1)
COMPILED	jetbrains@66e0c34c4bd1 2023-05-24 12:39:25
 
		I/O Configuration: default
SIM_START	unknown	2025-02-25 13:50:16
TIME	0.000
SIMULATE	unknown

TIME	20.628
SIM_END		unknown	20.625s	0.0747237m
APPLICATION	CarMaker 12.0.1 - Car_Generic #5 (win64-12.0.1)
COMPILED	jetbrains@66e0c34c4bd1 2023-05-24 12:39:25
 
		I/O Configuration: default
SIM_START	unknown	2025-02-25 13:51:13
TIME	0.000
SIMULATE	unknown

TIME	6.825
SIM_END		unknown	6.822s	0.0348588m
APPLICATION	CarMaker 12.0.1 - Car_Generic #5 (win64-12.0.1)
COMPILED	jetbrains@66e0c34c4bd1 2023-05-24 12:39:25
 
		I/O Configuration: default
SIM_START	unknown	2025-02-25 13:54:56
TIME	0.000
SIMULATE	unknown

SIM_END		unknown	0s	0m
APPLICATION	CarMaker 12.0.1 - Car_Generic #5 (win64-12.0.1)
COMPILED	jetbrains@66e0c34c4bd1 2023-05-24 12:39:25
 
		I/O Configuration: default
SIM_START	unknown	2025-02-25 13:56:20
TIME	0.000
SIMULATE	unknown

TIME	16.302
SIM_END		unknown	16.299s	27.9522m
APPLICATION	CarMaker 12.0.1 - Car_Generic #5 (win64-12.0.1)
COMPILED	jetbrains@66e0c34c4bd1 2023-05-24 12:39:25
 
		I/O Configuration: default
SIM_START	unknown	2025-02-25 13:56:50
TIME	0.000
SIMULATE	unknown

TIME	18.076
SIM_END		unknown	18.073s	0.0688321m
APPLICATION	CarMaker 12.0.1 - Car_Generic #5 (win64-12.0.1)
COMPILED	jetbrains@66e0c34c4bd1 2023-05-24 12:39:25
 
		I/O Configuration: default
SIM_START	unknown	2025-02-25 13:59:54
TIME	0.000
SIMULATE	unknown

TIME	22.235
SIM_END		unknown	22.232s	0.0771301m
