APPLICATION	CarMaker 12.0.1 - Car_Generic #5 (win64-12.0.1)
COMPILED	jetbrains@66e0c34c4bd1 2023-05-24 12:39:25
 
		I/O Configuration: default
SIM_START	unknown	2025-04-22 17:37:55
TIME	0.000
SIMULATE	unknown

TIME	51.803
SIM_END		unknown	51.8s	210.177m
APPLICATION	CarMaker 12.0.1 - Car_Generic #5 (win64-12.0.1)
COMPILED	jetbrains@66e0c34c4bd1 2023-05-24 12:39:25
 
		I/O Configuration: default
SIM_START	unknown	2025-04-22 17:41:00
TIME	0.000
SIMULATE	unknown

TIME	14.474
SIM_END		unknown	14.471s	0.158138m
APPLICATION	CarMaker 12.0.1 - Car_Generic #5 (win64-12.0.1)
COMPILED	jetbrains@66e0c34c4bd1 2023-05-24 12:39:25
 
		I/O Configuration: default
SIM_START	unknown	2025-04-22 17:44:05
TIME	0.000
SIMULATE	unknown

TIME	28.099
ERROR		Vehicle leaves road at about x=36.0382, y=-8.69266 TireNo=3
SIM_ABORT	unknown	28.102s	39.448m
APPLICATION	CarMaker 12.0.1 - Car_Generic #5 (win64-12.0.1)
COMPILED	jetbrains@66e0c34c4bd1 2023-05-24 12:39:25
 
		I/O Configuration: default
SIM_START	unknown	2025-04-22 17:45:34
TIME	0.000
SIMULATE	unknown

TIME	68.829
SIM_END		unknown	68.826s	262.134m
APPLICATION	CarMaker 12.0.1 - Car_Generic #5 (win64-12.0.1)
COMPILED	jetbrains@66e0c34c4bd1 2023-05-24 12:39:25
 
		I/O Configuration: default
SIM_START	unknown	2025-04-22 17:47:25
TIME	0.000
SIMULATE	unknown

TIME	16.272
SIM_END		unknown	16.269s	0.163702m
APPLICATION	CarMaker 12.0.1 - Car_Generic #5 (win64-12.0.1)
COMPILED	jetbrains@66e0c34c4bd1 2023-05-24 12:39:25
 
		I/O Configuration: default
SIM_START	unknown	2025-04-22 17:47:54
TIME	0.000
SIMULATE	unknown

TIME	34.357
SIM_END		unknown	34.354s	261.459m
APPLICATION	CarMaker 12.0.1 - Car_Generic #5 (win64-12.0.1)
COMPILED	jetbrains@66e0c34c4bd1 2023-05-24 12:39:25
 
		I/O Configuration: default
SIM_START	unknown	2025-04-22 17:51:01
TIME	0.000
SIMULATE	unknown

TIME	32.090
ERROR		Vehicle leaves road at about x=31.6496, y=-4.55824 TireNo=3
SIM_ABORT	unknown	32.093s	239.344m
APPLICATION	CarMaker 12.0.1 - Car_Generic #5 (win64-12.0.1)
COMPILED	jetbrains@66e0c34c4bd1 2023-05-24 12:39:25
 
		I/O Configuration: default
SIM_START	unknown	2025-04-22 17:52:41
TIME	0.000
SIMULATE	unknown

TIME	14.257
ERROR		Vehicle leaves road at about x=39.3832, y=-17.7271 TireNo=0
SIM_ABORT	unknown	14.26s	48.9978m
APPLICATION	CarMaker 12.0.1 - Car_Generic #5 (win64-12.0.1)
COMPILED	jetbrains@66e0c34c4bd1 2023-05-24 12:39:25
 
		I/O Configuration: default
SIM_START	unknown	2025-04-22 17:53:09
TIME	0.000
SIMULATE	unknown

TIME	35.941
SIM_END		unknown	35.938s	265.446m
APPLICATION	CarMaker 12.0.1 - Car_Generic #5 (win64-12.0.1)
COMPILED	jetbrains@66e0c34c4bd1 2023-05-24 12:39:25
 
		I/O Configuration: default
SIM_START	unknown	2025-04-22 18:00:23
TIME	0.000
SIMULATE	unknown

TIME	32.558
SIM_END		unknown	32.555s	276.826m
APPLICATION	CarMaker 12.0.1 - Car_Generic #5 (win64-12.0.1)
COMPILED	jetbrains@66e0c34c4bd1 2023-05-24 12:39:25
 
		I/O Configuration: default
SIM_START	unknown	2025-04-22 18:02:29
TIME	0.000
SIMULATE	unknown

TIME	8.629
ERROR		Vehicle leaves road at about x=36.5191, y=-20.47 TireNo=2
SIM_ABORT	unknown	8.632s	52.1579m
APPLICATION	CarMaker 12.0.1 - Car_Generic #5 (win64-12.0.1)
COMPILED	jetbrains@66e0c34c4bd1 2023-05-24 12:39:25
 
		I/O Configuration: default
SIM_START	unknown	2025-04-22 18:02:53
TIME	0.000
SIMULATE	unknown

TIME	23.905
ERROR		Vehicle leaves road at about x=27.1705, y=1.63787 TireNo=0
SIM_ABORT	unknown	23.908s	192.098m
APPLICATION	CarMaker 12.0.1 - Car_Generic #5 (win64-12.0.1)
COMPILED	jetbrains@66e0c34c4bd1 2023-05-24 12:39:25
 
		I/O Configuration: default
SIM_START	unknown	2025-04-22 18:03:39
TIME	0.000
SIMULATE	unknown

TIME	8.416
ERROR		Vehicle leaves road at about x=40.2642, y=-16.3412 TireNo=2
SIM_ABORT	unknown	8.419s	49.1843m
APPLICATION	CarMaker 12.0.1 - Car_Generic #5 (win64-12.0.1)
COMPILED	jetbrains@66e0c34c4bd1 2023-05-24 12:39:25
 
		I/O Configuration: default
SIM_START	unknown	2025-04-22 18:04:08
TIME	0.000
SIMULATE	unknown

TIME	16.795
ERROR		Vehicle leaves road at about x=32.7399, y=-4.96516 TireNo=1
SIM_ABORT	unknown	16.798s	148.234m
