APPLICATION	CarMaker 12.0.1 - Car_Generic #5 (win64-12.0.1)
COMPILED	jetbrains@66e0c34c4bd1 2023-05-24 12:39:25
 
		I/O Configuration: default
SIM_START	unknown	2025-04-20 16:54:18
TIME	0.000
SIMULATE	unknown

TIME	39.329
SIM_END		unknown	39.326s	273.434m
APPLICATION	CarMaker 12.0.1 - Car_Generic #5 (win64-12.0.1)
COMPILED	jetbrains@66e0c34c4bd1 2023-05-24 12:39:25
 
		I/O Configuration: default
SIM_START	unknown	2025-04-20 16:55:25
TIME	0.000
SIMULATE	unknown

TIME	14.714
SIM_END		unknown	14.711s	94.5832m
APPLICATION	CarMaker 12.0.1 - Car_Generic #5 (win64-12.0.1)
COMPILED	jetbrains@66e0c34c4bd1 2023-05-24 12:39:25
 
		I/O Configuration: default
SIM_START	unknown	2025-04-20 16:57:53
TIME	0.000
SIMULATE	unknown

TIME	31.586
SIM_END		unknown	31.583s	265.105m
APPLICATION	CarMaker 12.0.1 - Car_Generic #5 (win64-12.0.1)
COMPILED	jetbrains@66e0c34c4bd1 2023-05-24 12:39:25
 
		I/O Configuration: default
SIM_START	unknown	2025-04-20 16:59:37
TIME	0.000
SIMULATE	unknown

TIME	38.238
SIM_END		unknown	38.235s	268.976m
APPLICATION	CarMaker 12.0.1 - Car_Generic #5 (win64-12.0.1)
COMPILED	jetbrains@66e0c34c4bd1 2023-05-24 12:39:25
 
		I/O Configuration: default
SIM_START	unknown	2025-04-20 17:01:09
TIME	0.000
SIMULATE	unknown

TIME	28.773
SIM_END		unknown	28.77s	84.2129m
APPLICATION	CarMaker 12.0.1 - Car_Generic #5 (win64-12.0.1)
COMPILED	jetbrains@66e0c34c4bd1 2023-05-24 12:39:25
 
		I/O Configuration: default
SIM_START	unknown	2025-04-20 17:01:50
TIME	0.000
SIMULATE	unknown

TIME	43.783
SIM_END		unknown	43.78s	266.714m
