APPLICATION	CarMaker 12.0.1 - Car_Generic #5 (win64-12.0.1)
COMPILED	jetbrains@66e0c34c4bd1 2023-05-24 12:39:25
 
		I/O Configuration: default
SIM_START	unknown	2026-08-03 12:22:14
TIME	0.000
SIMULATE	unknown

TIME	51.062
SIM_END		unknown	51.059s	0.266562m
APPLICATION	CarMaker 12.0.1 - Car_Generic #5 (win64-12.0.1)
COMPILED	jetbrains@66e0c34c4bd1 2023-05-24 12:39:25
 
		I/O Configuration: default
SIM_START	unknown	2026-08-03 12:23:33
TIME	0.000
SIMULATE	unknown

TIME	3.564
SIM_END		unknown	3.561s	0.0500335m
APPLICATION	CarMaker 12.0.1 - Car_Generic #5 (win64-12.0.1)
COMPILED	jetbrains@66e0c34c4bd1 2023-05-24 12:39:25
 
		I/O Configuration: default
SIM_START	unknown	2026-08-03 12:23:50
TIME	0.000
SIMULATE	unknown

TIME	7.692
SIM_END		unknown	7.689s	0.0971539m
APPLICATION	CarMaker 12.0.1 - Car_Generic #5 (win64-12.0.1)
COMPILED	jetbrains@66e0c34c4bd1 2023-05-24 12:39:25
 
		I/O Configuration: default
SIM_START	unknown	2026-08-03 12:25:16
TIME	0.000
SIMULATE	unknown

TIME	135.011
SIM_END		unknown	135.008s	0.282716m
APPLICATION	CarMaker 12.0.1 - Car_Generic #5 (win64-12.0.1)
COMPILED	jetbrains@66e0c34c4bd1 2023-05-24 12:39:25
 
		I/O Configuration: default
SIM_START	unknown	2026-08-03 12:27:53
TIME	0.000
SIMULATE	unknown

TIME	107.413
SIM_END		unknown	107.41s	0.28219m
APPLICATION	CarMaker 12.0.1 - Car_Generic #5 (win64-12.0.1)
COMPILED	jetbrains@66e0c34c4bd1 2023-05-24 12:39:25
 
		I/O Configuration: default
SIM_START	unknown	2026-08-03 12:28:58
TIME	0.001
ERROR		IPGDriver: Race driver needs knowledge!  (id=400)
ERROR		CM_Main.c: Initialization failed (CM_Main_Begin()=-3)
SIM_ABORT	unknown	0s	0m
APPLICATION	CarMaker 12.0.1 - Car_Generic #5 (win64-12.0.1)
COMPILED	jetbrains@66e0c34c4bd1 2023-05-24 12:39:25
 
		I/O Configuration: default
SIM_START	unknown	2026-08-03 12:29:28
TIME	0.000
SIMULATE	unknown

TIME	109.808
SIM_END		unknown	109.805s	0.282274m
