APPLICATION	CarMaker 12.0.1 - Car_Generic #3 (win64-12.0.1)
COMPILED	jetbrains@66e0c34c4bd1 2023-05-24 12:39:09
 
		I/O Configuration: default
FIRST_INIT	(internal default used)	2026-08-18 14:56:08
TIME	0.000
SIM_END			0s	0m
IDLE	14:56:08
SIM_START	ModelCheck	2026-08-18 14:56:11
TIME	0.219
ERROR		No road specified
TIME	0.003
SIM_ABORT	ModelCheck	0s	0m
TIME	35.535
SIM_START	unknown	2026-08-18 15:02:06
TIME	0.003
ERROR		PowerTrain.Control: Unknown kind 'CM4SL', version 1
SIM_ABORT	unknown	0s	0m
SIM_START	unknown	2026-08-18 15:02:18
TIME	0.001
ERROR		PowerTrain.Control: Unknown kind 'CM4SL', version 1
SIM_ABORT	unknown	0s	0m
TIME	4.633
SIM_START	unknown	2026-08-18 15:03:04
TIME	0.003
ERROR		PowerTrain.Control: Unknown kind 'CM4SL', version 1
SIM_ABORT	unknown	0s	0m
TIME	3.963
SIM_START	unknown	2026-08-18 15:03:44
TIME	0.001
ERROR		PowerTrain.Control: Unknown kind 'CM4SL', version 1
SIM_ABORT	unknown	0s	0m
TIME	39.626
SHUTDOWN	CarMaker quick shutdown initiated

