APPLICATION	CarMaker 12.0.1 - Car_Generic #5 (win64-12.0.1)
COMPILED	jetbrains@66e0c34c4bd1 2023-05-24 12:39:25
 
		I/O Configuration: default
SIM_START	HIL/XCP_Bringup	2026-08-14 14:17:47
TIME	0.001
WARNING		XCP: Failed to map ASAP2 variable ModuleName.RTE_Param_Service.hil_cmd_xcp_pedals_brake to quantity VehicleControl.Brake
WARNING		XCP: Failed to map ASAP2 variable ModuleName.RTE_Param_Service.hil_cmd_xcp_pedals_throttle to quantity VehicleControl.Gas
		XCP: ECU #0 - Detected Processor info mismatch:
	> Overload Indication
(Master: OVERLOAD_INDICATION_PID Slave: OVERLOAD_INDICATION_EVENT)
	> TimeStamp Support
(Master: 0 Slave: 1)
		XCP: ECU #0 - Detected Resolution info mismatch:
	> TimeStamp Fixed
(Master: 0 Slave: 1)
	> TimeStamp Size
(Master: NO_TIME_STAMP Slave: SIZE_DWORD)
WARNING		XCP: Difference in DAQ programming setup between Master and Slave detected
TIME	0.000
SIMULATE	HIL/XCP_Bringup

TIME	25.096
		DVA read: Unknown quantity 'VehicleControl.Gas'
		DVA read: Unknown quantity 'VehicleControl.Brake'
		DVA read: Unknown quantity 'Nonsense.Totally.Fake'
		DVA read: Unknown quantity 'VehicleControl.Gas'
		DVA read: Unknown quantity 'VehicleControl.Brake'
TIME	120.002
SIM_END		HIL/XCP_Bringup	120.002s	0.293739m
