APPLICATION	CarMaker 12.0.1 - Car_Generic #3 (win64-12.0.1)
COMPILED	jetbrains@66e0c34c4bd1 2023-05-24 12:39:09
 
		I/O Configuration: default
FIRST_INIT	(internal default used)	2025-09-09 14:08:23
TIME	0.000
SIM_END			0s	0m
IDLE	14:08:23
SIM_START	Competition/FS_Autocross	2025-09-09 14:08:35
TIME	0.008
ERROR		PowerTrain.Control Generic: supports only Generic powertrain
SIM_ABORT	Competition/FS_Autocross	0s	0m
SIM_START	Competition/FS_Autocross	2025-09-09 14:08:43
TIME	0.001
ERROR		PowerTrain.Control: Unknown kind 'CM4SL', version 1
SIM_ABORT	Competition/FS_Autocross	0s	0m
SIM_START	Competition/FS_Autocross	2025-09-09 14:09:00
TIME	0.007
ERROR		PowerTrain.Control: Unknown kind 'CM4SL', version 1
SIM_ABORT	Competition/FS_Autocross	0s	0m
SIM_START	Competition/FS_Autocross	2025-09-09 14:09:18
TIME	0.001
ERROR		Testrun file doesn't exist, file '.tmp_Shop_Computer_Sim_MFE-HPC.1'
SIM_ABORT	Competition/FS_Autocross	0s	0m
SIM_START	Competition/FS_Autocross	2025-09-09 14:09:21
TIME	0.001
ERROR		PowerTrain.Control: Unknown kind 'CM4SL', version 1
SIM_ABORT	Competition/FS_Autocross	0s	0m
TIME	205.719
SHUTDOWN	CarMaker quick shutdown initiated

