APPLICATION	CarMaker 12.0.1 - Car_Generic #5 (win64-12.0.1)
COMPILED	jetbrains@66e0c34c4bd1 2023-05-24 12:39:25
 
		I/O Configuration: default
SIM_START	unknown	2026-04-17 21:04:44
TIME	0.000
SIMULATE	unknown

TIME	85.858
SIM_END		unknown	85.855s	359.143m
APPLICATION	CarMaker 12.0.1 - Car_Generic #5 (win64-12.0.1)
COMPILED	jetbrains@66e0c34c4bd1 2023-05-24 12:39:25
 
		I/O Configuration: default
SIM_START	unknown	2026-04-17 21:08:14
TIME	0.000
SIMULATE	unknown

TIME	40.066
SIM_END		unknown	40.063s	245.939m
APPLICATION	CarMaker 12.0.1 - Car_Generic #5 (win64-12.0.1)
COMPILED	jetbrains@66e0c34c4bd1 2023-05-24 12:39:25
 
		I/O Configuration: default
SIM_START	unknown	2026-04-17 21:11:39
TIME	0.000
SIMULATE	unknown

TIME	10.118
SIM_END		unknown	10.118s	122.115m
APPLICATION	CarMaker 12.0.1 - Car_Generic #5 (win64-12.0.1)
COMPILED	jetbrains@66e0c34c4bd1 2023-05-24 12:39:25
 
		I/O Configuration: default
SIM_START	unknown	2026-04-17 21:12:04
TIME	0.000
SIMULATE	unknown

TIME	41.629
WARNING		IPGDriver: Problems for driver: I'm stopping my activities (time = 41.629000, ErrInd = 102). (id=200)
TIME	81.059
SIM_END		unknown	81.056s	511.431m
APPLICATION	CarMaker 12.0.1 - Car_Generic #5 (win64-12.0.1)
COMPILED	jetbrains@66e0c34c4bd1 2023-05-24 12:39:25
 
		I/O Configuration: default
SIM_START	unknown	2026-04-17 21:17:29
TIME	0.000
SIMULATE	unknown

TIME	41.038
ERROR		Vehicle leaves road at about x=73.5055, y=-17.1192 TireNo=3
SIM_ABORT	unknown	41.041s	255.823m
APPLICATION	CarMaker 12.0.1 - Car_Generic #5 (win64-12.0.1)
COMPILED	jetbrains@66e0c34c4bd1 2023-05-24 12:39:25
 
		I/O Configuration: default
SIM_START	unknown	2026-04-17 21:18:33
TIME	0.000
SIMULATE	unknown

TIME	38.229
SIM_END		unknown	38.229s	363.45m
APPLICATION	CarMaker 12.0.1 - Car_Generic #5 (win64-12.0.1)
COMPILED	jetbrains@66e0c34c4bd1 2023-05-24 12:39:25
 
		I/O Configuration: default
SIM_START	unknown	2026-04-17 21:19:24
TIME	0.000
SIMULATE	unknown

TIME	48.132
ERROR		Vehicle leaves road at about x=38.8225, y=-14.3579 TireNo=0
SIM_ABORT	unknown	48.135s	447.822m
APPLICATION	CarMaker 12.0.1 - Car_Generic #5 (win64-12.0.1)
COMPILED	jetbrains@66e0c34c4bd1 2023-05-24 12:39:25
 
		I/O Configuration: default
SIM_START	unknown	2026-04-17 21:20:28
TIME	0.000
SIMULATE	unknown

TIME	11.729
ERROR		Vehicle leaves road at about x=20.8668, y=1.01144 TireNo=0
SIM_ABORT	unknown	11.732s	19.184m
APPLICATION	CarMaker 12.0.1 - Car_Generic #5 (win64-12.0.1)
COMPILED	jetbrains@66e0c34c4bd1 2023-05-24 12:39:25
 
		I/O Configuration: default
SIM_START	unknown	2026-04-17 21:21:01
TIME	0.000
SIMULATE	unknown

TIME	167.714
ERROR		Vehicle leaves road at about x=36.6759, y=13.8956 TireNo=1
SIM_ABORT	unknown	167.717s	1541.14m
APPLICATION	CarMaker 12.0.1 - Car_Generic #5 (win64-12.0.1)
COMPILED	jetbrains@66e0c34c4bd1 2023-05-24 12:39:25
 
		I/O Configuration: default
SIM_START	unknown	2026-04-17 21:24:14
TIME	0.000
SIMULATE	unknown

TIME	37.571
ERROR		Vehicle leaves road at about x=39.5474, y=9.99559 TireNo=1
SIM_ABORT	unknown	37.574s	44.4354m
APPLICATION	CarMaker 12.0.1 - Car_Generic #5 (win64-12.0.1)
COMPILED	jetbrains@66e0c34c4bd1 2023-05-24 12:39:25
 
		I/O Configuration: default
SIM_START	unknown	2026-04-17 21:25:10
TIME	0.000
SIMULATE	unknown

TIME	147.867
ERROR		Vehicle leaves road at about x=25.0414, y=-9.04193 TireNo=0
SIM_ABORT	unknown	147.87s	1390.75m
APPLICATION	CarMaker 12.0.1 - Car_Generic #5 (win64-12.0.1)
COMPILED	jetbrains@66e0c34c4bd1 2023-05-24 12:39:25
 
		I/O Configuration: default
SIM_START	unknown	2026-04-17 21:27:54
TIME	0.000
SIMULATE	unknown

TIME	36.736
ERROR		Vehicle leaves road at about x=25.1499, y=-8.20273 TireNo=1
SIM_ABORT	unknown	36.739s	286.728m
